BL51 BANKED LINKER/LOCATER V6.05                                                        09/23/2016  17:07:17  PAGE 1


BL51 BANKED LINKER/LOCATER V6.05, INVOKED BY:
C:\KEIL\C51\BIN\BL51.EXE OBUMAIN.obj, C_Issue.obj, CardAPP.obj, CC1101.obj, Contact.obj, DSRC.obj, flash.obj, GSM.obj, H
>> DLC.obj, LIB.obj, MFCard.obj, NContact.obj, ProCard.obj, SERIAL.obj, TEST.obj, TFT_LCD.obj TO 01 RAMSIZE (256)


INPUT MODULES INCLUDED:
  OBUMAIN.obj (OBUMAIN)
  C_Issue.obj (CONTACTISSUE)
  CardAPP.obj (CARDAPP)
  CC1101.obj (CC1101)
  Contact.obj (CONTACT)
  DSRC.obj (DSRC)
  flash.obj (FLASH)
  GSM.obj (GSM)
  HDLC.obj (HDLC)
  LIB.obj (LIB)
  MFCard.obj (MFCARD)
  NContact.obj (NCONTACT)
  ProCard.obj (PROCARD)
  SERIAL.obj (SERIAL)
  TEST.obj (TEST)
  TFT_LCD.obj (LCD_SPACE)


LINK MAP OF MODULE:  01 (OBUMAIN)


            TYPE    BASE      LENGTH    RELOCATION   SEGMENT NAME
            -----------------------------------------------------

            * * * * * * *   D A T A   M E M O R Y   * * * * * * *
            REG     0000H     0008H     ABSOLUTE     "REG BANK 0"
            DATA    0008H     0018H     UNIT         ?DT?OBUMAIN?DATAVARD
            DATA    0020H     0006H     BIT_ADDR     ?BA?OBUMAIN?BITD
            DATA    0026H     005AH     UNIT         ?DT?OBUMAIN?DATAD
            IDATA   0080H     0080H     UNIT         ?IDT?OBUMAIN?IDATAD

            * * * * * * *  X D A T A   M E M O R Y  * * * * * * *
            XDATA   0000H     0100H     UNIT         ?XDT?OBUMAIN?XDATAD

            * * * * * * *   C O D E   M E M O R Y   * * * * * * *
            CODE    0000H     0003H     ABSOLUTE     
            CODE    0003H     0003H     ABSOLUTE     
            CODE    0006H     0001H     UNIT         ?CO?CC1101?FLASHSTR
                    0007H     0004H                  *** GAP ***
            CODE    000BH     0003H     ABSOLUTE     
                    000EH     0005H                  *** GAP ***
            CODE    0013H     0003H     ABSOLUTE     
                    0016H     0005H                  *** GAP ***
            CODE    001BH     0003H     ABSOLUTE     
            CODE    001EH     0011H     UNIT         ?CO?DSRC?COMMLIB
            CODE    002FH     0005H     ABSOLUTE     
            CODE    0034H     2640H     UNIT         ?CO?LCD?FONTLIB
            CODE    2674H     1463H     UNIT         ?PR?OBUMAIN?MATER
            CODE    3AD7H     0CF2H     UNIT         ?PR?HDLC?MATER
            CODE    47C9H     0894H     UNIT         ?PR?CARDAPP?MATER
            CODE    505DH     07E9H     UNIT         ?PR?DSRC?MATER
            CODE    5846H     05CDH     UNIT         ?PR?LIB?MATER
BL51 BANKED LINKER/LOCATER V6.05                                                      09/23/2016  17:07:17  PAGE 2


            CODE    5E13H     05ABH     UNIT         ?PR?SERIAL?MATER
            CODE    63BEH     0446H     UNIT         ?PR?LCD?MATER
            CODE    6804H     037AH     UNIT         ?PR?CONTACT?MATER
            CODE    6B7EH     02BEH     UNIT         ?PR?NCONTACT?MATER
            CODE    6E3CH     0234H     UNIT         ?PR?PROCARD?MATER
            CODE    7070H     021DH     UNIT         ?PR?CONTACTISSUE?MATER
            CODE    728DH     01EAH     UNIT         ?PR?OBUMAIN?TF0_TIMER_1
            CODE    7477H     0186H     UNIT         ?PR?GSM?MATER
            CODE    75FDH     0108H     UNIT         FLASH
            CODE    7705H     00CEH     UNIT         ?CO?GSM?FLASHSTR
            CODE    77D3H     0082H     UNIT         ?CO?CARDAPP?FLASHSTR
            CODE    7855H     0059H     UNIT         ?CO?HDLC?FLASHSTR
            CODE    78AEH     0052H     UNIT         ?PR?TEST?MATER2
            CODE    7900H     0034H     UNIT         ?CO?OBUMAIN?STR
            CODE    7934H     0029H     UNIT         ?PR?MFCARD?MATER
            CODE    795DH     0015H     UNIT         ?PR?CC1101?MATER
            CODE    7972H     0006H     UNIT         ?PR?TEST?MATER



SYMBOL TABLE OF MODULE:  01 (OBUMAIN)

  VALUE           TYPE          NAME
  ----------------------------------

  -------         MODULE        OBUMAIN
  C:728DH         SEGMENT       ?PR?OBUMAIN?TF0_TIMER_1
  C:2674H         SEGMENT       ?PR?OBUMAIN?MATER
  D:0008H         SEGMENT       ?DT?OBUMAIN?DATAVARD
  D:0020H         SEGMENT       ?BA?OBUMAIN?BITD
  D:0026H         SEGMENT       ?DT?OBUMAIN?DATAD
  I:0080H         SEGMENT       ?IDT?OBUMAIN?IDATAD
  X:0000H         SEGMENT       ?XDT?OBUMAIN?XDATAD
  C:7900H         SEGMENT       ?CO?OBUMAIN?STR
  C:2674H         PUBLIC        AP_START
  B:0025H.2       PUBLIC        BIT_5823RX_FLAG
  B:0020H.0       PUBLIC        BIT_9600
  B:0022H.7       PUBLIC        BIT_ACCESS
  B:0024H.2       PUBLIC        BIT_BJ1219
  B:0023H.4       PUBLIC        BIT_BST
  B:0020H.7       PUBLIC        BIT_BUFADDR
  B:0024H.6       PUBLIC        BIT_CD
  B:0021H.7       PUBLIC        BIT_CHANNELFLAG
  B:0023H.3       PUBLIC        BIT_CONTACTISSUE
  B:0022H.0       PUBLIC        BIT_ERR_FLAG
  B:0022H.3       PUBLIC        BIT_ESAMERR
  B:0021H.5       PUBLIC        BIT_ESAMICC
  B:0024H.4       PUBLIC        BIT_ESAMOK
  B:0020H.2       PUBLIC        BIT_FIRSTTX
  B:0023H.0       PUBLIC        BIT_GBICCINFO
  B:0022H.2       PUBLIC        BIT_GETRESULT
  B:0020H.4       PUBLIC        BIT_HARDFLAG
  B:0021H.2       PUBLIC        BIT_INSERTCARD
  B:0025H.4       PUBLIC        BIT_INSERTCARDVST
  B:0023H.6       PUBLIC        BIT_ISCONTACT
  B:0021H.1       PUBLIC        BIT_ISFRX
  B:0022H.6       PUBLIC        BIT_KEY
BL51 BANKED LINKER/LOCATER V6.05                                                      09/23/2016  17:07:17  PAGE 3


  B:0021H.3       PUBLIC        BIT_N
  B:0025H.7       PUBLIC        BIT_PPS
  B:0024H.7       PUBLIC        BIT_PRIVATEINFO
  B:0023H.7       PUBLIC        BIT_PROF
  B:0022H.1       PUBLIC        BIT_PROMF
  B:0023H.2       PUBLIC        BIT_RSTYPE
  B:0023H.1       PUBLIC        BIT_RXSERIALBAUD
  B:0021H.4       PUBLIC        BIT_SERFIRBYTE
  B:0020H.6       PUBLIC        BIT_SERIALOVERTIMERX
  B:0022H.5       PUBLIC        BIT_SETMMI
  B:0020H.1       PUBLIC        BIT_T0T1
  B:0020H.1       PUBLIC        BIT_TMP
  B:0020H.5       PUBLIC        BIT_VERIFY
  N:0080H         PUBLIC        CONST_LEN_RXBUF
  N:0080H         PUBLIC        CONST_LEN_TXBUF
  D:0017H         PUBLIC        DATA_CARDNO
  D:001CH         PUBLIC        DATA_CMDTYPE
  D:0010H         PUBLIC        DATA_DATAP
  D:000FH         PUBLIC        DATA_DSRCRXLEN
  D:000EH         PUBLIC        DATA_DSRCTXLEN
  D:0016H         PUBLIC        DATA_IRQEN
  D:001DH         PUBLIC        DATA_MFCOM
  D:0012H         PUBLIC        DATA_OBUID
  D:001FH         PUBLIC        DATA_POWERONTIMER
  D:0026H         PUBLIC        DATA_RXBUF
  D:0009H         PUBLIC        DATA_VARBAUDFULL
  D:0008H         PUBLIC        DATA_VARBAUDHALF
  D:0011H         PUBLIC        DATA_XDATAP
  D:000AH         PUBLIC        MONEY
  C:2779H         PUBLIC        OBUMAIN_MASTER_MEMORYCLR
  C:732FH         PUBLIC        SLEEP
  C:275AH         PUBLIC        START_USER
  C:002FH         PUBLIC        STR_SYS_OBUID
  X:009FH         PUBLIC        XDATA_433RXNUM
  X:009EH         PUBLIC        XDATA_54
  X:0082H         PUBLIC        XDATA_BEACONID
  X:008DH         PUBLIC        XDATA_FIX
  X:0090H         PUBLIC        XDATA_HIGHBAUD
  X:00ACH         PUBLIC        XDATA_HOLD
  X:008FH         PUBLIC        XDATA_ISSUECMD
  X:008EH         PUBLIC        XDATA_ISSUERSCTL
  X:008AH         PUBLIC        XDATA_NUM
  X:0093H         PUBLIC        XDATA_POWER
  X:0092H         PUBLIC        XDATA_RAND
  X:009AH         PUBLIC        XDATA_RTCMODE
  X:0099H         PUBLIC        XDATA_RTCTIME
  X:008BH         PUBLIC        XDATA_SOFTFIRSTSCANTIME
  X:008CH         PUBLIC        XDATA_SOFTSERIALP
  X:00FFH         PUBLIC        XDATA_TFTINIT_FLAG
  X:009BH         PUBLIC        XDATA_TOTALNUMH
  X:009CH         PUBLIC        XDATA_TOTALNUML
  X:0000H         PUBLIC        XDATA_TXBUF
  X:0086H         PUBLIC        XDATA_UNIXTIME
  C:3158H         PUBLIC        _FUN_OBUMAIN_BASEINIT
  C:30BBH         PUBLIC        _FUN_OBUMAIN_INITSYS
  C:73CAH         PUBLIC        _FUN_OBUMAIN_SYSUNSLEEP
  D:00E0H         SYMBOL        ACC
BL51 BANKED LINKER/LOCATER V6.05                                                      09/23/2016  17:07:17  PAGE 4


  C:269CH         SYMBOL        AP_START_1
  D:00F0H         SYMBOL        B
  D:0020H         SYMBOL        BITDBUF01
  D:0021H         SYMBOL        BITDBUF02
  D:0022H         SYMBOL        BITDBUF03
  D:0023H         SYMBOL        BITDBUF04
  D:0024H         SYMBOL        BITDBUF05
  D:0025H         SYMBOL        BITDBUF06
  B:0024H.5       SYMBOL        BIT_ACTIVECARD
  B:0024H.3       SYMBOL        BIT_BJPRE
  B:0020H.3       SYMBOL        BIT_CDJH
  B:0024H.0       SYMBOL        BIT_CD_SW
  B:0022H.4       SYMBOL        BIT_ESAM
  B:0025H.5       SYMBOL        BIT_ESAMTRAN
  B:0023H.5       SYMBOL        BIT_GETSECURE
  B:0025H.1       SYMBOL        BIT_INITCARD
  B:0024H.1       SYMBOL        BIT_INSERTER
  B:0021H.0       SYMBOL        BIT_ISRXNB
  B:0025H.6       SYMBOL        BIT_MMITIRMSTART
  B:0025H.3       SYMBOL        BIT_SEL1001
  B:0025H.0       SYMBOL        BIT_USEROK
  N:009CH         SYMBOL        BRT
  B:0020H.0       SYMBOL        BUSY
  C:36EBH         SYMBOL        CARDACTIVE_CASHCARD_COPYMONEY
  C:3883H         SYMBOL        CARDACTIVE_CASHCARD_COPYMONEY02
  C:393FH         SYMBOL        CC1101_SPIOSINGLESOFT02_S
  C:3946H         SYMBOL        CC1101_SPIOSINGLESOFT02_WRITEADDRLOOP
  C:3956H         SYMBOL        CC1101_SPIOSINGLESOFT02_WRITEDAOVLOOP
  N:00FAH         SYMBOL        CCAP0H
  N:00EAH         SYMBOL        CCAP0L
  N:00FBH         SYMBOL        CCAP1H
  N:00EBH         SYMBOL        CCAP1L
  N:00FCH         SYMBOL        CCAP2H
  N:00ECH         SYMBOL        CCAP2L
  N:00FDH         SYMBOL        CCAP3H
  N:00EDH         SYMBOL        CCAP3L
  N:00FEH         SYMBOL        CCAP4H
  N:00EEH         SYMBOL        CCAP4L
  N:00FFH         SYMBOL        CCAP5H
  N:00EFH         SYMBOL        CCAP5L
  N:00DAH         SYMBOL        CCAPM0
  N:00DBH         SYMBOL        CCAPM1
  N:00DCH         SYMBOL        CCAPM2
  N:00DDH         SYMBOL        CCAPM3
  N:00DEH         SYMBOL        CCAPM4
  N:00DFH         SYMBOL        CCAPM5
  B:00D8H.0       SYMBOL        CCF0
  B:00D8H.1       SYMBOL        CCF1
  B:00D8H.2       SYMBOL        CCF2
  B:00D8H.3       SYMBOL        CCF3
  B:00D8H.4       SYMBOL        CCF4
  B:00D8H.5       SYMBOL        CCF5
  N:00D8H         SYMBOL        CCON
  B:00D8H.7       SYMBOL        CF
  N:00F9H         SYMBOL        CH
  N:00E9H         SYMBOL        CL
  N:00D9H         SYMBOL        CMOD
BL51 BANKED LINKER/LOCATER V6.05                                                      09/23/2016  17:07:17  PAGE 5


  N:0002H         SYMBOL        CONST_ACTIONTYPE_GETRAND
  N:0000H         SYMBOL        CONST_ACTIONTYPE_GETSECURE
  N:0004H         SYMBOL        CONST_ACTIONTYPE_SETMMI
  N:0001H         SYMBOL        CONST_ACTIONTYPE_SETSECURE
  N:0003H         SYMBOL        CONST_ACTIONTYPE_TRANSFERCHANNEL
  N:0003H         SYMBOL        CONST_ACT_H
  N:0001H         SYMBOL        CONST_ACT_H_H
  N:0000H         SYMBOL        CONST_ACT_H_L
  N:0001H         SYMBOL        CONST_ACT_L
  N:0006H         SYMBOL        CONST_ACT_L_H
  N:000AH         SYMBOL        CONST_ACT_L_L
  N:0002H         SYMBOL        CONST_ACT_M
  N:0000H         SYMBOL        CONST_ACT_M_H
  N:0006H         SYMBOL        CONST_ACT_M_L
  N:0002H         SYMBOL        CONST_ACT_V
  N:0002H         SYMBOL        CONST_BAUD_115200
  N:0003H         SYMBOL        CONST_BAUD_115200PC
  N:0004H         SYMBOL        CONST_BAUD_230000
  N:0001H         SYMBOL        CONST_BAUD_38400
  N:0005H         SYMBOL        CONST_BAUD_38400PC
  N:0000H         SYMBOL        CONST_BAUD_9600
  N:0006H         SYMBOL        CONST_BAUD_9600PC
  N:000CH         SYMBOL        CONST_BAUD_BITFULL12
  N:000EH         SYMBOL        CONST_BAUD_BITFULL20
  N:0010H         SYMBOL        CONST_BAUD_BITFULL28
  N:000BH         SYMBOL        CONST_BAUD_BITFULL8
  N:000CH         SYMBOL        CONST_BAUD_BITHALF12
  N:00B3H         SYMBOL        CONST_BAUD_CURRENTBITFULL
  N:0058H         SYMBOL        CONST_BAUD_CURRENTBITHALF
  N:001DH         SYMBOL        CONST_BAUD_FULL115200
  N:000FH         SYMBOL        CONST_BAUD_FULL230000
  N:005DH         SYMBOL        CONST_BAUD_FULL38400
  N:00B3H         SYMBOL        CONST_BAUD_FULL9600
  N:000DH         SYMBOL        CONST_BAUD_HALF115200
  N:0008H         SYMBOL        CONST_BAUD_HALF230000
  N:002DH         SYMBOL        CONST_BAUD_HALF38400
  N:0058H         SYMBOL        CONST_BAUD_HALF9600
  N:00F8H         SYMBOL        CONST_BAUD_HAND115200
  N:00F3H         SYMBOL        CONST_BAUD_HAND115200PC
  N:00FCH         SYMBOL        CONST_BAUD_HAND230000
  N:00E9H         SYMBOL        CONST_BAUD_HAND38400
  N:00D8H         SYMBOL        CONST_BAUD_HAND38400PC
  N:00A3H         SYMBOL        CONST_BAUD_HAND9600
  N:0060H         SYMBOL        CONST_BAUD_HAND9600PC
  N:00FFH         SYMBOL        CONST_BLACK_H
  N:00FFH         SYMBOL        CONST_BLACK_L
  N:0014H         SYMBOL        CONST_BLUETOOTH_WORKTIME
  N:0020H         SYMBOL        CONST_BSTLIMIT
  N:0064H         SYMBOL        CONST_BSTLIMIT02
  N:0016H         SYMBOL        CONST_CARD_CONSUME
  N:0017H         SYMBOL        CONST_CARD_PASS
  N:0000H         SYMBOL        CONST_CELLFILE_H
  N:0009H         SYMBOL        CONST_CELLFILE_L
  N:0001H         SYMBOL        CONST_DPH_NORMAL
  N:0001H         SYMBOL        CONST_DPH_ONE
  N:0003H         SYMBOL        CONST_DPH_SERX
  N:0000H         SYMBOL        CONST_DPH_SETX
BL51 BANKED LINKER/LOCATER V6.05                                                      09/23/2016  17:07:17  PAGE 6


  N:0003H         SYMBOL        CONST_DPH_THREE
  N:0002H         SYMBOL        CONST_DPH_TWO
  N:0000H         SYMBOL        CONST_DPH_ZERO
  N:0007H         SYMBOL        CONST_DSRC_ACTION
  N:0009H         SYMBOL        CONST_DSRC_ACTIONTYPE
  N:0001H         SYMBOL        CONST_DSRC_CHANNELIDICC
  N:0002H         SYMBOL        CONST_DSRC_CHANNELIDSAM
  N:000AH         SYMBOL        CONST_DSRC_CONTAIN
  N:0008H         SYMBOL        CONST_DSRC_DID
  N:0000H         SYMBOL        CONST_DSRC_FILDIDAPPKEY
  N:0002H         SYMBOL        CONST_DSRC_FILDIDCONSUME
  N:0003H         SYMBOL        CONST_DSRC_FILDIDHOLD
  N:0001H         SYMBOL        CONST_DSRC_FILDIDVEHICLE
  N:000BH         SYMBOL        CONST_DSRC_FILL
  N:0006H         SYMBOL        CONST_DSRC_HEAD
  N:0005H         SYMBOL        CONST_DSRC_LLCCTRL
  N:0004H         SYMBOL        CONST_DSRC_MACCTRL
  N:0003H         SYMBOL        CONST_ETC_INPUT
  N:0002H         SYMBOL        CONST_FALSH_PREFLAG02H
  N:00F4H         SYMBOL        CONST_FALSH_PREFLAG02L
  N:0002H         SYMBOL        CONST_FALSH_PREFLAG03H
  N:00F5H         SYMBOL        CONST_FALSH_PREFLAG03L
  N:0002H         SYMBOL        CONST_FALSH_PREFLAG04H
  N:00F6H         SYMBOL        CONST_FALSH_PREFLAG04L
  N:0002H         SYMBOL        CONST_FALSH_PREFLAGH
  N:00F3H         SYMBOL        CONST_FALSH_PREFLAGL
  N:0001H         SYMBOL        CONST_FALSH_PREFLAGLEN
  N:0004H         SYMBOL        CONST_FLASHADD_BEACONIDUNIXTIMEH
  N:0000H         SYMBOL        CONST_FLASHADD_BEACONIDUNIXTIMEL
  N:0002H         SYMBOL        CONST_FLASH_0002H
  N:0058H         SYMBOL        CONST_FLASH_0002L
  N:0004H         SYMBOL        CONST_FLASH_0002LEN
  N:0002H         SYMBOL        CONST_FLASH_0012H
  N:005CH         SYMBOL        CONST_FLASH_0012L
  N:0028H         SYMBOL        CONST_FLASH_0012LEN
  N:0002H         SYMBOL        CONST_FLASH_0015H
  N:0084H         SYMBOL        CONST_FLASH_0015L
  N:0032H         SYMBOL        CONST_FLASH_0015LEN
  N:002BH         SYMBOL        CONST_FLASH_0015LENOLD
  N:002BH         SYMBOL        CONST_FLASH_0019GBLEN
  N:0002H         SYMBOL        CONST_FLASH_0019H
  N:00B6H         SYMBOL        CONST_FLASH_0019L
  N:003CH         SYMBOL        CONST_FLASH_0019LEN
  N:003FH         SYMBOL        CONST_FLASH_0019NEWGDLEN
  N:0004H         SYMBOL        CONST_FLASH_BEACONIDUNIXTIMEH
  N:0000H         SYMBOL        CONST_FLASH_BEACONIDUNIXTIMEL
  N:0008H         SYMBOL        CONST_FLASH_BEACONIDUNIXTIMELEN
  N:0002H         SYMBOL        CONST_FLASH_BLOCK01
  N:0001H         SYMBOL        CONST_FLASH_CARDTYPELEN
  N:00F3H         SYMBOL        CONST_FLASH_FILELEN
  N:0002H         SYMBOL        CONST_FLASH_LASTCARDH
  N:00F2H         SYMBOL        CONST_FLASH_LASTCARDL
  N:0002H         SYMBOL        CONST_FLASH_STARTHIGH
  N:0000H         SYMBOL        CONST_FLASH_STARTLOW
  N:0002H         SYMBOL        CONST_FLASH_SYSINFOH
  N:0000H         SYMBOL        CONST_FLASH_SYSINFOL
  N:0058H         SYMBOL        CONST_FLASH_SYSINFOLEN
BL51 BANKED LINKER/LOCATER V6.05                                                      09/23/2016  17:07:17  PAGE 7


  N:0002H         SYMBOL        CONST_GDO2_MCSM2
  N:0046H         SYMBOL        CONST_GDO2_VALUE
  N:00F0H         SYMBOL        CONST_GSM_MAXNUM
  N:0008H         SYMBOL        CONST_GSM_NUM
  N:0014H         SYMBOL        CONST_GSM_PJNUM
  N:0015H         SYMBOL        CONST_HANDSECOND
  N:0006H         SYMBOL        CONST_LEN_BITBUF
  N:0001H         SYMBOL        CONST_LEN_POWUP
  N:0026H         SYMBOL        CONST_LEN_RXBUFEND
  N:005AH         SYMBOL        CONST_LEN_RXBUFPRE
  N:0002H         SYMBOL        CONST_LEN_RXCRC
  N:0057H         SYMBOL        CONST_LEN_STACK
  N:0002H         SYMBOL        CONST_LEN_TXCRC
  N:0018H         SYMBOL        CONST_LEN_VARBUF
  N:0008H         SYMBOL        CONST_LEN_WORKBUF
  N:0008H         SYMBOL        CONST_LEN_WORKBUF1
  N:0000H         SYMBOL        CONST_LEN_WORKBUF2
  N:0002H         SYMBOL        CONST_LHX_FLAG
  N:0005H         SYMBOL        CONST_MAX_RXNUM
  N:0008H         SYMBOL        CONST_MCU_WKCTH
  N:00FFH         SYMBOL        CONST_MCU_WKCTL
  N:0002H         SYMBOL        CONST_MF_DECREMENT
  N:0003H         SYMBOL        CONST_MF_INCREMENT
  N:00C0H         SYMBOL        CONST_MF_RC500DECREMENT
  N:00C1H         SYMBOL        CONST_MF_RC500INCREMENT
  N:0000H         SYMBOL        CONST_MF_READ
  N:0004H         SYMBOL        CONST_MF_RESTOR
  N:0001H         SYMBOL        CONST_MF_WRITE
  N:0001H         SYMBOL        CONST_MTC_INPUT
  N:0018H         SYMBOL        CONST_PPS_115200
  N:0096H         SYMBOL        CONST_PPS_230000
  N:0013H         SYMBOL        CONST_PPS_38400
  N:0010H         SYMBOL        CONST_PPS_9600
  N:0001H         SYMBOL        CONST_PRO_4SPEED
  N:00FAH         SYMBOL        CONST_PRO_OVERTIME2S
  N:0090H         SYMBOL        CONST_RTCOVERFLOW
  N:00FFH         SYMBOL        CONST_RTC_OFF
  N:0055H         SYMBOL        CONST_RTC_ON
  N:000AH         SYMBOL        CONST_SE_CHANNEL
  N:0000H         SYMBOL        CONST_SE_RXBUF
  N:0000H         SYMBOL        CONST_SE_TXBUF
  N:0000H         SYMBOL        CONST_SOF
  N:0014H         SYMBOL        CONST_SOFTBYTESP
  N:0010H         SYMBOL        CONST_SOFTFIRSTSCANTIME
  N:00FFH         SYMBOL        CONST_SOFTFIRSTSCANTIMEXX
  N:0070H         SYMBOL        CONST_SOFTSECOND
  N:000CH         SYMBOL        CONST_SSRC_FID
  N:0007H         SYMBOL        CONST_STATE_5823INIER
  N:0008H         SYMBOL        CONST_STATE_5823SLEEPER
  N:0003H         SYMBOL        CONST_STATE_ACCEPTOVER
  N:0004H         SYMBOL        CONST_STATE_ACCEPTOVERLEN
  N:0006H         SYMBOL        CONST_STATE_ACTCARDINVALID
  N:0004H         SYMBOL        CONST_STATE_ACTIVEFAIL
  N:0006H         SYMBOL        CONST_STATE_AUTHER
  N:001DH         SYMBOL        CONST_STATE_BASE01ANTICOLL
  N:0015H         SYMBOL        CONST_STATE_BASE01CONTACT
  N:0014H         SYMBOL        CONST_STATE_BASE01ESAMDF01
BL51 BANKED LINKER/LOCATER V6.05                                                      09/23/2016  17:07:17  PAGE 8


  N:001FH         SYMBOL        CONST_STATE_BASE01RATS
  N:001CH         SYMBOL        CONST_STATE_BASE01RE
  N:001EH         SYMBOL        CONST_STATE_BASE01SEL
  N:0019H         SYMBOL        CONST_STATE_BASE02ANTICOLL
  N:0016H         SYMBOL        CONST_STATE_BASE02CONTACT
  N:001BH         SYMBOL        CONST_STATE_BASE02RATS
  N:0018H         SYMBOL        CONST_STATE_BASE02RE
  N:001AH         SYMBOL        CONST_STATE_BASE02SEL
  N:000BH         SYMBOL        CONST_STATE_BASEESAMDF01
  N:0013H         SYMBOL        CONST_STATE_BASEN01INIT
  N:000AH         SYMBOL        CONST_STATE_BASENINIT
  N:000DH         SYMBOL        CONST_STATE_CARDPREDEAL0002
  N:000EH         SYMBOL        CONST_STATE_CARDPREDEAL0012
  N:000FH         SYMBOL        CONST_STATE_CARDPREDEAL0015
  N:0010H         SYMBOL        CONST_STATE_CARDPREDEAL0019
  N:000CH         SYMBOL        CONST_STATE_CARDPREDEAL1001
  N:0011H         SYMBOL        CONST_STATE_CARDPREDEAL3F00
  N:0012H         SYMBOL        CONST_STATE_CARDPREDEAL81
  N:0023H         SYMBOL        CONST_STATE_ESAMER
  N:0021H         SYMBOL        CONST_STATE_EXMEMORYER
  N:0022H         SYMBOL        CONST_STATE_EXMEMORYER02
  N:00FFH         SYMBOL        CONST_STATE_FALSE
  N:0009H         SYMBOL        CONST_STATE_GETSECURESELFILEER
  N:0005H         SYMBOL        CONST_STATE_ILLEGALACTCARD
  N:0002H         SYMBOL        CONST_STATE_ILLEGALINPUTCARD
  N:0003H         SYMBOL        CONST_STATE_INPUTCARDINVALID
  N:0001H         SYMBOL        CONST_STATE_INPUTFAIL
  N:0020H         SYMBOL        CONST_STATE_MEMORYER
  N:0005H         SYMBOL        CONST_STATE_RSTCPUER
  N:0001H         SYMBOL        CONST_STATE_SERIALACCPET
  N:0002H         SYMBOL        CONST_STATE_SERIALOVERTIME
  N:0017H         SYMBOL        CONST_STATE_TEST
  N:0000H         SYMBOL        CONST_STATE_TRUE
  N:0055H         SYMBOL        CONST_SYS_55
  N:00AAH         SYMBOL        CONST_SYS_AA
  N:0004H         SYMBOL        CONST_SYS_OBUIDLEN
  N:000AH         SYMBOL        CONST_SYS_POWERONTIMER
  N:0088H         SYMBOL        CONST_SYS_PREFLAG
  N:0064H         SYMBOL        CONST_SYS_RTCOVERTIME
  N:00FFH         SYMBOL        CONST_SYS_TRADECONFINE
  N:0001H         SYMBOL        CONST_TIMEER02
  N:00FEH         SYMBOL        CONST_TIMEER03
  N:0001H         SYMBOL        CONST_TIMEER04
  N:00FFH         SYMBOL        CONST_VSTLIMIT
  N:0000H         SYMBOL        CONST_WHITE_H
  N:0031H         SYMBOL        CONST_WHITE_L
  N:0000H         SYMBOL        CONST_WORKSTAION_0
  N:0001H         SYMBOL        CONST_WORKSTAION_1
  N:0002H         SYMBOL        CONST_WORKSTAION_2
  N:0003H         SYMBOL        CONST_WORKSTAION_3
  N:0000H         SYMBOL        CONST_XDATA_TXBUF02
  N:0080H         SYMBOL        CONST_XDATA_TXBUF02LEN
  N:007DH         SYMBOL        CON_LEN_BUFLEN
  B:00D8H.6       SYMBOL        CR
  D:001EH         SYMBOL        DATA_NCONTACTTYPE
  D:0029H         SYMBOL        DATA_RXBUFCPUSTART
  D:0008H         SYMBOL        DATA_VER
BL51 BANKED LINKER/LOCATER V6.05                                                      09/23/2016  17:07:17  PAGE 9


  D:0008H         SYMBOL        DATA_WORKBUF2
  D:0083H         SYMBOL        DPH
  D:0082H         SYMBOL        DPL
  C:39B6H         SYMBOL        DR_00_0D
  C:39C1H         SYMBOL        DR_00_0D0EOV
  C:39BEH         SYMBOL        DR_00_0E
  B:00A8H.7       SYMBOL        EA
  B:00A8H.6       SYMBOL        EPCAI
  B:00A8H.6       SYMBOL        EPCA_LVD
  B:00A8H.4       SYMBOL        ES
  B:00A8H.1       SYMBOL        ET0
  B:00A8H.3       SYMBOL        ET1
  B:00A8H.0       SYMBOL        EX0
  B:00A8H.2       SYMBOL        EX1
  C:281EH         SYMBOL        FUN_OBUMAIN_RST
  I:00A8H         SYMBOL        IDATA_POWUP
  I:0080H         SYMBOL        IDATA_RXBUFTWOBLOCK
  I:00A6H         SYMBOL        IDATA_RXCRC
  I:00A9H         SYMBOL        IDATA_STACK
  X:0080H         SYMBOL        IDATA_TXCRC
  D:00A8H         SYMBOL        IE
  B:0088H.1       SYMBOL        IE0
  B:0088H.3       SYMBOL        IE1
  N:00AFH         SYMBOL        IE2
  C:2718H         SYMBOL        INCARD_POWUP
  C:272CH         SYMBOL        INCARD_POWUP_1
  C:72BEH         SYMBOL        INT_INSERTACTIVE
  C:72D4H         SYMBOL        INT_INSERTACTIVE_OVER
  C:72D5H         SYMBOL        INT_INSERTACTIVE_RET
  C:728DH         SYMBOL        INT_INVALID
  C:72F3H         SYMBOL        INT_T0_OVER
  C:72F4H         SYMBOL        INT_T0_RET
  C:72D8H         SYMBOL        INT_TIMER0
  C:72FAH         SYMBOL        INT_UNIXACTIVE
  C:731AH         SYMBOL        INT_UNIXACTIVE_01
  C:732EH         SYMBOL        INT_UNIXACTIVE_OVER
  C:72F7H         SYMBOL        INT_UNIXACTIVE_OVER2
  C:72A6H         SYMBOL        INT_WAVEACTIVE
  C:72A9H         SYMBOL        INT_WAVEACTIVE_S
  D:00B8H         SYMBOL        IP
  N:00B7H         SYMBOL        IPH
  N:00C7H         SYMBOL        ISP_CONTR
  B:0088H.0       SYMBOL        IT0
  B:0088H.2       SYMBOL        IT1
  C:335CH         SYMBOL        OBUMAIN_BASEINIT02_ESAMERRRR
  C:3364H         SYMBOL        OBUMAIN_BASEINIT02_ESAMRIGHT
  C:3287H         SYMBOL        OBUMAIN_BASEINIT02_INITCONTACT
  C:327EH         SYMBOL        OBUMAIN_BASEINIT02_INITCONTACTSEC
  C:3276H         SYMBOL        OBUMAIN_BASEINIT02_INITESAMCARD
  C:329BH         SYMBOL        OBUMAIN_BASEINIT02_INITNCONTACT
  C:3313H         SYMBOL        OBUMAIN_BASEINIT02_INITNCONTACTOVER
  C:3298H         SYMBOL        OBUMAIN_BASEINIT02_INITNCONTACTSEC
  C:3279H         SYMBOL        OBUMAIN_BASEINIT02_INITUSERCARD
  C:32EEH         SYMBOL        OBUMAIN_BASEINIT02_ISPRO
  C:3366H         SYMBOL        OBUMAIN_BASEINIT02_OVER02
  C:3317H         SYMBOL        OBUMAIN_BASEINIT02_PPS
  C:32D4H         SYMBOL        OBUMAIN_BASEINIT02_REQUEST
BL51 BANKED LINKER/LOCATER V6.05                                                      09/23/2016  17:07:17  PAGE 10


  C:32D2H         SYMBOL        OBUMAIN_BASEINIT02_REQUEST01
  C:3317H         SYMBOL        OBUMAIN_BASEINIT02_SELECTDF01
  C:3321H         SYMBOL        OBUMAIN_BASEINIT02_SELECTDF0102
  C:325DH         SYMBOL        OBUMAIN_BASEINIT02_TAMPERED
  C:325FH         SYMBOL        OBUMAIN_BASEINIT02_TAMPEREDOVER
  C:3603H         SYMBOL        OBUMAIN_BASEINIT_ESAMSYSINFOERR
  C:31B6H         SYMBOL        OBUMAIN_BASEINIT_INITCONTACT
  C:31B1H         SYMBOL        OBUMAIN_BASEINIT_INITCONTACTSEC
  C:31A9H         SYMBOL        OBUMAIN_BASEINIT_INITESAMCARD
  C:31C9H         SYMBOL        OBUMAIN_BASEINIT_INITNCONTACT
  C:3229H         SYMBOL        OBUMAIN_BASEINIT_INITNCONTACTOVER
  C:31C6H         SYMBOL        OBUMAIN_BASEINIT_INITNCONTACTSEC
  C:3227H         SYMBOL        OBUMAIN_BASEINIT_INITNSELDF01
  C:31ACH         SYMBOL        OBUMAIN_BASEINIT_INITUSERCARD
  C:3205H         SYMBOL        OBUMAIN_BASEINIT_ISPRO
  C:3230H         SYMBOL        OBUMAIN_BASEINIT_OVER
  C:3230H         SYMBOL        OBUMAIN_BASEINIT_OVER02
  C:322DH         SYMBOL        OBUMAIN_BASEINIT_PPS
  C:31EBH         SYMBOL        OBUMAIN_BASEINIT_REQUEST
  C:31E9H         SYMBOL        OBUMAIN_BASEINIT_REQUEST01
  C:322DH         SYMBOL        OBUMAIN_BASEINIT_SELECTDF01
  C:3182H         SYMBOL        OBUMAIN_BASEINIT_TAMPERED
  C:3184H         SYMBOL        OBUMAIN_BASEINIT_TAMPEREDOVER
  C:37A5H         SYMBOL        OBUMAIN_BEEP_APPAGAIN
  C:375AH         SYMBOL        OBUMAIN_BEEP_B
  C:377FH         SYMBOL        OBUMAIN_BEEP_ERR
  C:378EH         SYMBOL        OBUMAIN_BEEP_OVER
  C:3764H         SYMBOL        OBUMAIN_BEEP_SECUEED
  C:3767H         SYMBOL        OBUMAIN_BEEP_SECUEEDKQ
  C:377DH         SYMBOL        OBUMAIN_BEEP_SECUEEDKQOVER
  C:3778H         SYMBOL        OBUMAIN_BEEP_SECUEEDNOKQ
  C:2AE1H         SYMBOL        OBUMAIN_CARDACTIVE_0019IN
  C:28A2H         SYMBOL        OBUMAIN_CARDACTIVE_03
  C:29ABH         SYMBOL        OBUMAIN_CARDACTIVE_ACTIVEESAMHTHOK
  C:2946H         SYMBOL        OBUMAIN_CARDACTIVE_ACTIVEOBU
  C:2961H         SYMBOL        OBUMAIN_CARDACTIVE_ACTIVEOBU01
  C:29BFH         SYMBOL        OBUMAIN_CARDACTIVE_ACTIVEOVER
  C:2995H         SYMBOL        OBUMAIN_CARDACTIVE_ACTIVESELDF01OK
  C:2B25H         SYMBOL        OBUMAIN_CARDACTIVE_BEEP
  C:2B33H         SYMBOL        OBUMAIN_CARDACTIVE_BEEPLOOP
  C:29CCH         SYMBOL        OBUMAIN_CARDACTIVE_CARDDIS
  C:2895H         SYMBOL        OBUMAIN_CARDACTIVE_CARDDISZZ
  C:2A3BH         SYMBOL        OBUMAIN_CARDACTIVE_CMPHVCPLOOP
  C:29EAH         SYMBOL        OBUMAIN_CARDACTIVE_DISANDPOWERDOWN
  C:2B6DH         SYMBOL        OBUMAIN_CARDACTIVE_DISOVER
  C:28A5H         SYMBOL        OBUMAIN_CARDACTIVE_GDFXOBU
  C:28C0H         SYMBOL        OBUMAIN_CARDACTIVE_GDFXOBU01
  C:28F1H         SYMBOL        OBUMAIN_CARDACTIVE_GDFXOBUDISHV
  C:2B1AH         SYMBOL        OBUMAIN_CARDACTIVE_HVDIF
  C:2ADBH         SYMBOL        OBUMAIN_CARDACTIVE_INNEW
  C:2AD3H         SYMBOL        OBUMAIN_CARDACTIVE_INOLD
  C:2A87H         SYMBOL        OBUMAIN_CARDACTIVE_INSERT
  C:2A9EH         SYMBOL        OBUMAIN_CARDACTIVE_INSERT02
  C:2AB9H         SYMBOL        OBUMAIN_CARDACTIVE_INSERT03
  C:2B53H         SYMBOL        OBUMAIN_CARDACTIVE_KPCW
  C:2A7AH         SYMBOL        OBUMAIN_CARDACTIVE_LOWVO
  C:2B60H         SYMBOL        OBUMAIN_CARDACTIVE_NOCARD
BL51 BANKED LINKER/LOCATER V6.05                                                      09/23/2016  17:07:17  PAGE 11


  C:2B6BH         SYMBOL        OBUMAIN_CARDACTIVE_OVER
  C:2B44H         SYMBOL        OBUMAIN_CARDACTIVE_OVEROV
  C:291BH         SYMBOL        OBUMAIN_CARDACTIVE_READESAMHTHOK
  C:292FH         SYMBOL        OBUMAIN_CARDACTIVE_READOVER
  C:2905H         SYMBOL        OBUMAIN_CARDACTIVE_READSELDF01OK
  C:286EH         SYMBOL        OBUMAIN_CARDACTIVE_REBEACONID
  C:2873H         SYMBOL        OBUMAIN_CARDACTIVE_REBEACONID22
  C:2880H         SYMBOL        OBUMAIN_CARDACTIVE_REBEACONIDOVER
  C:2A27H         SYMBOL        OBUMAIN_CARDACTIVE_RXESAMHV
  C:2A11H         SYMBOL        OBUMAIN_CARDACTIVE_RXESAMHV1
  C:2B46H         SYMBOL        OBUMAIN_CARDACTIVE_SC
  C:2A5BH         SYMBOL        OBUMAIN_CARDACTIVE_SETOVLOW
  C:285DH         SYMBOL        OBUMAIN_CARDACTIVE_START
  C:2886H         SYMBOL        OBUMAIN_CARDACTIVE_ZC
  C:2B01H         SYMBOL        OBUMAIN_CARDACTIVE_ZCKQ
  C:2B17H         SYMBOL        OBUMAIN_CARDACTIVE_ZCKQOVER
  C:2B12H         SYMBOL        OBUMAIN_CARDACTIVE_ZCNOKQ
  C:288CH         SYMBOL        OBUMAIN_CARDACTIVE_ZCZZ
  C:390AH         SYMBOL        OBUMAIN_CARDINFODISPLAY02_0019IN
  C:381FH         SYMBOL        OBUMAIN_CARDINFODISPLAY02_CARDINFO
  C:3841H         SYMBOL        OBUMAIN_CARDINFODISPLAY02_CASHCARD
  C:387DH         SYMBOL        OBUMAIN_CARDINFODISPLAY02_CASHCARDCPV
  C:3806H         SYMBOL        OBUMAIN_CARDINFODISPLAY02_CKOVER
  C:37E7H         SYMBOL        OBUMAIN_CARDINFODISPLAY02_CPBF
  C:3829H         SYMBOL        OBUMAIN_CARDINFODISPLAY02_GETCPUINFO
  C:392AH         SYMBOL        OBUMAIN_CARDINFODISPLAY02_IN
  C:383EH         SYMBOL        OBUMAIN_CARDINFODISPLAY02_INFO
  C:3904H         SYMBOL        OBUMAIN_CARDINFODISPLAY02_INNEW
  C:38FCH         SYMBOL        OBUMAIN_CARDINFODISPLAY02_INOLD
  C:388EH         SYMBOL        OBUMAIN_CARDINFODISPLAY02_MONEY
  C:3806H         SYMBOL        OBUMAIN_CARDINFODISPLAY02_NOCARDINFO
  C:381CH         SYMBOL        OBUMAIN_CARDINFODISPLAY02_NOCARDSETMMIOV
  C:38D1H         SYMBOL        OBUMAIN_CARDINFODISPLAY02_OTHER
  C:38DFH         SYMBOL        OBUMAIN_CARDINFODISPLAY02_OVER
  C:3937H         SYMBOL        OBUMAIN_CARDINFODISPLAY02_OVER02
  C:38AFH         SYMBOL        OBUMAIN_CARDINFODISPLAY02_PASSCARD
  C:3803H         SYMBOL        OBUMAIN_CARDINFODISPLAY02_START
  C:364FH         SYMBOL        OBUMAIN_CARDINFODISPLAY_BDCP
  C:364FH         SYMBOL        OBUMAIN_CARDINFODISPLAY_BDCPLOOP
  C:364FH         SYMBOL        OBUMAIN_CARDINFODISPLAY_BDQLLOOP
  C:3687H         SYMBOL        OBUMAIN_CARDINFODISPLAY_CARDINFO
  C:36A9H         SYMBOL        OBUMAIN_CARDINFODISPLAY_CASHCARD
  C:36E5H         SYMBOL        OBUMAIN_CARDINFODISPLAY_CASHCARDCPV
  C:366EH         SYMBOL        OBUMAIN_CARDINFODISPLAY_CKOVER
  C:364FH         SYMBOL        OBUMAIN_CARDINFODISPLAY_CPBF
  C:2880H         SYMBOL        OBUMAIN_CARDINFODISPLAY_DISPLAYINFO
  C:3691H         SYMBOL        OBUMAIN_CARDINFODISPLAY_GETCPUINFO
  C:36A6H         SYMBOL        OBUMAIN_CARDINFODISPLAY_INFO
  C:36F6H         SYMBOL        OBUMAIN_CARDINFODISPLAY_MONEY
  C:366EH         SYMBOL        OBUMAIN_CARDINFODISPLAY_NOCARDINFO
  C:3684H         SYMBOL        OBUMAIN_CARDINFODISPLAY_NOCARDSETMMIOV
  C:3729H         SYMBOL        OBUMAIN_CARDINFODISPLAY_OTHER
  C:3742H         SYMBOL        OBUMAIN_CARDINFODISPLAY_OVER
  C:370FH         SYMBOL        OBUMAIN_CARDINFODISPLAY_PASSCARD
  C:366BH         SYMBOL        OBUMAIN_CARDINFODISPLAY_START
  C:3735H         SYMBOL        OBUMAIN_CARDINFODISPLAY_TRADEERR
  C:2886H         SYMBOL        OBUMAIN_CARDINFODISPLAY_ZC
BL51 BANKED LINKER/LOCATER V6.05                                                      09/23/2016  17:07:17  PAGE 12


  C:34A0H         SYMBOL        OBUMAIN_CARDPREDEAL_0019GB
  C:34EDH         SYMBOL        OBUMAIN_CARDPREDEAL_0019GDNEW
  C:34C7H         SYMBOL        OBUMAIN_CARDPREDEAL_0019GDOLD
  C:33ACH         SYMBOL        OBUMAIN_CARDPREDEAL_COPYMONEY
  C:362BH         SYMBOL        OBUMAIN_CARDPREDEAL_ESAMPREDEALOVER
  C:364BH         SYMBOL        OBUMAIN_CARDPREDEAL_OVER
  C:3385H         SYMBOL        OBUMAIN_CARDPREDEAL_PPS
  C:3385H         SYMBOL        OBUMAIN_CARDPREDEAL_PREDEALCPUCARD
  C:3537H         SYMBOL        OBUMAIN_CARDPREDEAL_PREDEALMF
  C:3394H         SYMBOL        OBUMAIN_CARDPREDEAL_READ0002
  C:33C4H         SYMBOL        OBUMAIN_CARDPREDEAL_READ0012
  C:33E8H         SYMBOL        OBUMAIN_CARDPREDEAL_READ0015
  C:344AH         SYMBOL        OBUMAIN_CARDPREDEAL_READ0019
  C:3539H         SYMBOL        OBUMAIN_CARDPREDEAL_READBLOCK01
  C:3556H         SYMBOL        OBUMAIN_CARDPREDEAL_READBLOCK0101
  C:3556H         SYMBOL        OBUMAIN_CARDPREDEAL_READBLOCK04
  C:3556H         SYMBOL        OBUMAIN_CARDPREDEAL_READBLOCK10
  C:3374H         SYMBOL        OBUMAIN_CARDPREDEAL_READSYSINFO
  C:3556H         SYMBOL        OBUMAIN_CARDPREDEAL_RECORDCARDTYPE
  C:35E7H         SYMBOL        OBUMAIN_CARDPREDEAL_SELECT3F00R
  C:3649H         SYMBOL        OBUMAIN_CARDPREDEAL_TAMPERED
  C:364BH         SYMBOL        OBUMAIN_CARDPREDEAL_TAMPEREDOVER
  C:337CH         SYMBOL        OBUMAIN_CARDPREDEAL_USER
  C:35C2H         SYMBOL        OBUMAIN_CARDPREDEAL_USEROVER
  C:33A5H         SYMBOL        OBUMAIN_CARDPREDEAL_WRITE0002
  C:33DBH         SYMBOL        OBUMAIN_CARDPREDEAL_WRITE0012
  C:33FFH         SYMBOL        OBUMAIN_CARDPREDEAL_WRITE0015
  C:343DH         SYMBOL        OBUMAIN_CARDPREDEAL_WRITE001502
  C:34B7H         SYMBOL        OBUMAIN_CARDPREDEAL_WRITE0019GB
  C:34DEH         SYMBOL        OBUMAIN_CARDPREDEAL_WRITE0019GD
  C:3504H         SYMBOL        OBUMAIN_CARDPREDEAL_WRITE0019NEWGD
  C:3528H         SYMBOL        OBUMAIN_CARDPREDEAL_WRITE0019NEWGD2
  C:3605H         SYMBOL        OBUMAIN_CARDPREDEAL_WRITESYSINFO
  C:27D7H         SYMBOL        OBUMAIN_CDACTIVE_01
  C:27E5H         SYMBOL        OBUMAIN_CDACTIVE_DISPLAYCD
  C:27FCH         SYMBOL        OBUMAIN_CDACTIVE_DISPLAYCDOVER
  C:27E3H         SYMBOL        OBUMAIN_CDACTIVE_DISPLAYMOVE
  C:27F5H         SYMBOL        OBUMAIN_CDACTIVE_DISPLAYNCD
  C:2804H         SYMBOL        OBUMAIN_CDACTIVE_REBEACONID
  C:2814H         SYMBOL        OBUMAIN_CDACTIVE_REBEACONIDOVER
  C:2816H         SYMBOL        OBUMAIN_CDACTIVE_REBEACONIDOVER02
  C:27B7H         SYMBOL        OBUMAIN_CDACTIVE_SELECT3F00
  C:3A6AH         SYMBOL        OBUMAIN_CHECKMEMORYANDEX2_CHECKMOVX
  C:3A74H         SYMBOL        OBUMAIN_CHECKMEMORYANDEX2_CHECKMOVXISOK
  C:3A81H         SYMBOL        OBUMAIN_CHECKMEMORYANDEX2_CHECKMOVXISOK2
  C:3A8FH         SYMBOL        OBUMAIN_CHECKMEMORYANDEX_CHECKMOV
  C:3AADH         SYMBOL        OBUMAIN_CHECKMEMORYANDEX_CHECKMOVERR
  C:3A98H         SYMBOL        OBUMAIN_CHECKMEMORYANDEX_CHECKMOVISOK
  C:3AA0H         SYMBOL        OBUMAIN_CHECKMEMORYANDEX_CHECKMOVISOK2
  C:3AAAH         SYMBOL        OBUMAIN_CHECKMEMORYANDEX_CHECKMOVXERR
  C:3AB0H         SYMBOL        OBUMAIN_CHECKMEMORYANDEX_CHECKMOVXERR03
  C:39B3H         SYMBOL        OBUMAIN_DR_00
  C:39C3H         SYMBOL        OBUMAIN_DR_01
  C:39CBH         SYMBOL        OBUMAIN_DR_02
  C:39D3H         SYMBOL        OBUMAIN_DR_03
  C:39DBH         SYMBOL        OBUMAIN_DR_04
  C:39E3H         SYMBOL        OBUMAIN_DR_05
BL51 BANKED LINKER/LOCATER V6.05                                                      09/23/2016  17:07:17  PAGE 13


  C:39EBH         SYMBOL        OBUMAIN_DR_06
  C:39F3H         SYMBOL        OBUMAIN_DR_OVER
  C:3AD6H         SYMBOL        OBUMAIN_ISINSERT_OVER
  C:26C5H         SYMBOL        OBUMAIN_MASTER_CHECKED
  C:2684H         SYMBOL        OBUMAIN_MASTER_CHECKMEMORYERR
  C:2687H         SYMBOL        OBUMAIN_MASTER_CHECKMEMORYOVER
  C:26ABH         SYMBOL        OBUMAIN_MASTER_MEMORYCLR00
  C:7371H         SYMBOL        OBUMAIN_PINSLEEP_RTCOFF
  C:7359H         SYMBOL        OBUMAIN_PINSLEEP_RTCON
  C:7387H         SYMBOL        OBUMAIN_PINSLEEP_RTCSWOVER
  C:742CH         SYMBOL        OBUMAIN_PINUNSLEEP_RTCOFF
  C:7412H         SYMBOL        OBUMAIN_PINUNSLEEP_RTCON
  C:7442H         SYMBOL        OBUMAIN_PINUNSLEEP_RTCSWOVER
  C:2821H         SYMBOL        OBUMAIN_RST_OVER
  C:37CCH         SYMBOL        OBUMAIN_SELECTDF01_ESAMRIGHT
  C:37CEH         SYMBOL        OBUMAIN_SELECTDF01_OVER
  C:37AAH         SYMBOL        OBUMAIN_SYS_OVER
  C:37DEH         SYMBOL        OBUMAIN_TIMERX_OVER
  C:2B84H         SYMBOL        OBUMAIN_WAVEACTIVENOCARD_DEAL
  C:2B9CH         SYMBOL        OBUMAIN_WAVEACTIVENOCARD_YD
  C:2E2AH         SYMBOL        OBUMAIN_WAVEACTIVE_10OV
  C:2F32H         SYMBOL        OBUMAIN_WAVEACTIVE_ACTIONTYPE
  C:2E63H         SYMBOL        OBUMAIN_WAVEACTIVE_AGAINVST
  C:2E63H         SYMBOL        OBUMAIN_WAVEACTIVE_AGAINVSTCON
  C:2D53H         SYMBOL        OBUMAIN_WAVEACTIVE_BEACONID
  C:2E42H         SYMBOL        OBUMAIN_WAVEACTIVE_BEACONID2
  C:2E10H         SYMBOL        OBUMAIN_WAVEACTIVE_BROADCAST
  C:2E7DH         SYMBOL        OBUMAIN_WAVEACTIVE_BROADCAST00
  C:2E86H         SYMBOL        OBUMAIN_WAVEACTIVE_BROADCAST01
  C:2E8FH         SYMBOL        OBUMAIN_WAVEACTIVE_BROADCAST02
  C:2E98H         SYMBOL        OBUMAIN_WAVEACTIVE_BROADCAST03
  C:2E3CH         SYMBOL        OBUMAIN_WAVEACTIVE_BROADCASTOV
  C:2E22H         SYMBOL        OBUMAIN_WAVEACTIVE_BST10
  C:2E27H         SYMBOL        OBUMAIN_WAVEACTIVE_BST100
  C:2E32H         SYMBOL        OBUMAIN_WAVEACTIVE_BSTOVER
  C:2FD9H         SYMBOL        OBUMAIN_WAVEACTIVE_DESL
  C:309EH         SYMBOL        OBUMAIN_WAVEACTIVE_DIP
  C:302CH         SYMBOL        OBUMAIN_WAVEACTIVE_DIP1
  C:304FH         SYMBOL        OBUMAIN_WAVEACTIVE_DIP2
  C:3079H         SYMBOL        OBUMAIN_WAVEACTIVE_DIP3
  C:3099H         SYMBOL        OBUMAIN_WAVEACTIVE_DIP4
  C:3017H         SYMBOL        OBUMAIN_WAVEACTIVE_DISPLAY
  C:2F1AH         SYMBOL        OBUMAIN_WAVEACTIVE_DSRCSENDOLD
  C:30A1H         SYMBOL        OBUMAIN_WAVEACTIVE_END
  C:2EA4H         SYMBOL        OBUMAIN_WAVEACTIVE_FRISTRX
  C:2EF5H         SYMBOL        OBUMAIN_WAVEACTIVE_FRISTRX02
  C:2CD3H         SYMBOL        OBUMAIN_WAVEACTIVE_GETBST
  C:2F79H         SYMBOL        OBUMAIN_WAVEACTIVE_GETRAND
  C:2F38H         SYMBOL        OBUMAIN_WAVEACTIVE_GETSECURE
  C:2DDDH         SYMBOL        OBUMAIN_WAVEACTIVE_HDLCTX01OVER
  C:2DDDH         SYMBOL        OBUMAIN_WAVEACTIVE_LOOP
  C:2F12H         SYMBOL        OBUMAIN_WAVEACTIVE_NBITHIGH
  C:2F17H         SYMBOL        OBUMAIN_WAVEACTIVE_NBITLOW
  C:2F30H         SYMBOL        OBUMAIN_WAVEACTIVE_NBITOVER
  C:2FE2H         SYMBOL        OBUMAIN_WAVEACTIVE_NOEA02X
  C:2DF0H         SYMBOL        OBUMAIN_WAVEACTIVE_NOEAOV
  C:2F2DH         SYMBOL        OBUMAIN_WAVEACTIVE_NOEAOV01
BL51 BANKED LINKER/LOCATER V6.05                                                      09/23/2016  17:07:17  PAGE 14


  C:2F28H         SYMBOL        OBUMAIN_WAVEACTIVE_NOSETMMI
  C:2E72H         SYMBOL        OBUMAIN_WAVEACTIVE_NOTBROADCAST
  C:2FD9H         SYMBOL        OBUMAIN_WAVEACTIVE_OTHER
  C:2D9EH         SYMBOL        OBUMAIN_WAVEACTIVE_OVDELAY
  C:2FE5H         SYMBOL        OBUMAIN_WAVEACTIVE_OVER
  C:2F09H         SYMBOL        OBUMAIN_WAVEACTIVE_OVERZZ
  C:2E63H         SYMBOL        OBUMAIN_WAVEACTIVE_PPS
  C:2C16H         SYMBOL        OBUMAIN_WAVEACTIVE_PRE
  C:2C4FH         SYMBOL        OBUMAIN_WAVEACTIVE_PRE02
  C:2C87H         SYMBOL        OBUMAIN_WAVEACTIVE_PRE03
  C:3014H         SYMBOL        OBUMAIN_WAVEACTIVE_PREDEAL
  C:2C30H         SYMBOL        OBUMAIN_WAVEACTIVE_PREPRE
  C:2C13H         SYMBOL        OBUMAIN_WAVEACTIVE_PRESS
  C:2FD9H         SYMBOL        OBUMAIN_WAVEACTIVE_RESPONSE
  C:2D3FH         SYMBOL        OBUMAIN_WAVEACTIVE_RXBST
  C:2F64H         SYMBOL        OBUMAIN_WAVEACTIVE_SE1001ED
  C:2F4AH         SYMBOL        OBUMAIN_WAVEACTIVE_SE1001PPS
  C:2EF7H         SYMBOL        OBUMAIN_WAVEACTIVE_SECONDRX
  C:2F41H         SYMBOL        OBUMAIN_WAVEACTIVE_SELECT1001
  C:2F6FH         SYMBOL        OBUMAIN_WAVEACTIVE_SELECTED
  C:2D6EH         SYMBOL        OBUMAIN_WAVEACTIVE_SENDVST
  C:2E5DH         SYMBOL        OBUMAIN_WAVEACTIVE_SENDVST2
  C:2FBEH         SYMBOL        OBUMAIN_WAVEACTIVE_SETMMI
  C:2DEAH         SYMBOL        OBUMAIN_WAVEACTIVE_SETMMIEA
  C:2F74H         SYMBOL        OBUMAIN_WAVEACTIVE_SETSECURE
  C:2E60H         SYMBOL        OBUMAIN_WAVEACTIVE_SLEEP
  C:2DA2H         SYMBOL        OBUMAIN_WAVEACTIVE_SPANESAMRST
  C:2DABH         SYMBOL        OBUMAIN_WAVEACTIVE_SPANESAMRSTH
  C:2DADH         SYMBOL        OBUMAIN_WAVEACTIVE_SPANESAMRSTHH
  C:2FD1H         SYMBOL        OBUMAIN_WAVEACTIVE_SWGSM
  C:2D1BH         SYMBOL        OBUMAIN_WAVEACTIVE_TAMPERED
  C:2D1DH         SYMBOL        OBUMAIN_WAVEACTIVE_TAMPEREDOVER
  C:2F7EH         SYMBOL        OBUMAIN_WAVEACTIVE_TRANSFERCHANNEL
  C:2FA7H         SYMBOL        OBUMAIN_WAVEACTIVE_TRANSFERCHANNELSELOV
  C:2FB9H         SYMBOL        OBUMAIN_WAVEACTIVE_TRANSFERPPS02
  C:2F8AH         SYMBOL        OBUMAIN_WAVEACTIVE_TRANSFERSEL1001
  C:2FB0H         SYMBOL        OBUMAIN_WAVEACTIVE_TRANSFERSELECTED
  C:2DBCH         SYMBOL        OBUMAIN_WAVEACTIVE_TXONE
  C:2C0DH         SYMBOL        OBUMAIN_WAVEACTIVE_VOLNORMAL
  C:2F0CH         SYMBOL        OBUMAIN_WAVEACTIVE_ZC01
  C:2CF7H         SYMBOL        OBUMAIN_WAVEACTIVE_ZLYD
  D:0080H         SYMBOL        P0
  D:0090H         SYMBOL        P1
  D:00A0H         SYMBOL        P2
  D:00B0H         SYMBOL        P3
  N:00C0H         SYMBOL        P4
  N:00F2H         SYMBOL        PCA_PWM0
  N:00F3H         SYMBOL        PCA_PWM1
  N:00F4H         SYMBOL        PCA_PWM2
  N:00F5H         SYMBOL        PCA_PWM3
  N:00F6H         SYMBOL        PCA_PWM4
  N:00F7H         SYMBOL        PCA_PWM5
  D:0087H         SYMBOL        PCON
  B:0080H.4       SYMBOL        PIN_522_MISO
  B:0080H.5       SYMBOL        PIN_522_MOSI
  B:00C0H.6       SYMBOL        PIN_522_RST
  B:0080H.7       SYMBOL        PIN_522_SCLK
BL51 BANKED LINKER/LOCATER V6.05                                                      09/23/2016  17:07:17  PAGE 15


  B:0080H.6       SYMBOL        PIN_522_SS
  B:0090H.0       SYMBOL        PIN_5823BK_CS
  B:0090H.2       SYMBOL        PIN_5823BK_IRQ
  B:0080H.0       SYMBOL        PIN_5823BK_MISO
  B:0080H.1       SYMBOL        PIN_5823BK_MOSI
  B:00C0H.2       SYMBOL        PIN_5823BK_SCLK
  B:0080H.3       SYMBOL        PIN_BELL_01
  B:0080H.2       SYMBOL        PIN_BELL_02
  B:0090H.1       SYMBOL        PIN_BK_CE
  B:00B0H.3       SYMBOL        PIN_CARD_EXIST
  B:0090H.6       SYMBOL        PIN_CC1101_GDO2
  B:00B0H.7       SYMBOL        PIN_CC1101_MISO
  B:00A0H.3       SYMBOL        PIN_CC1101_MOSI
  B:00A0H.2       SYMBOL        PIN_CC1101_SCLK
  B:00B0H.6       SYMBOL        PIN_CC1101_SS
  B:00A0H.5       SYMBOL        PIN_ESAM_RST
  B:00A0H.6       SYMBOL        PIN_ESAM_RX
  B:00A0H.6       SYMBOL        PIN_ESAM_TX
  B:00C0H.5       SYMBOL        PIN_GRE
  B:0090H.4       SYMBOL        PIN_LCD_CS
  B:0090H.7       SYMBOL        PIN_LCD_DC
  B:0090H.5       SYMBOL        PIN_LCD_RST
  B:00B0H.4       SYMBOL        PIN_LCD_SCL
  B:00C0H.3       SYMBOL        PIN_LCD_SDA
  B:00A0H.7       SYMBOL        PIN_PWRDWN
  B:0090H.3       SYMBOL        PIN_PWRDWN_LCD
  B:00A0H.4       SYMBOL        PIN_PWR_GSM
  B:00A0H.1       SYMBOL        PIN_PWR_LOWIO
  B:00C0H.1       SYMBOL        PIN_RED
  B:00B0H.0       SYMBOL        PIN_SOFTSERIALRX
  B:00B0H.1       SYMBOL        PIN_SOFTSERIALTXH
  B:00B0H.5       SYMBOL        PIN_UNFIX
  B:00A0H.0       SYMBOL        PIN_WAVE_CHANNEL1
  D:00D0H         SYMBOL        PSW
  N:00C0H         SYMBOL        READ_BURST
  N:00A2H         SYMBOL        REG_51_AUXR1
  N:008EH         SYMBOL        REG_5412AD_AUXR
  N:0094H         SYMBOL        REG_5412AD_P0M0
  N:0093H         SYMBOL        REG_5412AD_P0M1
  N:0092H         SYMBOL        REG_5412AD_P1M0
  N:0091H         SYMBOL        REG_5412AD_P1M1
  N:0096H         SYMBOL        REG_5412AD_P2M0
  N:0095H         SYMBOL        REG_5412AD_P2M1
  N:00B2H         SYMBOL        REG_5412AD_P3M0
  N:00B1H         SYMBOL        REG_5412AD_P3M1
  N:00B4H         SYMBOL        REG_5412AD_P4M0
  N:00B3H         SYMBOL        REG_5412AD_P4M1
  N:00BBH         SYMBOL        REG_5412AD_P4SW
  N:0085H         SYMBOL        REG_5412AD_SPCTL
  N:0086H         SYMBOL        REG_5412AD_SPDAT
  N:0084H         SYMBOL        REG_5412AD_SPSTAT
  N:00ABH         SYMBOL        REG_MCU_WKCTH
  N:00AAH         SYMBOL        REG_MCU_WKCTL
  N:000DH         SYMBOL        REG_RC522_BITFRAMINGREG
  N:000EH         SYMBOL        REG_RC522_COLLREG
  N:0002H         SYMBOL        REG_RC522_COMIENREG
  N:0004H         SYMBOL        REG_RC522_COMIRQREG
BL51 BANKED LINKER/LOCATER V6.05                                                      09/23/2016  17:07:17  PAGE 16


  N:0001H         SYMBOL        REG_RC522_COMMANDREG
  N:000CH         SYMBOL        REG_RC522_CONTROLREG
  N:0021H         SYMBOL        REG_RC522_CRCRESULTREGH
  N:0022H         SYMBOL        REG_RC522_CRCRESULTREGL
  N:0028H         SYMBOL        REG_RC522_CWGSPREG
  N:0019H         SYMBOL        REG_RC522_DEMODREG
  N:0003H         SYMBOL        REG_RC522_DIVIENREG
  N:0005H         SYMBOL        REG_RC522_DIVIRQREG
  N:0006H         SYMBOL        REG_RC522_ERRORREG
  N:0009H         SYMBOL        REG_RC522_FIFODATAREG
  N:000AH         SYMBOL        REG_RC522_FIFOLEVELREG
  N:0027H         SYMBOL        REG_RC522_GSNREG
  N:001CH         SYMBOL        REG_RC522_MIFAREREG
  N:0011H         SYMBOL        REG_RC522_MODEREG
  N:0029H         SYMBOL        REG_RC522_MODGSPREG
  N:0024H         SYMBOL        REG_RC522_MODWIDTHREG
  N:0000H         SYMBOL        REG_RC522_RC522PAGE
  N:0026H         SYMBOL        REG_RC522_RFCFGREG
  N:000FH         SYMBOL        REG_RC522_RFU
  N:0013H         SYMBOL        REG_RC522_RXMODEREG
  N:0017H         SYMBOL        REG_RC522_RXSELREG
  N:0018H         SYMBOL        REG_RC522_RXTHRESHOLDREG
  N:001FH         SYMBOL        REG_RC522_SERIALSPEEDREG
  N:0007H         SYMBOL        REG_RC522_STATUS1REG
  N:0008H         SYMBOL        REG_RC522_STATUS2REG
  N:002EH         SYMBOL        REG_RC522_TCOUNTERVALUEREGH
  N:002FH         SYMBOL        REG_RC522_TCOUNTERVALUEREGL
  N:002AH         SYMBOL        REG_RC522_TMODEREG
  N:002BH         SYMBOL        REG_RC522_TPRESCALERREG
  N:002CH         SYMBOL        REG_RC522_TRELOADREGH
  N:002DH         SYMBOL        REG_RC522_TRELOADREGL
  N:0015H         SYMBOL        REG_RC522_TXAUTOREG
  N:0014H         SYMBOL        REG_RC522_TXCONTROLREG
  N:0012H         SYMBOL        REG_RC522_TXMODEREG
  N:0016H         SYMBOL        REG_RC522_TXSELREG
  N:000BH         SYMBOL        REG_RC522_WATERLEVELREG
  N:009CH         SYMBOL        REG_SYS_BRT
  N:008FH         SYMBOL        REG_WAKECLK0
  B:00D8H.4       SYMBOL        REG_WAKECLK_04
  B:00D8H.5       SYMBOL        REG_WAKECLK_05
  N:00C1H         SYMBOL        REG_WDT_CONTR
  N:00EAH         SYMBOL        RELOAD2_CONTR
  B:0098H.4       SYMBOL        REN
  B:0098H.0       SYMBOL        RI
  B:00D0H.3       SYMBOL        RS0
  B:00D0H.4       SYMBOL        RS1
  N:009BH         SYMBOL        S2BUF
  N:009AH         SYMBOL        S2CON
  D:0098H         SYMBOL        SCON
  C:282FH         SYMBOL        SEG_OBUMAIN_CARDACTIVE
  C:27A1H         SYMBOL        SEG_OBUMAIN_CDACTIVE
  C:2BBBH         SYMBOL        SEG_OBUMAIN_WAVEACTIVE
  D:0081H         SYMBOL        SP
  C:2777H         SYMBOL        START_USER02
  C:792AH         SYMBOL        STR_CARDAPP_TIME
  C:792FH         SYMBOL        STR_CARDAPP_TIME02
  C:7934H         SYMBOL        STR_CMDUP
BL51 BANKED LINKER/LOCATER V6.05                                                      09/23/2016  17:07:17  PAGE 17


  C:7927H         SYMBOL        STR_DSRC_DF
  C:7921H         SYMBOL        STR_DSRC_SELDF
  C:7900H         SYMBOL        STR_READBLOCK01
  C:790BH         SYMBOL        STR_READBLOCK04
  C:7916H         SYMBOL        STR_READBLOCK10
  D:0088H         SYMBOL        TCON
  B:0088H.5       SYMBOL        TF0
  B:0088H.7       SYMBOL        TF1
  D:008CH         SYMBOL        TH0
  D:008DH         SYMBOL        TH1
  B:0098H.1       SYMBOL        TI
  N:0009H         SYMBOL        TI_CCXXX0_ADDR
  N:001DH         SYMBOL        TI_CCXXX0_AGCCTRL0
  N:001CH         SYMBOL        TI_CCXXX0_AGCCTRL1
  N:001BH         SYMBOL        TI_CCXXX0_AGCCTRL2
  N:002BH         SYMBOL        TI_CCXXX0_AGCTEST
  N:001AH         SYMBOL        TI_CCXXX0_BSCFG
  N:000AH         SYMBOL        TI_CCXXX0_CHANNR
  N:0015H         SYMBOL        TI_CCXXX0_DEVIATN
  N:0003H         SYMBOL        TI_CCXXX0_FIFOTHR
  N:0019H         SYMBOL        TI_CCXXX0_FOCCFG
  N:0022H         SYMBOL        TI_CCXXX0_FREND0
  N:0021H         SYMBOL        TI_CCXXX0_FREND1
  N:000FH         SYMBOL        TI_CCXXX0_FREQ0
  N:000EH         SYMBOL        TI_CCXXX0_FREQ1
  N:000DH         SYMBOL        TI_CCXXX0_FREQ2
  N:0032H         SYMBOL        TI_CCXXX0_FREQEST
  N:0026H         SYMBOL        TI_CCXXX0_FSCAL0
  N:0025H         SYMBOL        TI_CCXXX0_FSCAL1
  N:0024H         SYMBOL        TI_CCXXX0_FSCAL2
  N:0023H         SYMBOL        TI_CCXXX0_FSCAL3
  N:000CH         SYMBOL        TI_CCXXX0_FSCTRL0
  N:000BH         SYMBOL        TI_CCXXX0_FSCTRL1
  N:0029H         SYMBOL        TI_CCXXX0_FSTEST
  N:0002H         SYMBOL        TI_CCXXX0_IOCFG0
  N:0001H         SYMBOL        TI_CCXXX0_IOCFG1
  N:0000H         SYMBOL        TI_CCXXX0_IOCFG2
  N:0033H         SYMBOL        TI_CCXXX0_LQI
  N:0035H         SYMBOL        TI_CCXXX0_MARCSTATE
  N:0018H         SYMBOL        TI_CCXXX0_MCSM0
  N:0017H         SYMBOL        TI_CCXXX0_MCSM1
  N:0016H         SYMBOL        TI_CCXXX0_MCSM2
  N:0014H         SYMBOL        TI_CCXXX0_MDMCFG0
  N:0013H         SYMBOL        TI_CCXXX0_MDMCFG1
  N:0012H         SYMBOL        TI_CCXXX0_MDMCFG2
  N:0011H         SYMBOL        TI_CCXXX0_MDMCFG3
  N:0010H         SYMBOL        TI_CCXXX0_MDMCFG4
  N:007FH         SYMBOL        TI_CCXXX0_NUM_RXBYTES
  N:0030H         SYMBOL        TI_CCXXX0_PARTNUM
  N:003EH         SYMBOL        TI_CCXXX0_PATABLE
  N:0008H         SYMBOL        TI_CCXXX0_PKTCTRL0
  N:0007H         SYMBOL        TI_CCXXX0_PKTCTRL1
  N:0006H         SYMBOL        TI_CCXXX0_PKTLEN
  N:0038H         SYMBOL        TI_CCXXX0_PKTSTATUS
  N:002AH         SYMBOL        TI_CCXXX0_PTEST
  N:0028H         SYMBOL        TI_CCXXX0_RCCTRL0
  N:0027H         SYMBOL        TI_CCXXX0_RCCTRL1
BL51 BANKED LINKER/LOCATER V6.05                                                      09/23/2016  17:07:17  PAGE 18


  N:0034H         SYMBOL        TI_CCXXX0_RSSI
  N:003BH         SYMBOL        TI_CCXXX0_RXBYTES
  N:003FH         SYMBOL        TI_CCXXX0_RXFIFO
  N:0037H         SYMBOL        TI_CCXXX0_SAFC
  N:0033H         SYMBOL        TI_CCXXX0_SCAL
  N:003AH         SYMBOL        TI_CCXXX0_SFRX
  N:003BH         SYMBOL        TI_CCXXX0_SFTX
  N:0036H         SYMBOL        TI_CCXXX0_SIDLE
  N:003DH         SYMBOL        TI_CCXXX0_SNOP
  N:0039H         SYMBOL        TI_CCXXX0_SPWD
  N:0030H         SYMBOL        TI_CCXXX0_SRES
  N:0034H         SYMBOL        TI_CCXXX0_SRX
  N:0035H         SYMBOL        TI_CCXXX0_STX
  N:0038H         SYMBOL        TI_CCXXX0_SWOR
  N:003CH         SYMBOL        TI_CCXXX0_SWORRST
  N:0032H         SYMBOL        TI_CCXXX0_SXOFF
  N:0005H         SYMBOL        TI_CCXXX0_SYNC0
  N:0004H         SYMBOL        TI_CCXXX0_SYNC1
  N:002EH         SYMBOL        TI_CCXXX0_TEST0
  N:002DH         SYMBOL        TI_CCXXX0_TEST1
  N:002CH         SYMBOL        TI_CCXXX0_TEST2
  N:003AH         SYMBOL        TI_CCXXX0_TXBYTES
  N:003FH         SYMBOL        TI_CCXXX0_TXFIFO
  N:0039H         SYMBOL        TI_CCXXX0_VCO_VC_DAC
  N:0031H         SYMBOL        TI_CCXXX0_VERSION
  N:0020H         SYMBOL        TI_CCXXX0_WORCTRL
  N:001FH         SYMBOL        TI_CCXXX0_WOREVT0
  N:001EH         SYMBOL        TI_CCXXX0_WOREVT1
  N:0037H         SYMBOL        TI_CCXXX0_WORTIME0
  N:0036H         SYMBOL        TI_CCXXX0_WORTIME1
  D:008AH         SYMBOL        TL0
  D:008BH         SYMBOL        TL1
  D:0089H         SYMBOL        TMOD
  B:0088H.4       SYMBOL        TR0
  B:0088H.6       SYMBOL        TR1
  C:73E6H         SYMBOL        UNSLEEP
  N:008FH         SYMBOL        WAKE_CLKO
  C:2CAEH         SYMBOL        WAVEACTIVE_PRE03_LOOP
  C:2CC1H         SYMBOL        WAVEACTIVE_PRE03_PREDEAL
  B:00B0H.2       SYMBOL        WKO_BK
  X:0097H         SYMBOL        XDATA_BSTNUM
  X:0082H         SYMBOL        XDATA_BUF
  X:00ABH         SYMBOL        XDATA_HDDIF
  X:00A1H         SYMBOL        XDATA_LASTBEACONID
  X:00A9H         SYMBOL        XDATA_LOADCELLTOUSER
  X:0098H         SYMBOL        XDATA_SC
  X:0096H         SYMBOL        XDATA_SETMMI
  X:00A0H         SYMBOL        XDATA_SETMMINUM
  X:009DH         SYMBOL        XDATA_SP
  X:0082H         SYMBOL        XDATA_VARSTART
  X:00AAH         SYMBOL        XDATA_VSTDELAY
  X:0091H         SYMBOL        XDATA_VSTNUM
  C:393DH         SYMBOL        _FUN_CC1101_SPIOSINGLESOFT02
  C:3233H         SYMBOL        _FUN_OBUMAIN_BASEINIT02
  C:37DFH         SYMBOL        _FUN_OBUMAIN_BDCB
  C:3754H         SYMBOL        _FUN_OBUMAIN_BEEP
  C:364CH         SYMBOL        _FUN_OBUMAIN_CARDINFODISPLAY
BL51 BANKED LINKER/LOCATER V6.05                                                      09/23/2016  17:07:17  PAGE 19


  C:37E4H         SYMBOL        _FUN_OBUMAIN_CARDINFODISPLAY02
  C:3369H         SYMBOL        _FUN_OBUMAIN_CARDPREDEAL
  C:3A60H         SYMBOL        _FUN_OBUMAIN_CHECKMEMORYANDEX
  C:39B3H         SYMBOL        _FUN_OBUMAIN_DR
  C:3A28H         SYMBOL        _FUN_OBUMAIN_ERRSHOW
  C:3A5FH         SYMBOL        _FUN_OBUMAIN_ERRSHOW02
  C:39F4H         SYMBOL        _FUN_OBUMAIN_ERRSHOW03
  C:3AB3H         SYMBOL        _FUN_OBUMAIN_ISINSERT
  C:732FH         SYMBOL        _FUN_OBUMAIN_PINSLEEP
  C:73E6H         SYMBOL        _FUN_OBUMAIN_PINUNSLEEP
  C:398CH         SYMBOL        _FUN_OBUMAIN_PREPU
  C:395CH         SYMBOL        _FUN_OBUMAIN_PRESLEEP
  C:37E0H         SYMBOL        _FUN_OBUMAIN_RTCUP
  C:37B0H         SYMBOL        _FUN_OBUMAIN_SELECTDF01
  C:73D8H         SYMBOL        _FUN_OBUMAIN_SYSUNSLEEP02
  C:37CFH         SYMBOL        _FUN_OBUMAIN_TIMERX
  C:0000H         LINE#         47
  C:0003H         LINE#         50
  C:000BH         LINE#         53
  C:0013H         LINE#         56
  C:001BH         LINE#         59
  C:728DH         LINE#         92
  C:728FH         LINE#         93
  C:7291H         LINE#         94
  C:7294H         LINE#         95
  C:7297H         LINE#         97
  C:729AH         LINE#         98
  C:729DH         LINE#         99
  C:729FH         LINE#         100
  C:72A1H         LINE#         101
  C:72A3H         LINE#         102
  C:72A5H         LINE#         103
  C:72A6H         LINE#         112
  C:72A9H         LINE#         114
  C:72ACH         LINE#         115
  C:72AEH         LINE#         116
  C:72B0H         LINE#         118
  C:72B2H         LINE#         119
  C:72B5H         LINE#         120
  C:72B7H         LINE#         121
  C:72B9H         LINE#         122
  C:72BBH         LINE#         123
  C:72BDH         LINE#         124
  C:72BEH         LINE#         133
  C:72C0H         LINE#         134
  C:72C3H         LINE#         135
  C:72C5H         LINE#         136
  C:72C7H         LINE#         137
  C:72C9H         LINE#         138
  C:72CCH         LINE#         139
  C:72CEH         LINE#         140
  C:72D0H         LINE#         141
  C:72D2H         LINE#         142
  C:72D4H         LINE#         144
  C:72D5H         LINE#         147
  C:72D7H         LINE#         148
  C:72D8H         LINE#         157
BL51 BANKED LINKER/LOCATER V6.05                                                      09/23/2016  17:07:17  PAGE 20


  C:72DAH         LINE#         158
  C:72DCH         LINE#         159
  C:72DEH         LINE#         160
  C:72E0H         LINE#         161
  C:72E2H         LINE#         163
  C:72E4H         LINE#         164
  C:72E6H         LINE#         165
  C:72E8H         LINE#         166
  C:72EBH         LINE#         167
  C:72EDH         LINE#         168
  C:72EFH         LINE#         169
  C:72F1H         LINE#         170
  C:72F3H         LINE#         172
  C:72F4H         LINE#         175
  C:72F6H         LINE#         176
  C:72F7H         LINE#         187
  C:72F9H         LINE#         188
  C:72FAH         LINE#         192
  C:72FCH         LINE#         193
  C:72FEH         LINE#         194
  C:7300H         LINE#         195
  C:7303H         LINE#         196
  C:7305H         LINE#         199
  C:7308H         LINE#         200
  C:730AH         LINE#         202
  C:730CH         LINE#         203
  C:730EH         LINE#         204
  C:7311H         LINE#         205
  C:7313H         LINE#         207
  C:7316H         LINE#         208
  C:7318H         LINE#         209
  C:731AH         LINE#         211
  C:731DH         LINE#         212
  C:731FH         LINE#         213
  C:7321H         LINE#         214
  C:7323H         LINE#         216
  C:7326H         LINE#         217
  C:7328H         LINE#         218
  C:732AH         LINE#         219
  C:732CH         LINE#         220
  C:732EH         LINE#         223
  C:732FH         LINE#         238
  C:7331H         LINE#         239
  C:7333H         LINE#         240
  C:7335H         LINE#         242
  C:7338H         LINE#         243
  C:733BH         LINE#         245
  C:733EH         LINE#         246
  C:7341H         LINE#         248
  C:7344H         LINE#         249
  C:7347H         LINE#         251
  C:734AH         LINE#         252
  C:734DH         LINE#         254
  C:734FH         LINE#         256
  C:7352H         LINE#         257
  C:7354H         LINE#         258
  C:7355H         LINE#         259
BL51 BANKED LINKER/LOCATER V6.05                                                      09/23/2016  17:07:17  PAGE 21


  C:7357H         LINE#         260
  C:7359H         LINE#         263
  C:735CH         LINE#         264
  C:735FH         LINE#         266
  C:7361H         LINE#         268
  C:7363H         LINE#         269
  C:7365H         LINE#         270
  C:7367H         LINE#         271
  C:7369H         LINE#         272
  C:736BH         LINE#         274
  C:736DH         LINE#         275
  C:736FH         LINE#         277
  C:7371H         LINE#         280
  C:7374H         LINE#         281
  C:7377H         LINE#         283
  C:7379H         LINE#         284
  C:737BH         LINE#         285
  C:737DH         LINE#         286
  C:737FH         LINE#         287
  C:7381H         LINE#         288
  C:7383H         LINE#         290
  C:7385H         LINE#         291
  C:7387H         LINE#         295
  C:7389H         LINE#         296
  C:738BH         LINE#         297
  C:738DH         LINE#         300
  C:738FH         LINE#         301
  C:7391H         LINE#         302
  C:7393H         LINE#         304
  C:7395H         LINE#         307
  C:7397H         LINE#         308
  C:7399H         LINE#         309
  C:739BH         LINE#         310
  C:739DH         LINE#         311
  C:739FH         LINE#         314
  C:73A1H         LINE#         315
  C:73A3H         LINE#         316
  C:73A5H         LINE#         317
  C:73A7H         LINE#         318
  C:73A9H         LINE#         321
  C:73ABH         LINE#         322
  C:73ADH         LINE#         323
  C:73AFH         LINE#         326
  C:73B1H         LINE#         327
  C:73B3H         LINE#         330
  C:73B5H         LINE#         331
  C:73B7H         LINE#         334
  C:73B9H         LINE#         335
  C:73BBH         LINE#         338
  C:73BDH         LINE#         339
  C:73BFH         LINE#         340
  C:73C1H         LINE#         341
  C:73C3H         LINE#         342
  C:73C5H         LINE#         343
  C:73C7H         LINE#         344
  C:73C9H         LINE#         345
  C:73CAH         LINE#         349
BL51 BANKED LINKER/LOCATER V6.05                                                      09/23/2016  17:07:17  PAGE 22


  C:73CDH         LINE#         351
  C:73D0H         LINE#         353
  C:73D3H         LINE#         354
  C:73D5H         LINE#         355
  C:73D7H         LINE#         357
  C:73D8H         LINE#         359
  C:73DBH         LINE#         360
  C:73DEH         LINE#         361
  C:73E1H         LINE#         362
  C:73E3H         LINE#         363
  C:73E5H         LINE#         364
  C:73E6H         LINE#         385
  C:73E8H         LINE#         386
  C:73EAH         LINE#         387
  C:73ECH         LINE#         390
  C:73EFH         LINE#         391
  C:73F2H         LINE#         393
  C:73F5H         LINE#         394
  C:73F8H         LINE#         397
  C:73FBH         LINE#         398
  C:73FEH         LINE#         400
  C:7401H         LINE#         401
  C:7404H         LINE#         403
  C:7406H         LINE#         404
  C:7408H         LINE#         406
  C:740BH         LINE#         407
  C:740DH         LINE#         408
  C:740EH         LINE#         409
  C:7410H         LINE#         410
  C:7412H         LINE#         413
  C:7415H         LINE#         414
  C:7418H         LINE#         416
  C:741AH         LINE#         417
  C:741CH         LINE#         418
  C:741EH         LINE#         419
  C:7420H         LINE#         420
  C:7422H         LINE#         421
  C:7424H         LINE#         422
  C:7426H         LINE#         424
  C:7428H         LINE#         425
  C:742AH         LINE#         426
  C:742CH         LINE#         430
  C:742FH         LINE#         431
  C:7432H         LINE#         433
  C:7434H         LINE#         434
  C:7436H         LINE#         435
  C:7438H         LINE#         436
  C:743AH         LINE#         437
  C:743CH         LINE#         438
  C:743EH         LINE#         440
  C:7440H         LINE#         441
  C:7442H         LINE#         445
  C:7444H         LINE#         447
  C:7446H         LINE#         448
  C:7448H         LINE#         449
  C:744AH         LINE#         450
  C:744CH         LINE#         461
BL51 BANKED LINKER/LOCATER V6.05                                                      09/23/2016  17:07:17  PAGE 23


  C:744EH         LINE#         462
  C:7450H         LINE#         463
  C:7452H         LINE#         464
  C:7454H         LINE#         465
  C:7456H         LINE#         468
  C:7458H         LINE#         469
  C:745AH         LINE#         473
  C:745CH         LINE#         476
  C:745EH         LINE#         477
  C:7460H         LINE#         480
  C:7462H         LINE#         481
  C:7464H         LINE#         484
  C:7466H         LINE#         485
  C:7468H         LINE#         488
  C:746AH         LINE#         490
  C:746CH         LINE#         491
  C:746EH         LINE#         492
  C:7470H         LINE#         493
  C:7472H         LINE#         494
  C:7474H         LINE#         495
  C:7476H         LINE#         498
  C:2674H         LINE#         507
  C:2677H         LINE#         508
  C:267AH         LINE#         509
  C:267CH         LINE#         510
  C:267EH         LINE#         512
  C:2681H         LINE#         513
  C:2682H         LINE#         514
  C:2684H         LINE#         517
  C:2687H         LINE#         524
  C:2689H         LINE#         525
  C:268BH         LINE#         526
  C:268CH         LINE#         532
  C:268EH         LINE#         533
  C:2691H         LINE#         537
  C:2694H         LINE#         538
  C:2697H         LINE#         541
  C:2699H         LINE#         542
  C:269BH         LINE#         543
  C:269CH         LINE#         546
  C:269FH         LINE#         547
  C:26A2H         LINE#         548
  C:26A5H         LINE#         549
  C:26A7H         LINE#         550
  C:26A9H         LINE#         551
  C:26ABH         LINE#         554
  C:26ADH         LINE#         555
  C:26AFH         LINE#         565
  C:26B1H         LINE#         567
  C:26B3H         LINE#         568
  C:26B6H         LINE#         569
  C:26B8H         LINE#         572
  C:26BBH         LINE#         573
  C:26BCH         LINE#         574
  C:26BEH         LINE#         575
  C:26C0H         LINE#         576
  C:26C3H         LINE#         577
BL51 BANKED LINKER/LOCATER V6.05                                                      09/23/2016  17:07:17  PAGE 24


  C:26C5H         LINE#         581
  C:26C7H         LINE#         582
  C:26C9H         LINE#         584
  C:26CCH         LINE#         585
  C:26CEH         LINE#         586
  C:26CFH         LINE#         588
  C:26D2H         LINE#         589
  C:26D5H         LINE#         591
  C:26D7H         LINE#         592
  C:26D9H         LINE#         602
  C:26DCH         LINE#         603
  C:26DFH         LINE#         606
  C:26E1H         LINE#         607
  C:26E3H         LINE#         608
  C:26E5H         LINE#         609
  C:26E7H         LINE#         612
  C:26EAH         LINE#         613
  C:26ECH         LINE#         614
  C:26EEH         LINE#         615
  C:26F0H         LINE#         616
  C:26F2H         LINE#         617
  C:26F4H         LINE#         618
  C:26F6H         LINE#         619
  C:26F8H         LINE#         621
  C:26FAH         LINE#         622
  C:26FCH         LINE#         623
  C:26FEH         LINE#         624
  C:2700H         LINE#         625
  C:2702H         LINE#         626
  C:2704H         LINE#         628
  C:2706H         LINE#         629
  C:2708H         LINE#         634
  C:270AH         LINE#         635
  C:270BH         LINE#         637
  C:270EH         LINE#         638
  C:2710H         LINE#         639
  C:2711H         LINE#         640
  C:2712H         LINE#         642
  C:2715H         LINE#         643
  C:2717H         LINE#         644
  C:2718H         LINE#         647
  C:271AH         LINE#         648
  C:271BH         LINE#         650
  C:271DH         LINE#         651
  C:271FH         LINE#         653
  C:2722H         LINE#         654
  C:2725H         LINE#         656
  C:2727H         LINE#         657
  C:2729H         LINE#         658
  C:272CH         LINE#         661
  C:272FH         LINE#         662
  C:2731H         LINE#         663
  C:2733H         LINE#         664
  C:2735H         LINE#         665
  C:2737H         LINE#         666
  C:2739H         LINE#         667
  C:273BH         LINE#         668
BL51 BANKED LINKER/LOCATER V6.05                                                      09/23/2016  17:07:17  PAGE 25


  C:273DH         LINE#         670
  C:273FH         LINE#         671
  C:2741H         LINE#         672
  C:2743H         LINE#         673
  C:2745H         LINE#         675
  C:2747H         LINE#         676
  C:2749H         LINE#         679
  C:274BH         LINE#         680
  C:274DH         LINE#         681
  C:274FH         LINE#         682
  C:2752H         LINE#         683
  C:2755H         LINE#         685
  C:2756H         LINE#         686
  C:2757H         LINE#         688
  C:275AH         LINE#         697
  C:275CH         LINE#         698
  C:275FH         LINE#         699
  C:2761H         LINE#         700
  C:2764H         LINE#         701
  C:2766H         LINE#         702
  C:2769H         LINE#         705
  C:276BH         LINE#         706
  C:276DH         LINE#         707
  C:2770H         LINE#         708
  C:2772H         LINE#         709
  C:2774H         LINE#         710
  C:2777H         LINE#         713
  C:2779H         LINE#         715
  C:277BH         LINE#         716
  C:277DH         LINE#         719
  C:277FH         LINE#         720
  C:2780H         LINE#         721
  C:2783H         LINE#         722
  C:2784H         LINE#         723
  C:2785H         LINE#         724
  C:2786H         LINE#         726
  C:2789H         LINE#         727
  C:278BH         LINE#         728
  C:278CH         LINE#         729
  C:278FH         LINE#         731
  C:2792H         LINE#         732
  C:2793H         LINE#         734
  C:2795H         LINE#         735
  C:2797H         LINE#         736
  C:2799H         LINE#         738
  C:279AH         LINE#         739
  C:279CH         LINE#         740
  C:279EH         LINE#         741
  C:27A0H         LINE#         743
  C:27A1H         LINE#         757
  C:27A3H         LINE#         758
  C:27A5H         LINE#         759
  C:27A7H         LINE#         761
  C:27AAH         LINE#         768
  C:27ACH         LINE#         769
  C:27AEH         LINE#         770
  C:27B1H         LINE#         771
BL51 BANKED LINKER/LOCATER V6.05                                                      09/23/2016  17:07:17  PAGE 26


  C:27B4H         LINE#         773
  C:27B7H         LINE#         804
  C:27BAH         LINE#         807
  C:27BCH         LINE#         808
  C:27BEH         LINE#         809
  C:27C0H         LINE#         810
  C:27C2H         LINE#         811
  C:27C4H         LINE#         812
  C:27C6H         LINE#         813
  C:27C9H         LINE#         816
  C:27CBH         LINE#         817
  C:27CCH         LINE#         818
  C:27CDH         LINE#         819
  C:27CEH         LINE#         820
  C:27CFH         LINE#         824
  C:27D2H         LINE#         825
  C:27D4H         LINE#         826
  C:27D7H         LINE#         830
  C:27D9H         LINE#         831
  C:27DBH         LINE#         832
  C:27DDH         LINE#         833
  C:27DFH         LINE#         834
  C:27E2H         LINE#         835
  C:27E3H         LINE#         839
  C:27E5H         LINE#         841
  C:27E7H         LINE#         842
  C:27E9H         LINE#         843
  C:27ECH         LINE#         844
  C:27EEH         LINE#         845
  C:27F1H         LINE#         846
  C:27F3H         LINE#         847
  C:27F5H         LINE#         850
  C:27F7H         LINE#         851
  C:27FAH         LINE#         852
  C:27FCH         LINE#         855
  C:27FFH         LINE#         856
  C:2801H         LINE#         857
  C:2804H         LINE#         861
  C:2807H         LINE#         863
  C:280AH         LINE#         864
  C:280DH         LINE#         865
  C:280FH         LINE#         866
  C:2811H         LINE#         867
  C:2814H         LINE#         870
  C:2816H         LINE#         876
  C:2818H         LINE#         877
  C:281BH         LINE#         878
  C:281EH         LINE#         896
  C:2821H         LINE#         899
  C:2822H         LINE#         900
  C:2823H         LINE#         901
  C:2824H         LINE#         902
  C:2825H         LINE#         903
  C:2826H         LINE#         904
  C:2827H         LINE#         905
  C:2828H         LINE#         906
  C:2829H         LINE#         907
BL51 BANKED LINKER/LOCATER V6.05                                                      09/23/2016  17:07:17  PAGE 27


  C:282AH         LINE#         908
  C:282BH         LINE#         909
  C:282CH         LINE#         910
  C:282DH         LINE#         912
  C:282FH         LINE#         919
  C:2832H         LINE#         920
  C:2835H         LINE#         921
  C:2837H         LINE#         922
  C:2839H         LINE#         924
  C:283BH         LINE#         925
  C:283DH         LINE#         926
  C:283FH         LINE#         927
  C:2841H         LINE#         928
  C:2843H         LINE#         929
  C:2846H         LINE#         932
  C:2847H         LINE#         933
  C:2849H         LINE#         935
  C:284BH         LINE#         936
  C:284DH         LINE#         938
  C:284FH         LINE#         939
  C:2850H         LINE#         940
  C:2852H         LINE#         941
  C:2854H         LINE#         943
  C:2856H         LINE#         944
  C:2857H         LINE#         945
  C:2859H         LINE#         946
  C:285BH         LINE#         948
  C:285DH         LINE#         951
  C:2860H         LINE#         952
  C:2863H         LINE#         956
  C:2866H         LINE#         957
  C:2868H         LINE#         958
  C:286BH         LINE#         959
  C:286EH         LINE#         965
  C:2871H         LINE#         966
  C:2873H         LINE#         971
  C:2876H         LINE#         972
  C:2879H         LINE#         973
  C:287BH         LINE#         974
  C:287DH         LINE#         975
  C:2880H         LINE#         979
  C:2883H         LINE#         980
  C:2886H         LINE#         985
  C:2889H         LINE#         986
  C:288CH         LINE#         996
  C:288FH         LINE#         997
  C:2890H         LINE#         998
  C:2892H         LINE#         999
  C:2895H         LINE#         1002
  C:2896H         LINE#         1003
  C:2898H         LINE#         1004
  C:289AH         LINE#         1006
  C:289BH         LINE#         1007
  C:289DH         LINE#         1008
  C:289FH         LINE#         1009
  C:28A2H         LINE#         1012
  C:28A5H         LINE#         1023
BL51 BANKED LINKER/LOCATER V6.05                                                      09/23/2016  17:07:17  PAGE 28


  C:28A8H         LINE#         1025
  C:28ABH         LINE#         1027
  C:28ADH         LINE#         1028
  C:28B0H         LINE#         1029
  C:28B3H         LINE#         1030
  C:28B5H         LINE#         1031
  C:28B8H         LINE#         1032
  C:28BAH         LINE#         1033
  C:28BDH         LINE#         1034
  C:28C0H         LINE#         1037
  C:28C2H         LINE#         1038
  C:28C5H         LINE#         1039
  C:28C7H         LINE#         1040
  C:28CAH         LINE#         1041
  C:28CCH         LINE#         1042
  C:28CEH         LINE#         1044
  C:28D0H         LINE#         1045
  C:28D3H         LINE#         1046
  C:28D5H         LINE#         1047
  C:28D8H         LINE#         1049
  C:28DAH         LINE#         1050
  C:28DDH         LINE#         1051
  C:28DFH         LINE#         1052
  C:28E2H         LINE#         1054
  C:28E4H         LINE#         1055
  C:28E7H         LINE#         1056
  C:28E9H         LINE#         1066
  C:28EBH         LINE#         1068
  C:28ECH         LINE#         1069
  C:28EEH         LINE#         1070
  C:28F1H         LINE#         1074
  C:28F3H         LINE#         1075
  C:28F5H         LINE#         1076
  C:28F7H         LINE#         1077
  C:28F9H         LINE#         1078
  C:28FBH         LINE#         1079
  C:28FDH         LINE#         1080
  C:2900H         LINE#         1081
  C:2901H         LINE#         1082
  C:2903H         LINE#         1083
  C:2905H         LINE#         1086
  C:2907H         LINE#         1087
  C:2909H         LINE#         1088
  C:290BH         LINE#         1089
  C:290DH         LINE#         1090
  C:290FH         LINE#         1091
  C:2911H         LINE#         1092
  C:2913H         LINE#         1093
  C:2916H         LINE#         1094
  C:2917H         LINE#         1095
  C:2919H         LINE#         1096
  C:291BH         LINE#         1102
  C:291DH         LINE#         1103
  C:291FH         LINE#         1104
  C:2921H         LINE#         1105
  C:2924H         LINE#         1107
  C:2926H         LINE#         1108
BL51 BANKED LINKER/LOCATER V6.05                                                      09/23/2016  17:07:17  PAGE 29


  C:2928H         LINE#         1110
  C:292AH         LINE#         1111
  C:292BH         LINE#         1112
  C:292CH         LINE#         1113
  C:292FH         LINE#         1116
  C:2931H         LINE#         1117
  C:2934H         LINE#         1118
  C:2936H         LINE#         1119
  C:2939H         LINE#         1121
  C:293BH         LINE#         1122
  C:293EH         LINE#         1123
  C:2940H         LINE#         1124
  C:2943H         LINE#         1126
  C:2946H         LINE#         1138
  C:2949H         LINE#         1141
  C:294CH         LINE#         1143
  C:294EH         LINE#         1144
  C:2951H         LINE#         1145
  C:2954H         LINE#         1147
  C:2956H         LINE#         1148
  C:2959H         LINE#         1149
  C:295BH         LINE#         1150
  C:295EH         LINE#         1151
  C:2961H         LINE#         1154
  C:2963H         LINE#         1155
  C:2966H         LINE#         1156
  C:2968H         LINE#         1157
  C:296BH         LINE#         1158
  C:296DH         LINE#         1159
  C:296FH         LINE#         1161
  C:2972H         LINE#         1163
  C:2974H         LINE#         1164
  C:2977H         LINE#         1166
  C:2979H         LINE#         1167
  C:297CH         LINE#         1168
  C:297EH         LINE#         1169
  C:2981H         LINE#         1171
  C:2983H         LINE#         1172
  C:2985H         LINE#         1173
  C:2987H         LINE#         1174
  C:2989H         LINE#         1175
  C:298BH         LINE#         1176
  C:298DH         LINE#         1177
  C:2990H         LINE#         1178
  C:2991H         LINE#         1179
  C:2993H         LINE#         1180
  C:2995H         LINE#         1183
  C:2997H         LINE#         1184
  C:2999H         LINE#         1185
  C:299BH         LINE#         1186
  C:299DH         LINE#         1187
  C:299FH         LINE#         1188
  C:29A1H         LINE#         1189
  C:29A3H         LINE#         1190
  C:29A6H         LINE#         1191
  C:29A7H         LINE#         1192
  C:29A9H         LINE#         1193
BL51 BANKED LINKER/LOCATER V6.05                                                      09/23/2016  17:07:17  PAGE 30


  C:29ABH         LINE#         1198
  C:29ADH         LINE#         1199
  C:29AFH         LINE#         1200
  C:29B1H         LINE#         1201
  C:29B4H         LINE#         1203
  C:29B6H         LINE#         1204
  C:29B8H         LINE#         1206
  C:29BAH         LINE#         1207
  C:29BBH         LINE#         1208
  C:29BCH         LINE#         1209
  C:29BFH         LINE#         1212
  C:29C1H         LINE#         1213
  C:29C4H         LINE#         1214
  C:29C6H         LINE#         1215
  C:29C9H         LINE#         1216
  C:29CCH         LINE#         1220
  C:29CFH         LINE#         1231
  C:29D2H         LINE#         1234
  C:29D5H         LINE#         1236
  C:29D7H         LINE#         1237
  C:29DAH         LINE#         1238
[...]
  C:6428H         LINE#         110
  C:642AH         LINE#         113
  C:642DH         LINE#         114
  C:642FH         LINE#         115
  C:6432H         LINE#         117
  C:6433H         LINE#         122
  C:6434H         LINE#         123
  C:6435H         LINE#         124
  C:6436H         LINE#         126
  C:6438H         LINE#         127
  C:643AH         LINE#         128
  C:643BH         LINE#         130
  C:643CH         LINE#         131
  C:643DH         LINE#         132
  C:643EH         LINE#         133
  C:6441H         LINE#         134
  C:6442H         LINE#         135
  C:6443H         LINE#         136
  C:6444H         LINE#         137
  C:6445H         LINE#         138
  C:6447H         LINE#         139
  C:6448H         LINE#         140
  C:644BH         LINE#         141
  C:644CH         LINE#         142
  C:644DH         LINE#         143
  C:644FH         LINE#         144
  C:6450H         LINE#         145
  C:6452H         LINE#         147
  C:6453H         LINE#         149
  C:6454H         LINE#         151
  C:6455H         LINE#         152
  C:6456H         LINE#         153
  C:6457H         LINE#         154
  C:6458H         LINE#         155
  C:645AH         LINE#         157
  C:645CH         LINE#         159
  C:645DH         LINE#         161
  C:645FH         LINE#         163
  C:6460H         LINE#         165
  C:6462H         LINE#         166
  C:6463H         LINE#         179
  C:6464H         LINE#         180
  C:6465H         LINE#         181
  C:6466H         LINE#         182
  C:6468H         LINE#         184
  C:646AH         LINE#         185
  C:646CH         LINE#         186
BL51 BANKED LINKER/LOCATER V6.05                                                      09/23/2016  17:07:17  PAGE 326


  C:646DH         LINE#         188
  C:646FH         LINE#         189
  C:6470H         LINE#         190
  C:6471H         LINE#         191
  C:6473H         LINE#         192
  C:6475H         LINE#         193
  C:6477H         LINE#         194
  C:6479H         LINE#         202
  C:647BH         LINE#         205
  C:647CH         LINE#         208
  C:647EH         LINE#         209
  C:6480H         LINE#         210
  C:6482H         LINE#         211
  C:6483H         LINE#         212
  C:6484H         LINE#         213
  C:6487H         LINE#         214
  C:6489H         LINE#         215
  C:648CH         LINE#         216
  C:648EH         LINE#         217
  C:6491H         LINE#         218
  C:6493H         LINE#         219
  C:6495H         LINE#         220
  C:6497H         LINE#         221
  C:649AH         LINE#         223
  C:649CH         LINE#         224
  C:649DH         LINE#         225
  C:649FH         LINE#         226
  C:64A0H         LINE#         236
  C:64A2H         LINE#         237
  C:64A4H         LINE#         238
  C:64A7H         LINE#         239
  C:64A9H         LINE#         240
  C:64ABH         LINE#         241
  C:64ADH         LINE#         242
  C:64AFH         LINE#         243
  C:64B1H         LINE#         244
  C:64B3H         LINE#         245
  C:64B5H         LINE#         247
  C:64B7H         LINE#         248
  C:64B9H         LINE#         250
  C:64BBH         LINE#         251
  C:64BDH         LINE#         253
  C:64BFH         LINE#         272
  C:64C1H         LINE#         273
  C:64C3H         LINE#         274
  C:64C6H         LINE#         276
  C:64C8H         LINE#         277
  C:64CBH         LINE#         279
  C:64CDH         LINE#         280
  C:64D0H         LINE#         282
  C:64D2H         LINE#         283
  C:64D5H         LINE#         291
  C:64D7H         LINE#         292
  C:64DAH         LINE#         295
  C:64DCH         LINE#         296
  C:64DFH         LINE#         301
  C:64E1H         LINE#         303
BL51 BANKED LINKER/LOCATER V6.05                                                      09/23/2016  17:07:17  PAGE 327


  C:64E4H         LINE#         305
  C:64E6H         LINE#         306
  C:64E9H         LINE#         308
  C:64EBH         LINE#         309
  C:64EEH         LINE#         312
  C:64F0H         LINE#         313
  C:64F3H         LINE#         321
  C:64F5H         LINE#         322
  C:64F8H         LINE#         324
  C:64FAH         LINE#         325
  C:64FDH         LINE#         327
  C:64FFH         LINE#         328
  C:6502H         LINE#         330
  C:6504H         LINE#         331
  C:6507H         LINE#         336
  C:6509H         LINE#         338
  C:650BH         LINE#         340
  C:650DH         LINE#         342
  C:650FH         LINE#         345
  C:6512H         LINE#         350
  C:6513H         LINE#         360
  C:6516H         LINE#         362
  C:6518H         LINE#         363
  C:651AH         LINE#         364
  C:651BH         LINE#         365
  C:651CH         LINE#         366
  C:651FH         LINE#         368
  C:6521H         LINE#         369
  C:6523H         LINE#         370
  C:6524H         LINE#         371
  C:6527H         LINE#         373
  C:6529H         LINE#         374
  C:652BH         LINE#         375
  C:652EH         LINE#         377
  C:6530H         LINE#         379
  C:6532H         LINE#         380
  C:6534H         LINE#         381
  C:6535H         LINE#         382
  C:6538H         LINE#         383
  C:653AH         LINE#         385
  C:653BH         LINE#         397
  C:653EH         LINE#         398
  C:6540H         LINE#         399
  C:6541H         LINE#         400
  C:6543H         LINE#         401
  C:6544H         LINE#         404
  C:6547H         LINE#         405
  C:6548H         LINE#         407
  C:654AH         LINE#         409
  C:654BH         LINE#         410
  C:654CH         LINE#         411
  C:654DH         LINE#         412
  C:654EH         LINE#         413
  C:6550H         LINE#         414
  C:6552H         LINE#         416
  C:6554H         LINE#         417
  C:6556H         LINE#         418
BL51 BANKED LINKER/LOCATER V6.05                                                      09/23/2016  17:07:17  PAGE 328


  C:6558H         LINE#         429
  C:655BH         LINE#         430
  C:655DH         LINE#         431
  C:655EH         LINE#         432
  C:6560H         LINE#         433
  C:6561H         LINE#         436
  C:6564H         LINE#         437
  C:6565H         LINE#         439
  C:6567H         LINE#         441
  C:6568H         LINE#         442
  C:6569H         LINE#         443
  C:656AH         LINE#         444
  C:656BH         LINE#         445
  C:656DH         LINE#         446
  C:656FH         LINE#         448
  C:6571H         LINE#         449
  C:6573H         LINE#         450
  C:6575H         LINE#         459
  C:6578H         LINE#         461
  C:657AH         LINE#         462
  C:657BH         LINE#         463
  C:657CH         LINE#         464
  C:657EH         LINE#         466
  C:657FH         LINE#         467
  C:6580H         LINE#         468
  C:6581H         LINE#         470
  C:6582H         LINE#         471
  C:6583H         LINE#         473
  C:6585H         LINE#         475
  C:6587H         LINE#         477
  C:6589H         LINE#         498
  C:658CH         LINE#         501
  C:658EH         LINE#         502
  C:6591H         LINE#         503
  C:6592H         LINE#         504
  C:6593H         LINE#         505
  C:6595H         LINE#         507
  C:6596H         LINE#         508
  C:6598H         LINE#         509
  C:6599H         LINE#         510
  C:659BH         LINE#         514
  C:659CH         LINE#         515
  C:659EH         LINE#         516
  C:65A0H         LINE#         518
  C:65A3H         LINE#         525
  C:65A5H         LINE#         526
  C:65A6H         LINE#         527
  C:65A7H         LINE#         528
  C:65AAH         LINE#         529
  C:65ACH         LINE#         530
  C:65AEH         LINE#         533
  C:65B0H         LINE#         534
  C:65B1H         LINE#         535
  C:65B2H         LINE#         536
  C:65B4H         LINE#         538
  C:65B7H         LINE#         539
  C:65B8H         LINE#         541
BL51 BANKED LINKER/LOCATER V6.05                                                      09/23/2016  17:07:17  PAGE 329


  C:65BAH         LINE#         542
  C:65BCH         LINE#         543
  C:65BDH         LINE#         544
  C:65BFH         LINE#         545
  C:65C1H         LINE#         546
  C:65C3H         LINE#         548
  C:65C5H         LINE#         552
  C:65C7H         LINE#         553
  C:65C8H         LINE#         554
  C:65C9H         LINE#         555
  C:65CBH         LINE#         557
  C:65CEH         LINE#         558
  C:65CFH         LINE#         560
  C:65D1H         LINE#         561
  C:65D3H         LINE#         562
  C:65D4H         LINE#         563
  C:65D6H         LINE#         564
  C:65D8H         LINE#         565
  C:65DAH         LINE#         570
  C:65DCH         LINE#         571
  C:65DEH         LINE#         574
  C:65E0H         LINE#         575
  C:65E2H         LINE#         576
  C:65E3H         LINE#         577
  C:65E4H         LINE#         578
  C:65E7H         LINE#         580
  C:65E9H         LINE#         581
  C:65EAH         LINE#         582
  C:65EBH         LINE#         583
  C:65EDH         LINE#         584
  C:65EFH         LINE#         585
  C:65F0H         LINE#         586
  C:65F3H         LINE#         588
  C:65F5H         LINE#         589
  C:65F6H         LINE#         590
  C:65F8H         LINE#         591
  C:65F9H         LINE#         592
  C:65FCH         LINE#         595
  C:65FFH         LINE#         596
  C:6601H         LINE#         597
  C:6603H         LINE#         599
  C:6605H         LINE#         601
  C:6607H         LINE#         602
  C:6608H         LINE#         603
  C:6609H         LINE#         604
  C:660AH         LINE#         605
  C:660DH         LINE#         606
  C:660EH         LINE#         607
  C:6610H         LINE#         608
  C:6612H         LINE#         609
  C:6614H         LINE#         616
  C:6616H         LINE#         618
  C:6618H         LINE#         620
  C:661AH         LINE#         621
  C:661BH         LINE#         622
  C:661CH         LINE#         623
  C:661DH         LINE#         624
BL51 BANKED LINKER/LOCATER V6.05                                                      09/23/2016  17:07:17  PAGE 330


  C:6620H         LINE#         625
  C:6621H         LINE#         627
  C:6623H         LINE#         628
  C:6625H         LINE#         634
  C:6626H         LINE#         635
  C:6629H         LINE#         638
  C:662CH         LINE#         639
  C:662EH         LINE#         640
  C:662FH         LINE#         641
  C:6630H         LINE#         643
  C:6632H         LINE#         644
  C:6633H         LINE#         646
  C:6634H         LINE#         648
  C:6636H         LINE#         649
  C:6637H         LINE#         650
  C:6639H         LINE#         653
  C:663BH         LINE#         654
  C:663EH         LINE#         656
  C:6641H         LINE#         658
  C:6642H         LINE#         661
  C:6644H         LINE#         663
  C:6645H         LINE#         664
  C:6648H         LINE#         668
  C:6649H         LINE#         689
  C:664AH         LINE#         693
  C:664DH         LINE#         694
  C:664FH         LINE#         696
  C:6651H         LINE#         697
  C:6653H         LINE#         698
  C:6655H         LINE#         699
  C:6656H         LINE#         700
  C:6659H         LINE#         703
  C:665BH         LINE#         704
  C:665EH         LINE#         707
  C:6660H         LINE#         708
  C:6663H         LINE#         710
  C:6665H         LINE#         712
  C:6667H         LINE#         713
  C:6669H         LINE#         714
  C:666CH         LINE#         715
  C:666EH         LINE#         717
  C:6670H         LINE#         720
  C:6673H         LINE#         721
  C:6675H         LINE#         723
  C:6677H         LINE#         724
  C:6679H         LINE#         725
  C:667BH         LINE#         726
  C:667CH         LINE#         727
  C:667FH         LINE#         730
  C:6681H         LINE#         731
  C:6684H         LINE#         734
  C:6686H         LINE#         735
  C:6689H         LINE#         737
  C:668BH         LINE#         738
  C:668DH         LINE#         739
  C:6690H         LINE#         741
  C:6692H         LINE#         744
BL51 BANKED LINKER/LOCATER V6.05                                                      09/23/2016  17:07:17  PAGE 331


  C:6695H         LINE#         745
  C:6697H         LINE#         747
  C:6699H         LINE#         748
  C:669BH         LINE#         749
  C:669DH         LINE#         750
  C:669EH         LINE#         751
  C:66A1H         LINE#         753
  C:66A3H         LINE#         754
  C:66A6H         LINE#         757
  C:66A8H         LINE#         758
  C:66ABH         LINE#         760
  C:66ADH         LINE#         761
  C:66AFH         LINE#         762
  C:66B2H         LINE#         764
  C:66B4H         LINE#         769
  C:66B7H         LINE#         771
  C:66B9H         LINE#         772
  C:66BBH         LINE#         773
  C:66BDH         LINE#         774
  C:66BEH         LINE#         775
  C:66C1H         LINE#         777
  C:66C3H         LINE#         778
  C:66C6H         LINE#         780
  C:66C8H         LINE#         781
  C:66CBH         LINE#         786
  C:66CDH         LINE#         787
  C:66CFH         LINE#         788
  C:66D2H         LINE#         789
  C:66D4H         LINE#         791
  C:66D6H         LINE#         792
  C:66D8H         LINE#         793
  C:66DBH         LINE#         794
  C:66DDH         LINE#         796
  C:66DFH         LINE#         797
  C:66E2H         LINE#         798
  C:66E4H         LINE#         800
  C:66E6H         LINE#         801
  C:66E8H         LINE#         802
  C:66EBH         LINE#         803
  C:66EDH         LINE#         805
  C:66EFH         LINE#         806
  C:66F2H         LINE#         807
  C:66F4H         LINE#         809
  C:66F6H         LINE#         810
  C:66F8H         LINE#         811
  C:66FBH         LINE#         812
  C:66FDH         LINE#         814
  C:66FFH         LINE#         815
  C:6702H         LINE#         816
  C:6704H         LINE#         880
  C:6705H         LINE#         897
  C:6707H         LINE#         898
  C:6709H         LINE#         903
  C:670CH         LINE#         904
  C:670FH         LINE#         905
  C:6710H         LINE#         906
  C:6713H         LINE#         907
BL51 BANKED LINKER/LOCATER V6.05                                                      09/23/2016  17:07:17  PAGE 332


  C:6715H         LINE#         908
  C:6717H         LINE#         912
  C:671AH         LINE#         914
  C:671BH         LINE#         915
  C:671CH         LINE#         917
  C:671DH         LINE#         918
  C:671FH         LINE#         919
  C:6720H         LINE#         921
  C:6722H         LINE#         922
  C:6724H         LINE#         926
  C:6727H         LINE#         928
  C:672AH         LINE#         929
  C:672CH         LINE#         930
  C:672DH         LINE#         931
  C:672FH         LINE#         942
  C:6732H         LINE#         943
  C:6734H         LINE#         944
  C:6736H         LINE#         946
  C:6737H         LINE#         947
  C:6738H         LINE#         948
  C:673AH         LINE#         949
  C:673CH         LINE#         951
  C:673DH         LINE#         953
  C:673FH         LINE#         954
  C:6741H         LINE#         956
  C:6744H         LINE#         957
  C:6746H         LINE#         958
  C:6747H         LINE#         959
  C:6749H         LINE#         960
  C:674BH         LINE#         961
  C:674DH         LINE#         963
  C:674EH         LINE#         964
  C:674FH         LINE#         965
  C:6750H         LINE#         966
  C:6752H         LINE#         967
  C:6754H         LINE#         968
  C:6755H         LINE#         970
  C:6756H         LINE#         972
  C:6758H         LINE#         973
  C:675AH         LINE#         974
  C:675DH         LINE#         975
  C:675FH         LINE#         976
  C:6760H         LINE#         977
  C:6762H         LINE#         978
  C:6764H         LINE#         979
  C:6766H         LINE#         981
  C:6768H         LINE#         982
  C:676AH         LINE#         985
  C:676BH         LINE#         986
  C:676CH         LINE#         987
  C:676EH         LINE#         990
  C:6770H         LINE#         991
  C:6772H         LINE#         996
  C:6773H         LINE#         998
  C:6775H         LINE#         1006
  C:6777H         LINE#         1007
  C:6779H         LINE#         1008
BL51 BANKED LINKER/LOCATER V6.05                                                      09/23/2016  17:07:17  PAGE 333


  C:677CH         LINE#         1009
  C:677FH         LINE#         1010
  C:6780H         LINE#         1011
  C:6781H         LINE#         1013
  C:6784H         LINE#         1014
  C:6786H         LINE#         1015
  C:6788H         LINE#         1022
  C:678AH         LINE#         1023
  C:678DH         LINE#         1024
  C:6790H         LINE#         1026
  C:6792H         LINE#         1029
  C:6794H         LINE#         1030
  C:6796H         LINE#         1031
  C:6797H         LINE#         1032
  C:6799H         LINE#         1035
  C:679AH         LINE#         1036
  C:679CH         LINE#         1038
  C:679FH         LINE#         1039
  C:67A0H         LINE#         1040
  C:67A1H         LINE#         1042
  C:67A4H         LINE#         1043
  C:67A5H         LINE#         1044
  C:67A6H         LINE#         1046
  C:67A8H         LINE#         1054
  C:67ABH         LINE#         1055
  C:67ADH         LINE#         1056
  C:67AEH         LINE#         1060
  C:67B1H         LINE#         1061
  C:67B3H         LINE#         1063
  C:67B6H         LINE#         1064
  C:67B8H         LINE#         1066
  C:67B9H         LINE#         1067
  C:67BBH         LINE#         1068
  C:67BCH         LINE#         1070
  C:67BEH         LINE#         1075
  C:67C1H         LINE#         1076
  C:67C3H         LINE#         1078
  C:67C6H         LINE#         1079
  C:67C8H         LINE#         1081
  C:67C9H         LINE#         1082
  C:67CBH         LINE#         1083
  C:67CCH         LINE#         1085
  C:67CEH         LINE#         1089
  C:67D1H         LINE#         1090
  C:67D3H         LINE#         1092
  C:67D6H         LINE#         1093
  C:67D8H         LINE#         1095
  C:67D9H         LINE#         1096
  C:67DBH         LINE#         1097
  C:67DCH         LINE#         1099
  C:67DEH         LINE#         1102
  C:67E0H         LINE#         1103
  C:67E1H         LINE#         1105
  C:67E2H         LINE#         1106
  C:67E3H         LINE#         1107
  C:67E5H         LINE#         1109
  C:67E6H         LINE#         1115
BL51 BANKED LINKER/LOCATER V6.05                                                      09/23/2016  17:07:17  PAGE 334


  C:67E9H         LINE#         1116
  C:67EBH         LINE#         1117
  C:67ECH         LINE#         1118
  C:67EEH         LINE#         1119
  C:67EFH         LINE#         1122
  C:67F2H         LINE#         1123
  C:67F3H         LINE#         1125
  C:67F5H         LINE#         1127
  C:67F6H         LINE#         1128
  C:67F7H         LINE#         1129
  C:67F8H         LINE#         1130
  C:67F9H         LINE#         1131
  C:67FBH         LINE#         1132
  C:67FDH         LINE#         1134
  C:67FFH         LINE#         1135
  C:6801H         LINE#         1136
  -------         ENDMOD        LCD_SPACE

Program Size: data=256.0 xdata=256 code=31082
LINK/LOCATE RUN COMPLETE.  0 WARNING(S),  0 ERROR(S)
