BL51 BANKED LINKER/LOCATER V6.05                                                        02/15/2017  18:53:02  PAGE 1


BL51 BANKED LINKER/LOCATER V6.05, INVOKED BY:
C:\KEIL\C51\BIN\BL51.EXE OBUMAIN.obj, TFT_LCD.obj, TEST.obj, SERIAL.obj, ProCard.obj, NContact.obj, MFCard.obj, LIB.obj,
>>  HDLC.obj, GSM.obj, flash.obj, DSRC.obj, Contact.obj, CC1101.obj, CardAPP.obj, C_Issue.obj TO 51_OBU_Keil RAMSIZE (25
>> 6)


INPUT MODULES INCLUDED:
  OBUMAIN.obj (OBUMAIN)
  TFT_LCD.obj (LCD_SPACE)
  TEST.obj (TEST)
  SERIAL.obj (SERIAL)
  ProCard.obj (PROCARD)
  NContact.obj (NCONTACT)
  MFCard.obj (MFCARD)
  LIB.obj (LIB)
  HDLC.obj (HDLC)
  GSM.obj (GSM)
  flash.obj (FLASH)
  DSRC.obj (DSRC)
  Contact.obj (CONTACT)
  CC1101.obj (CC1101)
  CardAPP.obj (CARDAPP)
  C_Issue.obj (CONTACTISSUE)


LINK MAP OF MODULE:  51_OBU_Keil (OBUMAIN)


            TYPE    BASE      LENGTH    RELOCATION   SEGMENT NAME
            -----------------------------------------------------

            * * * * * * *   D A T A   M E M O R Y   * * * * * * *
            REG     0000H     0008H     ABSOLUTE     "REG BANK 0"
            DATA    0008H     0018H     UNIT         ?DT?OBUMAIN?DATAVARD
            DATA    0020H     0006H     BIT_ADDR     ?BA?OBUMAIN?BITD
            DATA    0026H     005AH     UNIT         ?DT?OBUMAIN?DATAD
            IDATA   0080H     0080H     UNIT         ?IDT?OBUMAIN?IDATAD

            * * * * * * *  X D A T A   M E M O R Y  * * * * * * *
            XDATA   0000H     0100H     UNIT         ?XDT?OBUMAIN?XDATAD

            * * * * * * *   C O D E   M E M O R Y   * * * * * * *
            CODE    0000H     0003H     ABSOLUTE     
            CODE    0003H     0003H     ABSOLUTE     
            CODE    0006H     0001H     UNIT         ?CO?CC1101?FLASHSTR
                    0007H     0004H                  *** GAP ***
            CODE    000BH     0003H     ABSOLUTE     
                    000EH     0005H                  *** GAP ***
            CODE    0013H     0003H     ABSOLUTE     
                    0016H     0005H                  *** GAP ***
            CODE    001BH     0003H     ABSOLUTE     
                    001EH     0005H                  *** GAP ***
            CODE    0023H     0003H     ABSOLUTE     
            CODE    0026H     0006H     UNIT         ?PR?TEST?MATER
                    002CH     0003H                  *** GAP ***
            CODE    002FH     0005H     ABSOLUTE     
            CODE    0034H     13A1H     UNIT         ?PR?OBUMAIN?MATER
            CODE    13D5H     11D2H     UNIT         ?CO?LCD?FONTLIB
BL51 BANKED LINKER/LOCATER V6.05                                                      02/15/2017  18:53:02  PAGE 2


            CODE    25A7H     0D44H     UNIT         ?PR?DSRC?MATER
            CODE    32EBH     0CD9H     UNIT         ?PR?HDLC?MATER
            CODE    3FC4H     0BFAH     UNIT         ?PR?GSM?MATER
            CODE    4BBEH     084DH     UNIT         ?PR?CARDAPP?MATER
            CODE    540BH     05C5H     UNIT         ?PR?LIB?MATER
            CODE    59D0H     058FH     UNIT         ?PR?SERIAL?MATER
            CODE    5F5FH     03D9H     UNIT         ?PR?LCD?MATER
            CODE    6338H     03BFH     UNIT         ?PR?TEST?MATER2
            CODE    66F7H     0365H     UNIT         ?PR?CONTACT?MATER
            CODE    6A5CH     02BAH     UNIT         ?PR?NCONTACT?MATER
            CODE    6D16H     021BH     UNIT         ?PR?CONTACTISSUE?MATER
            CODE    6F31H     0200H     UNIT         ?PR?PROCARD?MATER
            CODE    7131H     01F1H     UNIT         ?PR?OBUMAIN?TF0_TIMER_1
            CODE    7322H     0108H     UNIT         FLASH
            CODE    742AH     00CEH     UNIT         ?CO?GSM?FLASHSTR
            CODE    74F8H     0082H     UNIT         ?CO?CARDAPP?FLASHSTR
            CODE    757AH     006FH     UNIT         ?CO?HDLC?FLASHSTR
            CODE    75E9H     0048H     UNIT         ?CO?TEST?FLASHSTR
            CODE    7631H     0034H     UNIT         ?CO?OBUMAIN?STR
            CODE    7665H     0029H     UNIT         ?PR?MFCARD?MATER
            CODE    768EH     001CH     UNIT         ?CO?DSRC?COMMLIB
            CODE    76AAH     0015H     UNIT         ?PR?CC1101?MATER



SYMBOL TABLE OF MODULE:  51_OBU_Keil (OBUMAIN)

  VALUE           TYPE          NAME
  ----------------------------------

  -------         MODULE        OBUMAIN
  C:7131H         SEGMENT       ?PR?OBUMAIN?TF0_TIMER_1
  C:0034H         SEGMENT       ?PR?OBUMAIN?MATER
  D:0008H         SEGMENT       ?DT?OBUMAIN?DATAVARD
  D:0020H         SEGMENT       ?BA?OBUMAIN?BITD
  D:0026H         SEGMENT       ?DT?OBUMAIN?DATAD
  I:0080H         SEGMENT       ?IDT?OBUMAIN?IDATAD
  X:0000H         SEGMENT       ?XDT?OBUMAIN?XDATAD
  C:7631H         SEGMENT       ?CO?OBUMAIN?STR
  C:0034H         PUBLIC        AP_START
  B:0025H.2       PUBLIC        BIT_5823RX_FLAG
  B:0020H.0       PUBLIC        BIT_9600
  B:0022H.7       PUBLIC        BIT_ACCESS
  B:0024H.2       PUBLIC        BIT_BJ1219
  B:0023H.4       PUBLIC        BIT_BST
  B:0020H.7       PUBLIC        BIT_BUFADDR
  B:0024H.6       PUBLIC        BIT_CD
  B:0025H.4       PUBLIC        BIT_CELLINFO
  B:0021H.7       PUBLIC        BIT_CHANNELFLAG
  B:0022H.0       PUBLIC        BIT_ERR_FLAG
  B:0022H.3       PUBLIC        BIT_ESAMERR
  B:0021H.5       PUBLIC        BIT_ESAMICC
  B:0024H.4       PUBLIC        BIT_ESAMOK
  B:0020H.2       PUBLIC        BIT_FIRSTTX
  B:0023H.0       PUBLIC        BIT_GBICCINFO
  B:0022H.2       PUBLIC        BIT_GETRESULT
  B:0020H.4       PUBLIC        BIT_HARDFLAG
BL51 BANKED LINKER/LOCATER V6.05                                                      02/15/2017  18:53:02  PAGE 3


  B:0023H.3       PUBLIC        BIT_HAVERECORDCELLID
  B:0021H.2       PUBLIC        BIT_INSERTCARD
  B:0023H.6       PUBLIC        BIT_ISCONTACT
  B:0021H.1       PUBLIC        BIT_ISFRX
  B:0022H.6       PUBLIC        BIT_KEY
  B:0021H.3       PUBLIC        BIT_N
  B:0025H.7       PUBLIC        BIT_PPS
  B:0024H.7       PUBLIC        BIT_PRIVATEINFO
  B:0023H.7       PUBLIC        BIT_PROF
  B:0022H.1       PUBLIC        BIT_PROMF
  B:0023H.2       PUBLIC        BIT_RSTYPE
  B:0023H.1       PUBLIC        BIT_RXSERIALBAUD
  B:0021H.4       PUBLIC        BIT_SERFIRBYTE
  B:0020H.6       PUBLIC        BIT_SERIALOVERTIMERX
  B:0022H.5       PUBLIC        BIT_SETMMI
  B:0020H.1       PUBLIC        BIT_T0T1
  B:0020H.1       PUBLIC        BIT_TMP
  B:0020H.5       PUBLIC        BIT_VERIFY
  N:0080H         PUBLIC        CONST_LEN_RXBUF
  N:0080H         PUBLIC        CONST_LEN_TXBUF
  D:0017H         PUBLIC        DATA_CARDNO
  D:001CH         PUBLIC        DATA_CMDTYPE
  D:0010H         PUBLIC        DATA_DATAP
  D:000FH         PUBLIC        DATA_DSRCRXLEN
  D:000EH         PUBLIC        DATA_DSRCTXLEN
  D:0016H         PUBLIC        DATA_IRQEN
  D:001DH         PUBLIC        DATA_MFCOM
  D:0012H         PUBLIC        DATA_OBUID
  D:001FH         PUBLIC        DATA_POWERONTIMER
  D:0026H         PUBLIC        DATA_RXBUF
  D:0009H         PUBLIC        DATA_VARBAUDFULL
  D:0008H         PUBLIC        DATA_VARBAUDHALF
  D:0011H         PUBLIC        DATA_XDATAP
  D:000AH         PUBLIC        MONEY
  C:00B5H         PUBLIC        OBUMAIN_MASTER_MAINSLEEP
  C:010FH         PUBLIC        OBUMAIN_MASTER_MEMORYCLR
  C:71DCH         PUBLIC        SLEEP
  C:00FAH         PUBLIC        START_USER
  C:002FH         PUBLIC        STR_SYS_OBUID
  X:009FH         PUBLIC        XDATA_433RXNUM
  X:009EH         PUBLIC        XDATA_54
  X:0082H         PUBLIC        XDATA_BEACONID
  X:00ABH         PUBLIC        XDATA_CELLID
  X:008DH         PUBLIC        XDATA_FIX
  X:0090H         PUBLIC        XDATA_HIGHBAUD
  X:00ADH         PUBLIC        XDATA_HOLD
  X:008FH         PUBLIC        XDATA_ISSUECMD
  X:008EH         PUBLIC        XDATA_ISSUERSCTL
  X:008AH         PUBLIC        XDATA_NUM
  X:0093H         PUBLIC        XDATA_POWER
  X:0092H         PUBLIC        XDATA_RAND
  X:009AH         PUBLIC        XDATA_RTCMODE
  X:0099H         PUBLIC        XDATA_RTCTIME
  X:008BH         PUBLIC        XDATA_SOFTFIRSTSCANTIME
  X:008CH         PUBLIC        XDATA_SOFTSERIALP
  X:00FFH         PUBLIC        XDATA_TFTINIT_FLAG
  X:009BH         PUBLIC        XDATA_TOTALNUMH
BL51 BANKED LINKER/LOCATER V6.05                                                      02/15/2017  18:53:02  PAGE 4


  X:009CH         PUBLIC        XDATA_TOTALNUML
  X:0000H         PUBLIC        XDATA_TXBUF
  X:0086H         PUBLIC        XDATA_UNIXTIME
  C:0AB6H         PUBLIC        _FUN_OBUMAIN_BASEINIT
  C:0A1BH         PUBLIC        _FUN_OBUMAIN_INITSYS
  C:727DH         PUBLIC        _FUN_OBUMAIN_SYSUNSLEEP
  D:00E0H         SYMBOL        ACC
  C:005CH         SYMBOL        AP_START_1
  D:00F0H         SYMBOL        B
  D:0020H         SYMBOL        BITDBUF01
  D:0021H         SYMBOL        BITDBUF02
  D:0022H         SYMBOL        BITDBUF03
  D:0023H         SYMBOL        BITDBUF04
  D:0024H         SYMBOL        BITDBUF05
  D:0025H         SYMBOL        BITDBUF06
  B:0024H.5       SYMBOL        BIT_ACTIVECARD
  B:0024H.3       SYMBOL        BIT_BJPRE
  B:0020H.3       SYMBOL        BIT_CDJH
  B:0024H.0       SYMBOL        BIT_CD_SW
  B:0022H.4       SYMBOL        BIT_ESAM
  B:0025H.5       SYMBOL        BIT_ESAMTRAN
  B:0023H.5       SYMBOL        BIT_GETSECURE
  B:0025H.1       SYMBOL        BIT_INITCARD
  B:0024H.1       SYMBOL        BIT_INSERTER
  B:0021H.0       SYMBOL        BIT_ISRXNB
  B:0025H.6       SYMBOL        BIT_MMITIRMSTART
  B:0025H.3       SYMBOL        BIT_SEL1001
  B:0025H.0       SYMBOL        BIT_USEROK
  N:009CH         SYMBOL        BRT
  B:0020H.0       SYMBOL        BUSY
  C:0F89H         SYMBOL        CARDACTIVE_CASHCARD_COPYMONEY
  C:1203H         SYMBOL        CARDACTIVE_CASHCARD_COPYMONEY02
  C:127DH         SYMBOL        CC1101_SPIOSINGLESOFT02_S
  C:1284H         SYMBOL        CC1101_SPIOSINGLESOFT02_WRITEADDRLOOP
  C:128EH         SYMBOL        CC1101_SPIOSINGLESOFT02_WRITEDAOVLOOP
  N:00FAH         SYMBOL        CCAP0H
  N:00EAH         SYMBOL        CCAP0L
  N:00FBH         SYMBOL        CCAP1H
  N:00EBH         SYMBOL        CCAP1L
  N:00FCH         SYMBOL        CCAP2H
  N:00ECH         SYMBOL        CCAP2L
  N:00FDH         SYMBOL        CCAP3H
  N:00EDH         SYMBOL        CCAP3L
  N:00FEH         SYMBOL        CCAP4H
  N:00EEH         SYMBOL        CCAP4L
  N:00FFH         SYMBOL        CCAP5H
  N:00EFH         SYMBOL        CCAP5L
  N:00DAH         SYMBOL        CCAPM0
  N:00DBH         SYMBOL        CCAPM1
  N:00DCH         SYMBOL        CCAPM2
  N:00DDH         SYMBOL        CCAPM3
  N:00DEH         SYMBOL        CCAPM4
  N:00DFH         SYMBOL        CCAPM5
  B:00D8H.0       SYMBOL        CCF0
  B:00D8H.1       SYMBOL        CCF1
  B:00D8H.2       SYMBOL        CCF2
  B:00D8H.3       SYMBOL        CCF3
BL51 BANKED LINKER/LOCATER V6.05                                                      02/15/2017  18:53:02  PAGE 5


  B:00D8H.4       SYMBOL        CCF4
  B:00D8H.5       SYMBOL        CCF5
  N:00D8H         SYMBOL        CCON
  B:00D8H.7       SYMBOL        CF
  N:00F9H         SYMBOL        CH
  N:00E9H         SYMBOL        CL
  N:00D9H         SYMBOL        CMOD
  N:0002H         SYMBOL        CONST_ACTIONTYPE_GETRAND
  N:0000H         SYMBOL        CONST_ACTIONTYPE_GETSECURE
  N:0004H         SYMBOL        CONST_ACTIONTYPE_SETMMI
  N:0001H         SYMBOL        CONST_ACTIONTYPE_SETSECURE
  N:0003H         SYMBOL        CONST_ACTIONTYPE_TRANSFERCHANNEL
  N:0003H         SYMBOL        CONST_ACT_H
  N:0001H         SYMBOL        CONST_ACT_H_H
  N:0000H         SYMBOL        CONST_ACT_H_L
  N:0001H         SYMBOL        CONST_ACT_L
  N:0006H         SYMBOL        CONST_ACT_L_H
  N:000AH         SYMBOL        CONST_ACT_L_L
  N:0002H         SYMBOL        CONST_ACT_M
  N:0000H         SYMBOL        CONST_ACT_M_H
  N:0006H         SYMBOL        CONST_ACT_M_L
  N:0002H         SYMBOL        CONST_ACT_V
  N:0002H         SYMBOL        CONST_BAUD_115200
  N:0003H         SYMBOL        CONST_BAUD_115200PC
  N:0004H         SYMBOL        CONST_BAUD_230000
  N:0001H         SYMBOL        CONST_BAUD_38400
  N:0005H         SYMBOL        CONST_BAUD_38400PC
  N:0000H         SYMBOL        CONST_BAUD_9600
  N:0006H         SYMBOL        CONST_BAUD_9600PC
  N:000CH         SYMBOL        CONST_BAUD_BITFULL12
  N:000EH         SYMBOL        CONST_BAUD_BITFULL20
  N:0010H         SYMBOL        CONST_BAUD_BITFULL28
  N:000BH         SYMBOL        CONST_BAUD_BITFULL8
  N:000CH         SYMBOL        CONST_BAUD_BITHALF12
  N:00B3H         SYMBOL        CONST_BAUD_CURRENTBITFULL
  N:0058H         SYMBOL        CONST_BAUD_CURRENTBITHALF
  N:001DH         SYMBOL        CONST_BAUD_FULL115200
  N:000FH         SYMBOL        CONST_BAUD_FULL230000
  N:005DH         SYMBOL        CONST_BAUD_FULL38400
  N:00B3H         SYMBOL        CONST_BAUD_FULL9600
  N:000DH         SYMBOL        CONST_BAUD_HALF115200
  N:0008H         SYMBOL        CONST_BAUD_HALF230000
  N:002DH         SYMBOL        CONST_BAUD_HALF38400
  N:0058H         SYMBOL        CONST_BAUD_HALF9600
  N:00F8H         SYMBOL        CONST_BAUD_HAND115200
  N:00F3H         SYMBOL        CONST_BAUD_HAND115200PC
  N:00FCH         SYMBOL        CONST_BAUD_HAND230000
  N:00E9H         SYMBOL        CONST_BAUD_HAND38400
  N:00D8H         SYMBOL        CONST_BAUD_HAND38400PC
  N:00A3H         SYMBOL        CONST_BAUD_HAND9600
  N:0060H         SYMBOL        CONST_BAUD_HAND9600PC
  N:00FFH         SYMBOL        CONST_BLACK_H
  N:00FFH         SYMBOL        CONST_BLACK_L
  N:0008H         SYMBOL        CONST_BSTLIMIT
  N:0064H         SYMBOL        CONST_BSTLIMIT02
  N:0016H         SYMBOL        CONST_CARD_CONSUME
  N:0017H         SYMBOL        CONST_CARD_PASS
BL51 BANKED LINKER/LOCATER V6.05                                                      02/15/2017  18:53:02  PAGE 6


  N:0000H         SYMBOL        CONST_CELLFILE_H
  N:0009H         SYMBOL        CONST_CELLFILE_L
  N:000FH         SYMBOL        CONST_DATA_VALUE1
  N:00DEH         SYMBOL        CONST_DATA_VALUE2
  N:0007H         SYMBOL        CONST_DSRC_ACTION
  N:0009H         SYMBOL        CONST_DSRC_ACTIONTYPE
  N:0001H         SYMBOL        CONST_DSRC_CHANNELIDICC
  N:0002H         SYMBOL        CONST_DSRC_CHANNELIDSAM
  N:000AH         SYMBOL        CONST_DSRC_CONTAIN
  N:0008H         SYMBOL        CONST_DSRC_DID
  N:0000H         SYMBOL        CONST_DSRC_FILDIDAPPKEY
  N:0002H         SYMBOL        CONST_DSRC_FILDIDCONSUME
  N:0003H         SYMBOL        CONST_DSRC_FILDIDHOLD
  N:0001H         SYMBOL        CONST_DSRC_FILDIDVEHICLE
  N:000BH         SYMBOL        CONST_DSRC_FILL
  N:0006H         SYMBOL        CONST_DSRC_HEAD
  N:0005H         SYMBOL        CONST_DSRC_LLCCTRL
  N:0004H         SYMBOL        CONST_DSRC_MACCTRL
  N:00EFH         SYMBOL        CONST_ESAMCELLFILE_H
  N:0007H         SYMBOL        CONST_ESAMCELLFILE_L
  N:0003H         SYMBOL        CONST_ETC_INPUT
  N:0072H         SYMBOL        CONST_FALSH_POWERH
  N:00F7H         SYMBOL        CONST_FALSH_POWERL
  N:0072H         SYMBOL        CONST_FALSH_PREFLAG02H
  N:00F5H         SYMBOL        CONST_FALSH_PREFLAG02L
  N:0072H         SYMBOL        CONST_FALSH_PREFLAG03H
  N:00F6H         SYMBOL        CONST_FALSH_PREFLAG03L
  N:0072H         SYMBOL        CONST_FALSH_PREFLAGH
  N:00F4H         SYMBOL        CONST_FALSH_PREFLAGL
  N:0001H         SYMBOL        CONST_FALSH_PREFLAGLEN
  N:0000H         SYMBOL        CONST_FLAG_INPUT
  N:0001H         SYMBOL        CONST_FLAG_OUTPUT
  N:0072H         SYMBOL        CONST_FLASH_0002H
  N:0058H         SYMBOL        CONST_FLASH_0002L
  N:0004H         SYMBOL        CONST_FLASH_0002LEN
  N:0072H         SYMBOL        CONST_FLASH_0012H
  N:005CH         SYMBOL        CONST_FLASH_0012L
  N:0028H         SYMBOL        CONST_FLASH_0012LEN
  N:0072H         SYMBOL        CONST_FLASH_0015H
  N:0084H         SYMBOL        CONST_FLASH_0015L
  N:002BH         SYMBOL        CONST_FLASH_0015LEN
  N:002BH         SYMBOL        CONST_FLASH_0019GBLEN
  N:0072H         SYMBOL        CONST_FLASH_0019H
  N:00AFH         SYMBOL        CONST_FLASH_0019L
  N:003CH         SYMBOL        CONST_FLASH_0019LEN
  N:0072H         SYMBOL        CONST_FLASH_BEACONIDUNIXTIMEH
  N:00ECH         SYMBOL        CONST_FLASH_BEACONIDUNIXTIMEL
  N:0008H         SYMBOL        CONST_FLASH_BEACONIDUNIXTIMELEN
  N:0072H         SYMBOL        CONST_FLASH_BLOCK01
  N:0001H         SYMBOL        CONST_FLASH_CARDTYPELEN
  N:00ECH         SYMBOL        CONST_FLASH_FILELEN
  N:0072H         SYMBOL        CONST_FLASH_LASTCARDH
  N:00EBH         SYMBOL        CONST_FLASH_LASTCARDL
  N:0072H         SYMBOL        CONST_FLASH_STARTHIGH
  N:0000H         SYMBOL        CONST_FLASH_STARTLOW
  N:006CH         SYMBOL        CONST_FLASH_SYS0020H
  N:0000H         SYMBOL        CONST_FLASH_SYS0020L
BL51 BANKED LINKER/LOCATER V6.05                                                      02/15/2017  18:53:02  PAGE 7


  N:006AH         SYMBOL        CONST_FLASH_SYS0020NUMH
  N:0000H         SYMBOL        CONST_FLASH_SYS0020NUML
  N:0072H         SYMBOL        CONST_FLASH_SYSINFOH
  N:0000H         SYMBOL        CONST_FLASH_SYSINFOL
  N:0058H         SYMBOL        CONST_FLASH_SYSINFOLEN
  N:0002H         SYMBOL        CONST_GDO2_MCSM2
  N:0046H         SYMBOL        CONST_GDO2_VALUE
  N:00F0H         SYMBOL        CONST_GSM_MAXNUM
  N:0008H         SYMBOL        CONST_GSM_NUM
  N:0014H         SYMBOL        CONST_GSM_PJNUM
  N:0015H         SYMBOL        CONST_HANDSECOND
  N:0000H         SYMBOL        CONST_HOLD_5823RX
  N:0001H         SYMBOL        CONST_HOLD_5823TX
  N:0001H         SYMBOL        CONST_INPUT_ISENABLE
  N:0006H         SYMBOL        CONST_LEN_BITBUF
  N:0001H         SYMBOL        CONST_LEN_POWUP
  N:0026H         SYMBOL        CONST_LEN_RXBUFEND
  N:005AH         SYMBOL        CONST_LEN_RXBUFPRE
  N:0002H         SYMBOL        CONST_LEN_RXCRC
  N:0057H         SYMBOL        CONST_LEN_STACK
  N:0002H         SYMBOL        CONST_LEN_TXCRC
  N:0018H         SYMBOL        CONST_LEN_VARBUF
  N:0008H         SYMBOL        CONST_LEN_WORKBUF
  N:0008H         SYMBOL        CONST_LEN_WORKBUF1
  N:0000H         SYMBOL        CONST_LEN_WORKBUF2
  N:0002H         SYMBOL        CONST_LHX_FLAG
  N:0005H         SYMBOL        CONST_MAX_RXNUM
  N:0008H         SYMBOL        CONST_MCU_WKCTH
  N:00FFH         SYMBOL        CONST_MCU_WKCTL
  N:0002H         SYMBOL        CONST_MF_DECREMENT
  N:0003H         SYMBOL        CONST_MF_INCREMENT
  N:00C0H         SYMBOL        CONST_MF_RC500DECREMENT
  N:00C1H         SYMBOL        CONST_MF_RC500INCREMENT
  N:0000H         SYMBOL        CONST_MF_READ
  N:0004H         SYMBOL        CONST_MF_RESTOR
  N:0001H         SYMBOL        CONST_MF_WRITE
  N:0001H         SYMBOL        CONST_MTC_INPUT
  N:0018H         SYMBOL        CONST_PPS_115200
  N:0096H         SYMBOL        CONST_PPS_230000
  N:0013H         SYMBOL        CONST_PPS_38400
  N:0010H         SYMBOL        CONST_PPS_9600
  N:00FAH         SYMBOL        CONST_PRO_OVERTIME2S
  N:0090H         SYMBOL        CONST_RTCOVERFLOW
  N:00FFH         SYMBOL        CONST_RTC_OFF
  N:0055H         SYMBOL        CONST_RTC_ON
  N:0000H         SYMBOL        CONST_SOF
  N:0014H         SYMBOL        CONST_SOFTBYTESP
  N:0010H         SYMBOL        CONST_SOFTFIRSTSCANTIME
  N:00FFH         SYMBOL        CONST_SOFTFIRSTSCANTIMEXX
  N:0070H         SYMBOL        CONST_SOFTSECOND
  N:000CH         SYMBOL        CONST_SSRC_FID
  N:0007H         SYMBOL        CONST_STATE_5823INIER
  N:0008H         SYMBOL        CONST_STATE_5823SLEEPER
  N:0003H         SYMBOL        CONST_STATE_ACCEPTOVER
  N:0004H         SYMBOL        CONST_STATE_ACCEPTOVERLEN
  N:0006H         SYMBOL        CONST_STATE_ACTCARDINVALID
  N:0004H         SYMBOL        CONST_STATE_ACTIVEFAIL
BL51 BANKED LINKER/LOCATER V6.05                                                      02/15/2017  18:53:02  PAGE 8


  N:0006H         SYMBOL        CONST_STATE_AUTHER
  N:001DH         SYMBOL        CONST_STATE_BASE01ANTICOLL
  N:0015H         SYMBOL        CONST_STATE_BASE01CONTACT
  N:0014H         SYMBOL        CONST_STATE_BASE01ESAMDF01
  N:001FH         SYMBOL        CONST_STATE_BASE01RATS
  N:001CH         SYMBOL        CONST_STATE_BASE01RE
  N:001EH         SYMBOL        CONST_STATE_BASE01SEL
  N:0019H         SYMBOL        CONST_STATE_BASE02ANTICOLL
  N:0016H         SYMBOL        CONST_STATE_BASE02CONTACT
  N:001BH         SYMBOL        CONST_STATE_BASE02RATS
  N:0018H         SYMBOL        CONST_STATE_BASE02RE
  N:001AH         SYMBOL        CONST_STATE_BASE02SEL
  N:000BH         SYMBOL        CONST_STATE_BASEESAMDF01
  N:0013H         SYMBOL        CONST_STATE_BASEN01INIT
  N:000AH         SYMBOL        CONST_STATE_BASENINIT
  N:000DH         SYMBOL        CONST_STATE_CARDPREDEAL0002
  N:000EH         SYMBOL        CONST_STATE_CARDPREDEAL0012
  N:000FH         SYMBOL        CONST_STATE_CARDPREDEAL0015
  N:0010H         SYMBOL        CONST_STATE_CARDPREDEAL0019
  N:000CH         SYMBOL        CONST_STATE_CARDPREDEAL1001
  N:0011H         SYMBOL        CONST_STATE_CARDPREDEAL3F00
  N:0012H         SYMBOL        CONST_STATE_CARDPREDEAL81
  N:0021H         SYMBOL        CONST_STATE_EXMEMORYER
  N:0022H         SYMBOL        CONST_STATE_EXMEMORYER02
  N:00FFH         SYMBOL        CONST_STATE_FALSE
  N:0009H         SYMBOL        CONST_STATE_GETSECURESELFILEER
  N:0005H         SYMBOL        CONST_STATE_ILLEGALACTCARD
  N:0002H         SYMBOL        CONST_STATE_ILLEGALINPUTCARD
  N:0003H         SYMBOL        CONST_STATE_INPUTCARDINVALID
  N:0001H         SYMBOL        CONST_STATE_INPUTFAIL
  N:0020H         SYMBOL        CONST_STATE_MEMORYER
  N:0005H         SYMBOL        CONST_STATE_RSTCPUER
  N:0001H         SYMBOL        CONST_STATE_SERIALACCPET
  N:0002H         SYMBOL        CONST_STATE_SERIALOVERTIME
  N:0017H         SYMBOL        CONST_STATE_TEST
  N:0000H         SYMBOL        CONST_STATE_TRUE
  N:0055H         SYMBOL        CONST_SYS_55
  N:00AAH         SYMBOL        CONST_SYS_AA
  N:0004H         SYMBOL        CONST_SYS_OBUIDLEN
  N:000AH         SYMBOL        CONST_SYS_POWERONTIMER
  N:0088H         SYMBOL        CONST_SYS_PREFLAG
  N:0064H         SYMBOL        CONST_SYS_RTCOVERTIME
  N:00FFH         SYMBOL        CONST_SYS_TRADECONFINE
  N:0001H         SYMBOL        CONST_TIMEER02
  N:00FEH         SYMBOL        CONST_TIMEER03
  N:0001H         SYMBOL        CONST_TIMEER04
  N:00FFH         SYMBOL        CONST_VSTLIMIT
  N:0000H         SYMBOL        CONST_WHITE_H
  N:0031H         SYMBOL        CONST_WHITE_L
  N:0000H         SYMBOL        CONST_WORKSTAION_0
  N:0001H         SYMBOL        CONST_WORKSTAION_1
  N:0002H         SYMBOL        CONST_WORKSTAION_2
  N:0003H         SYMBOL        CONST_WORKSTAION_3
  N:007DH         SYMBOL        CON_LEN_BUFLEN
  B:00D8H.6       SYMBOL        CR
  D:001EH         SYMBOL        DATA_NCONTACTTYPE
  D:0029H         SYMBOL        DATA_RXBUFCPUSTART
BL51 BANKED LINKER/LOCATER V6.05                                                      02/15/2017  18:53:02  PAGE 9


  D:0008H         SYMBOL        DATA_VER
  D:0008H         SYMBOL        DATA_WORKBUF2
  D:0083H         SYMBOL        DPH
  D:0082H         SYMBOL        DPL
  C:12D8H         SYMBOL        DR_00_0D
  C:12E3H         SYMBOL        DR_00_0D0EOV
  C:12E0H         SYMBOL        DR_00_0E
  B:00A8H.7       SYMBOL        EA
  B:00A8H.6       SYMBOL        EPCAI
  B:00A8H.6       SYMBOL        EPCA_LVD
  B:00A8H.4       SYMBOL        ES
  B:00A8H.1       SYMBOL        ET0
  B:00A8H.3       SYMBOL        ET1
  B:00A8H.0       SYMBOL        EX0
  B:00A8H.2       SYMBOL        EX1
  C:01B0H         SYMBOL        FUN_OBUMAIN_RST
  I:00A8H         SYMBOL        IDATA_POWUP
  I:0080H         SYMBOL        IDATA_RXBUFTWOBLOCK
  I:00A6H         SYMBOL        IDATA_RXCRC
  I:00A9H         SYMBOL        IDATA_STACK
  X:0080H         SYMBOL        IDATA_TXCRC
  D:00A8H         SYMBOL        IE
  B:0088H.1       SYMBOL        IE0
  B:0088H.3       SYMBOL        IE1
  N:00AFH         SYMBOL        IE2
  C:7179H         SYMBOL        INT_INSERTACTIVE
  C:718FH         SYMBOL        INT_INSERTACTIVE_OVER
  C:7190H         SYMBOL        INT_INSERTACTIVE_RET
  C:7148H         SYMBOL        INT_INVALID
  C:71AEH         SYMBOL        INT_T0_OVER
  C:71AFH         SYMBOL        INT_T0_RET
  C:7193H         SYMBOL        INT_TIMER0
  C:7131H         SYMBOL        INT_UART
  C:7147H         SYMBOL        INT_UART_OVER
  C:00F5H         SYMBOL        INT_UART_POINT
  C:71B2H         SYMBOL        INT_UNIXACTIVE
  C:71C7H         SYMBOL        INT_UNIXACTIVE_01
  C:71DBH         SYMBOL        INT_UNIXACTIVE_OVER
  C:7161H         SYMBOL        INT_WAVEACTIVE
  C:7164H         SYMBOL        INT_WAVEACTIVE_S
  D:00B8H         SYMBOL        IP
  N:00B7H         SYMBOL        IPH
  N:00C7H         SYMBOL        ISP_CONTR
  B:0088H.0       SYMBOL        IT0
  B:0088H.2       SYMBOL        IT1
  C:0CBAH         SYMBOL        OBUMAIN_BASEINIT02_ESAMERRRR
  C:0CC0H         SYMBOL        OBUMAIN_BASEINIT02_ESAMRIGHT
  C:0BE5H         SYMBOL        OBUMAIN_BASEINIT02_INITCONTACT
  C:0BDCH         SYMBOL        OBUMAIN_BASEINIT02_INITCONTACTSEC
  C:0BD4H         SYMBOL        OBUMAIN_BASEINIT02_INITESAMCARD
  C:0BF9H         SYMBOL        OBUMAIN_BASEINIT02_INITNCONTACT
  C:0C71H         SYMBOL        OBUMAIN_BASEINIT02_INITNCONTACTOVER
  C:0BF6H         SYMBOL        OBUMAIN_BASEINIT02_INITNCONTACTSEC
  C:0BD7H         SYMBOL        OBUMAIN_BASEINIT02_INITUSERCARD
  C:0C4CH         SYMBOL        OBUMAIN_BASEINIT02_ISPRO
  C:0CC2H         SYMBOL        OBUMAIN_BASEINIT02_OVER02
  C:0C75H         SYMBOL        OBUMAIN_BASEINIT02_PPS
BL51 BANKED LINKER/LOCATER V6.05                                                      02/15/2017  18:53:02  PAGE 10


  C:0C32H         SYMBOL        OBUMAIN_BASEINIT02_REQUEST
  C:0C30H         SYMBOL        OBUMAIN_BASEINIT02_REQUEST01
  C:0C75H         SYMBOL        OBUMAIN_BASEINIT02_SELECTDF01
  C:0C7FH         SYMBOL        OBUMAIN_BASEINIT02_SELECTDF0102
  C:0BBBH         SYMBOL        OBUMAIN_BASEINIT02_TAMPERED
  C:0BBDH         SYMBOL        OBUMAIN_BASEINIT02_TAMPEREDOVER
  C:0EA1H         SYMBOL        OBUMAIN_BASEINIT_ESAMSYSINFOERR
  C:0B14H         SYMBOL        OBUMAIN_BASEINIT_INITCONTACT
  C:0B0FH         SYMBOL        OBUMAIN_BASEINIT_INITCONTACTSEC
  C:0B07H         SYMBOL        OBUMAIN_BASEINIT_INITESAMCARD
  C:0B27H         SYMBOL        OBUMAIN_BASEINIT_INITNCONTACT
  C:0B87H         SYMBOL        OBUMAIN_BASEINIT_INITNCONTACTOVER
  C:0B24H         SYMBOL        OBUMAIN_BASEINIT_INITNCONTACTSEC
  C:0B85H         SYMBOL        OBUMAIN_BASEINIT_INITNSELDF01
  C:0B0AH         SYMBOL        OBUMAIN_BASEINIT_INITUSERCARD
  C:0B63H         SYMBOL        OBUMAIN_BASEINIT_ISPRO
  C:0B8EH         SYMBOL        OBUMAIN_BASEINIT_OVER
  C:0B8EH         SYMBOL        OBUMAIN_BASEINIT_OVER02
  C:0B8BH         SYMBOL        OBUMAIN_BASEINIT_PPS
  C:0B49H         SYMBOL        OBUMAIN_BASEINIT_REQUEST
  C:0B47H         SYMBOL        OBUMAIN_BASEINIT_REQUEST01
  C:0B8BH         SYMBOL        OBUMAIN_BASEINIT_SELECTDF01
  C:0AE0H         SYMBOL        OBUMAIN_BASEINIT_TAMPERED
  C:0AE2H         SYMBOL        OBUMAIN_BASEINIT_TAMPEREDOVER
  C:111CH         SYMBOL        OBUMAIN_BDCB_CP01
  C:1123H         SYMBOL        OBUMAIN_BDCB_CP02
  C:112AH         SYMBOL        OBUMAIN_BDCB_CP03
  C:112CH         SYMBOL        OBUMAIN_BDCB_CP04
  C:1148H         SYMBOL        OBUMAIN_BDCB_CPDIF
  C:111BH         SYMBOL        OBUMAIN_BDCB_CPSTARTLOOP
  C:1085H         SYMBOL        OBUMAIN_BDCB_NZC
  C:115FH         SYMBOL        OBUMAIN_BDCB_OVER
  C:1130H         SYMBOL        OBUMAIN_BDCB_VERRCPLOOP
  C:1146H         SYMBOL        OBUMAIN_BDCB_ZC
  C:10C2H         SYMBOL        OBUMAIN_BDCB_ZZSC
  C:1043H         SYMBOL        OBUMAIN_BEEP_APPAGAIN
  C:0FF8H         SYMBOL        OBUMAIN_BEEP_B
  C:101DH         SYMBOL        OBUMAIN_BEEP_ERR
  C:102CH         SYMBOL        OBUMAIN_BEEP_OVER
  C:1002H         SYMBOL        OBUMAIN_BEEP_SECUEED
  C:1005H         SYMBOL        OBUMAIN_BEEP_SECUEEDKQ
  C:101BH         SYMBOL        OBUMAIN_BEEP_SECUEEDKQOVER
  C:1016H         SYMBOL        OBUMAIN_BEEP_SECUEEDNOKQ
  C:0337H         SYMBOL        OBUMAIN_CARDACTIVE_03
  C:03F9H         SYMBOL        OBUMAIN_CARDACTIVE_ACTIVEESAMHTHOK
  C:03AFH         SYMBOL        OBUMAIN_CARDACTIVE_ACTIVEOBU
  C:040DH         SYMBOL        OBUMAIN_CARDACTIVE_ACTIVEOVER
  C:03E3H         SYMBOL        OBUMAIN_CARDACTIVE_ACTIVESELDF01OK
  C:04EEH         SYMBOL        OBUMAIN_CARDACTIVE_BEEP
  C:04FCH         SYMBOL        OBUMAIN_CARDACTIVE_BEEPLOOP
  C:041AH         SYMBOL        OBUMAIN_CARDACTIVE_CARDDIS
  C:032BH         SYMBOL        OBUMAIN_CARDACTIVE_CARDDISZZ
  C:02EFH         SYMBOL        OBUMAIN_CARDACTIVE_CP01
  C:02F6H         SYMBOL        OBUMAIN_CARDACTIVE_CP02
  C:02FDH         SYMBOL        OBUMAIN_CARDACTIVE_CP03
  C:02FFH         SYMBOL        OBUMAIN_CARDACTIVE_CP04
  C:04CEH         SYMBOL        OBUMAIN_CARDACTIVE_CPDIF
BL51 BANKED LINKER/LOCATER V6.05                                                      02/15/2017  18:53:02  PAGE 11


  C:02EEH         SYMBOL        OBUMAIN_CARDACTIVE_CPSTARTLOOP
  C:0438H         SYMBOL        OBUMAIN_CARDACTIVE_DISANDPOWERDOWN
  C:0536H         SYMBOL        OBUMAIN_CARDACTIVE_DISOVER
  C:033AH         SYMBOL        OBUMAIN_CARDACTIVE_GDFXOBU
  C:0364H         SYMBOL        OBUMAIN_CARDACTIVE_GDFXOBUDISHV
  C:04E3H         SYMBOL        OBUMAIN_CARDACTIVE_HVDIF
  C:0474H         SYMBOL        OBUMAIN_CARDACTIVE_INSERT
  C:048BH         SYMBOL        OBUMAIN_CARDACTIVE_INSERT02
  C:051CH         SYMBOL        OBUMAIN_CARDACTIVE_KPCW
  C:0462H         SYMBOL        OBUMAIN_CARDACTIVE_LOWVO
  C:0529H         SYMBOL        OBUMAIN_CARDACTIVE_NOCARD
  C:022FH         SYMBOL        OBUMAIN_CARDACTIVE_NZC
  C:0534H         SYMBOL        OBUMAIN_CARDACTIVE_OVER
  C:050DH         SYMBOL        OBUMAIN_CARDACTIVE_OVEROV
  C:038EH         SYMBOL        OBUMAIN_CARDACTIVE_READESAMHTHOK
  C:03A2H         SYMBOL        OBUMAIN_CARDACTIVE_READOVER
  C:0378H         SYMBOL        OBUMAIN_CARDACTIVE_READSELDF01OK
  C:0200H         SYMBOL        OBUMAIN_CARDACTIVE_REBEACONID
  C:0205H         SYMBOL        OBUMAIN_CARDACTIVE_REBEACONID22
  C:0212H         SYMBOL        OBUMAIN_CARDACTIVE_REBEACONIDOVER
  C:050FH         SYMBOL        OBUMAIN_CARDACTIVE_SC
  C:01EFH         SYMBOL        OBUMAIN_CARDACTIVE_START
  C:0303H         SYMBOL        OBUMAIN_CARDACTIVE_VERRCPLOOP
  C:0318H         SYMBOL        OBUMAIN_CARDACTIVE_VERRCPLOOPZZ
  C:031CH         SYMBOL        OBUMAIN_CARDACTIVE_ZC
  C:04B5H         SYMBOL        OBUMAIN_CARDACTIVE_ZCKQ
  C:04B3H         SYMBOL        OBUMAIN_CARDACTIVE_ZCKQ02
  C:04CBH         SYMBOL        OBUMAIN_CARDACTIVE_ZCKQOVER
  C:04C6H         SYMBOL        OBUMAIN_CARDACTIVE_ZCNOKQ
  C:0322H         SYMBOL        OBUMAIN_CARDACTIVE_ZCZZ
  C:026CH         SYMBOL        OBUMAIN_CARDACTIVE_ZZSC
  C:119FH         SYMBOL        OBUMAIN_CARDINFODISPLAY02_CARDINFO
  C:11C1H         SYMBOL        OBUMAIN_CARDINFODISPLAY02_CASHCARD
  C:11FDH         SYMBOL        OBUMAIN_CARDINFODISPLAY02_CASHCARDCPV
  C:1186H         SYMBOL        OBUMAIN_CARDINFODISPLAY02_CKOVER
  C:1167H         SYMBOL        OBUMAIN_CARDINFODISPLAY02_CPBF
  C:11A9H         SYMBOL        OBUMAIN_CARDINFODISPLAY02_GETCPUINFO
  C:126AH         SYMBOL        OBUMAIN_CARDINFODISPLAY02_IN
  C:11BEH         SYMBOL        OBUMAIN_CARDINFODISPLAY02_INFO
  C:120EH         SYMBOL        OBUMAIN_CARDINFODISPLAY02_MONEY
  C:1186H         SYMBOL        OBUMAIN_CARDINFODISPLAY02_NOCARDINFO
  C:119CH         SYMBOL        OBUMAIN_CARDINFODISPLAY02_NOCARDSETMMIOV
  C:122FH         SYMBOL        OBUMAIN_CARDINFODISPLAY02_OTHER
  C:123DH         SYMBOL        OBUMAIN_CARDINFODISPLAY02_OVER
  C:1277H         SYMBOL        OBUMAIN_CARDINFODISPLAY02_OVER02
  C:121EH         SYMBOL        OBUMAIN_CARDINFODISPLAY02_PASSCARD
  C:1183H         SYMBOL        OBUMAIN_CARDINFODISPLAY02_START
  C:0EEDH         SYMBOL        OBUMAIN_CARDINFODISPLAY_BDCP
  C:0EEDH         SYMBOL        OBUMAIN_CARDINFODISPLAY_BDCPLOOP
  C:0EEDH         SYMBOL        OBUMAIN_CARDINFODISPLAY_BDQLLOOP
  C:026FH         SYMBOL        OBUMAIN_CARDINFODISPLAY_BTVH
  C:10C5H         SYMBOL        OBUMAIN_CARDINFODISPLAY_BTVH02
  C:0275H         SYMBOL        OBUMAIN_CARDINFODISPLAY_BTVHZZ
  C:0F25H         SYMBOL        OBUMAIN_CARDINFODISPLAY_CARDINFO
  C:0F47H         SYMBOL        OBUMAIN_CARDINFODISPLAY_CASHCARD
  C:0F83H         SYMBOL        OBUMAIN_CARDINFODISPLAY_CASHCARDCPV
  C:0F0CH         SYMBOL        OBUMAIN_CARDINFODISPLAY_CKOVER
BL51 BANKED LINKER/LOCATER V6.05                                                      02/15/2017  18:53:02  PAGE 12


  C:0EEDH         SYMBOL        OBUMAIN_CARDINFODISPLAY_CPBF
  C:0212H         SYMBOL        OBUMAIN_CARDINFODISPLAY_DISPLAYINFO
  C:0F2FH         SYMBOL        OBUMAIN_CARDINFODISPLAY_GETCPUINFO
  C:0F44H         SYMBOL        OBUMAIN_CARDINFODISPLAY_INFO
  C:0F94H         SYMBOL        OBUMAIN_CARDINFODISPLAY_MONEY
  C:0F0CH         SYMBOL        OBUMAIN_CARDINFODISPLAY_NOCARDINFO
  C:0F22H         SYMBOL        OBUMAIN_CARDINFODISPLAY_NOCARDSETMMIOV
  C:0FC7H         SYMBOL        OBUMAIN_CARDINFODISPLAY_OTHER
  C:0FE0H         SYMBOL        OBUMAIN_CARDINFODISPLAY_OVER
  C:0FADH         SYMBOL        OBUMAIN_CARDINFODISPLAY_PASSCARD
  C:0F09H         SYMBOL        OBUMAIN_CARDINFODISPLAY_START
  C:0FD3H         SYMBOL        OBUMAIN_CARDINFODISPLAY_TRADEERR
  C:0218H         SYMBOL        OBUMAIN_CARDINFODISPLAY_ZC
  C:0DA4H         SYMBOL        OBUMAIN_CARDPREDEAL_0019GB
  C:0DCAH         SYMBOL        OBUMAIN_CARDPREDEAL_0019GD
  C:0D08H         SYMBOL        OBUMAIN_CARDPREDEAL_COPYMONEY
  C:0EC9H         SYMBOL        OBUMAIN_CARDPREDEAL_ESAMPREDEALOVER
  C:0EE9H         SYMBOL        OBUMAIN_CARDPREDEAL_OVER
  C:0CE1H         SYMBOL        OBUMAIN_CARDPREDEAL_PPS
  C:0CE1H         SYMBOL        OBUMAIN_CARDPREDEAL_PREDEALCPUCARD
  C:0DF0H         SYMBOL        OBUMAIN_CARDPREDEAL_PREDEALMF
  C:0CF0H         SYMBOL        OBUMAIN_CARDPREDEAL_READ0002
  C:0D20H         SYMBOL        OBUMAIN_CARDPREDEAL_READ0012
  C:0D44H         SYMBOL        OBUMAIN_CARDPREDEAL_READ0015
  C:0D68H         SYMBOL        OBUMAIN_CARDPREDEAL_READ0019
  C:0DF2H         SYMBOL        OBUMAIN_CARDPREDEAL_READBLOCK01
  C:0E0FH         SYMBOL        OBUMAIN_CARDPREDEAL_READBLOCK0101
  C:0E0FH         SYMBOL        OBUMAIN_CARDPREDEAL_READBLOCK04
  C:0E0FH         SYMBOL        OBUMAIN_CARDPREDEAL_READBLOCK10
  C:0CD0H         SYMBOL        OBUMAIN_CARDPREDEAL_READSYSINFO
  C:0E0FH         SYMBOL        OBUMAIN_CARDPREDEAL_RECORDCARDTYPE
  C:0E87H         SYMBOL        OBUMAIN_CARDPREDEAL_SELECT3F00R
  C:0EE7H         SYMBOL        OBUMAIN_CARDPREDEAL_TAMPERED
  C:0EE9H         SYMBOL        OBUMAIN_CARDPREDEAL_TAMPEREDOVER
  C:0CD8H         SYMBOL        OBUMAIN_CARDPREDEAL_USER
  C:0E64H         SYMBOL        OBUMAIN_CARDPREDEAL_USEROVER
  C:0D01H         SYMBOL        OBUMAIN_CARDPREDEAL_WRITE0002
  C:0D37H         SYMBOL        OBUMAIN_CARDPREDEAL_WRITE0012
  C:0D5BH         SYMBOL        OBUMAIN_CARDPREDEAL_WRITE0015
  C:0DBBH         SYMBOL        OBUMAIN_CARDPREDEAL_WRITE0019GB
  C:0DE1H         SYMBOL        OBUMAIN_CARDPREDEAL_WRITE0019GD
  C:0EA3H         SYMBOL        OBUMAIN_CARDPREDEAL_WRITESYSINFO
  C:016DH         SYMBOL        OBUMAIN_CDACTIVE_DISPLAYCD
  C:0184H         SYMBOL        OBUMAIN_CDACTIVE_DISPLAYCDOVER
  C:016BH         SYMBOL        OBUMAIN_CDACTIVE_DISPLAYMOVE
  C:017DH         SYMBOL        OBUMAIN_CDACTIVE_DISPLAYNCD
  C:018CH         SYMBOL        OBUMAIN_CDACTIVE_REBEACONID
  C:019CH         SYMBOL        OBUMAIN_CDACTIVE_REBEACONIDOVER
  C:019EH         SYMBOL        OBUMAIN_CDACTIVE_REBEACONIDOVER02
  C:014DH         SYMBOL        OBUMAIN_CDACTIVE_SELECT3F00
  C:138CH         SYMBOL        OBUMAIN_CHECKMEMORYANDEX2_CHECKMOVX
  C:1396H         SYMBOL        OBUMAIN_CHECKMEMORYANDEX2_CHECKMOVXISOK
  C:13A3H         SYMBOL        OBUMAIN_CHECKMEMORYANDEX2_CHECKMOVXISOK2
  C:13B1H         SYMBOL        OBUMAIN_CHECKMEMORYANDEX_CHECKMOV
  C:13CFH         SYMBOL        OBUMAIN_CHECKMEMORYANDEX_CHECKMOVERR
  C:13BAH         SYMBOL        OBUMAIN_CHECKMEMORYANDEX_CHECKMOVISOK
  C:13C2H         SYMBOL        OBUMAIN_CHECKMEMORYANDEX_CHECKMOVISOK2
BL51 BANKED LINKER/LOCATER V6.05                                                      02/15/2017  18:53:02  PAGE 13


  C:13CCH         SYMBOL        OBUMAIN_CHECKMEMORYANDEX_CHECKMOVXERR
  C:13D2H         SYMBOL        OBUMAIN_CHECKMEMORYANDEX_CHECKMOVXERR03
  C:12D5H         SYMBOL        OBUMAIN_DR_00
  C:12E5H         SYMBOL        OBUMAIN_DR_01
  C:12EDH         SYMBOL        OBUMAIN_DR_02
  C:12F5H         SYMBOL        OBUMAIN_DR_03
  C:12FDH         SYMBOL        OBUMAIN_DR_04
  C:1305H         SYMBOL        OBUMAIN_DR_05
  C:130DH         SYMBOL        OBUMAIN_DR_06
  C:1315H         SYMBOL        OBUMAIN_DR_OVER
  C:0082H         SYMBOL        OBUMAIN_MASTER_CHECKED
  C:0044H         SYMBOL        OBUMAIN_MASTER_CHECKMEMORYERR
  C:0047H         SYMBOL        OBUMAIN_MASTER_CHECKMEMORYOVER
  C:0068H         SYMBOL        OBUMAIN_MASTER_MEMORYCLR00
  C:721EH         SYMBOL        OBUMAIN_PINSLEEP_RTCOFF
  C:7206H         SYMBOL        OBUMAIN_PINSLEEP_RTCON
  C:7240H         SYMBOL        OBUMAIN_PINSLEEP_RTCSWOVER
  C:72D5H         SYMBOL        OBUMAIN_PINUNSLEEP_RTCOFF
  C:72C3H         SYMBOL        OBUMAIN_PINUNSLEEP_RTCON
  C:72E5H         SYMBOL        OBUMAIN_PINUNSLEEP_RTCSWOVER
  C:01B3H         SYMBOL        OBUMAIN_RST_OVER
  C:1068H         SYMBOL        OBUMAIN_SELECTDF01_ESAMRIGHT
  C:106AH         SYMBOL        OBUMAIN_SELECTDF01_OVER
  C:1048H         SYMBOL        OBUMAIN_SYS_OVER
  C:107AH         SYMBOL        OBUMAIN_TIMERX_OVER
  C:054DH         SYMBOL        OBUMAIN_WAVEACTIVENOCARD_DEAL
  C:0565H         SYMBOL        OBUMAIN_WAVEACTIVENOCARD_YD
  C:083AH         SYMBOL        OBUMAIN_WAVEACTIVE_10OV
  C:091EH         SYMBOL        OBUMAIN_WAVEACTIVE_ACTIONTYPE
  C:0870H         SYMBOL        OBUMAIN_WAVEACTIVE_AGAINVST
  C:0870H         SYMBOL        OBUMAIN_WAVEACTIVE_AGAINVSTCON
  C:075AH         SYMBOL        OBUMAIN_WAVEACTIVE_BEACONID
  C:0850H         SYMBOL        OBUMAIN_WAVEACTIVE_BEACONID2
  C:0820H         SYMBOL        OBUMAIN_WAVEACTIVE_BROADCAST
  C:0893H         SYMBOL        OBUMAIN_WAVEACTIVE_BROADCAST00
  C:089CH         SYMBOL        OBUMAIN_WAVEACTIVE_BROADCAST01
  C:08A5H         SYMBOL        OBUMAIN_WAVEACTIVE_BROADCAST02
  C:08AEH         SYMBOL        OBUMAIN_WAVEACTIVE_BROADCAST03
  C:084AH         SYMBOL        OBUMAIN_WAVEACTIVE_BROADCASTOV
  C:0832H         SYMBOL        OBUMAIN_WAVEACTIVE_BST10
  C:0837H         SYMBOL        OBUMAIN_WAVEACTIVE_BST100
  C:0842H         SYMBOL        OBUMAIN_WAVEACTIVE_BSTOVER
  C:09C5H         SYMBOL        OBUMAIN_WAVEACTIVE_DESL
  C:09F8H         SYMBOL        OBUMAIN_WAVEACTIVE_DISPLAY
  C:0906H         SYMBOL        OBUMAIN_WAVEACTIVE_DSRCSENDOLD
  C:0A01H         SYMBOL        OBUMAIN_WAVEACTIVE_END
  C:08BDH         SYMBOL        OBUMAIN_WAVEACTIVE_FRISTRX
  C:06E4H         SYMBOL        OBUMAIN_WAVEACTIVE_GETBST
  C:0965H         SYMBOL        OBUMAIN_WAVEACTIVE_GETRAND
  C:0924H         SYMBOL        OBUMAIN_WAVEACTIVE_GETSECURE
  C:07F4H         SYMBOL        OBUMAIN_WAVEACTIVE_HDLCTX01OVER
  C:07F4H         SYMBOL        OBUMAIN_WAVEACTIVE_LOOP
  C:08FEH         SYMBOL        OBUMAIN_WAVEACTIVE_NBITHIGH
  C:0903H         SYMBOL        OBUMAIN_WAVEACTIVE_NBITLOW
  C:091CH         SYMBOL        OBUMAIN_WAVEACTIVE_NBITOVER
  C:09CEH         SYMBOL        OBUMAIN_WAVEACTIVE_NOEA02X
  C:0807H         SYMBOL        OBUMAIN_WAVEACTIVE_NOEAOV
BL51 BANKED LINKER/LOCATER V6.05                                                      02/15/2017  18:53:02  PAGE 14


  C:0919H         SYMBOL        OBUMAIN_WAVEACTIVE_NOEAOV01
  C:0914H         SYMBOL        OBUMAIN_WAVEACTIVE_NOSETMMI
  C:0888H         SYMBOL        OBUMAIN_WAVEACTIVE_NOTBROADCAST
  C:09C5H         SYMBOL        OBUMAIN_WAVEACTIVE_OTHER
  C:07B2H         SYMBOL        OBUMAIN_WAVEACTIVE_OVDELAY
  C:09D1H         SYMBOL        OBUMAIN_WAVEACTIVE_OVER
  C:05CFH         SYMBOL        OBUMAIN_WAVEACTIVE_OVERXXXX
  C:08F5H         SYMBOL        OBUMAIN_WAVEACTIVE_OVERZZ
  C:0870H         SYMBOL        OBUMAIN_WAVEACTIVE_PPS
  C:0627H         SYMBOL        OBUMAIN_WAVEACTIVE_PRE
  C:0660H         SYMBOL        OBUMAIN_WAVEACTIVE_PRE02
  C:0698H         SYMBOL        OBUMAIN_WAVEACTIVE_PRE03
  C:09F5H         SYMBOL        OBUMAIN_WAVEACTIVE_PREDEAL
  C:0641H         SYMBOL        OBUMAIN_WAVEACTIVE_PREPRE
  C:0624H         SYMBOL        OBUMAIN_WAVEACTIVE_PRESS
  C:09C5H         SYMBOL        OBUMAIN_WAVEACTIVE_RESPONSE
  C:0746H         SYMBOL        OBUMAIN_WAVEACTIVE_RXBST
  C:0950H         SYMBOL        OBUMAIN_WAVEACTIVE_SE1001ED
  C:0936H         SYMBOL        OBUMAIN_WAVEACTIVE_SE1001PPS
  C:08E3H         SYMBOL        OBUMAIN_WAVEACTIVE_SECONDRX
  C:092DH         SYMBOL        OBUMAIN_WAVEACTIVE_SELECT1001
  C:095BH         SYMBOL        OBUMAIN_WAVEACTIVE_SELECTED
  C:0775H         SYMBOL        OBUMAIN_WAVEACTIVE_SENDVST
  C:086BH         SYMBOL        OBUMAIN_WAVEACTIVE_SENDVST2
  C:09AAH         SYMBOL        OBUMAIN_WAVEACTIVE_SETMMI
  C:0801H         SYMBOL        OBUMAIN_WAVEACTIVE_SETMMIEA
  C:0960H         SYMBOL        OBUMAIN_WAVEACTIVE_SETSECURE
  C:086EH         SYMBOL        OBUMAIN_WAVEACTIVE_SLEEP
  C:07B6H         SYMBOL        OBUMAIN_WAVEACTIVE_SPANESAMRST
  C:07BFH         SYMBOL        OBUMAIN_WAVEACTIVE_SPANESAMRSTH
  C:07C1H         SYMBOL        OBUMAIN_WAVEACTIVE_SPANESAMRSTHH
  C:09BDH         SYMBOL        OBUMAIN_WAVEACTIVE_SWGSM
  C:0729H         SYMBOL        OBUMAIN_WAVEACTIVE_TAMPERED
  C:072BH         SYMBOL        OBUMAIN_WAVEACTIVE_TAMPEREDOVER
  C:096AH         SYMBOL        OBUMAIN_WAVEACTIVE_TRANSFERCHANNEL
  C:0993H         SYMBOL        OBUMAIN_WAVEACTIVE_TRANSFERCHANNELSELOV
  C:09A5H         SYMBOL        OBUMAIN_WAVEACTIVE_TRANSFERPPS02
  C:0976H         SYMBOL        OBUMAIN_WAVEACTIVE_TRANSFERSEL1001
  C:099CH         SYMBOL        OBUMAIN_WAVEACTIVE_TRANSFERSELECTED
  C:07CDH         SYMBOL        OBUMAIN_WAVEACTIVE_TXONE
  C:07D3H         SYMBOL        OBUMAIN_WAVEACTIVE_TXTWO
  C:0885H         SYMBOL        OBUMAIN_WAVEACTIVE_TXTWO02
  C:061EH         SYMBOL        OBUMAIN_WAVEACTIVE_VOLNORMAL
  C:08F8H         SYMBOL        OBUMAIN_WAVEACTIVE_ZC01
  C:0705H         SYMBOL        OBUMAIN_WAVEACTIVE_ZLYD
  D:0080H         SYMBOL        P0
  D:0090H         SYMBOL        P1
  D:00A0H         SYMBOL        P2
  D:00B0H         SYMBOL        P3
  N:00C0H         SYMBOL        P4
  N:00F2H         SYMBOL        PCA_PWM0
  N:00F3H         SYMBOL        PCA_PWM1
  N:00F4H         SYMBOL        PCA_PWM2
  N:00F5H         SYMBOL        PCA_PWM3
  N:00F6H         SYMBOL        PCA_PWM4
  N:00F7H         SYMBOL        PCA_PWM5
  D:0087H         SYMBOL        PCON
BL51 BANKED LINKER/LOCATER V6.05                                                      02/15/2017  18:53:02  PAGE 15


  B:00C0H.1       SYMBOL        PIN_522_MISO
  B:00C0H.6       SYMBOL        PIN_522_MOSI
  B:0080H.4       SYMBOL        PIN_522_RST
  B:0080H.7       SYMBOL        PIN_522_SCLK
  B:0080H.6       SYMBOL        PIN_522_SS
  B:0090H.0       SYMBOL        PIN_5823BK_CS
  B:0090H.2       SYMBOL        PIN_5823BK_IRQ
  B:0080H.0       SYMBOL        PIN_5823BK_MISO
  B:0080H.1       SYMBOL        PIN_5823BK_MOSI
  B:00C0H.2       SYMBOL        PIN_5823BK_SCLK
  B:0090H.5       SYMBOL        PIN_BELL_01
  B:0090H.5       SYMBOL        PIN_BELL_02
  B:0090H.1       SYMBOL        PIN_BK_CE
  B:00B0H.3       SYMBOL        PIN_CARD_EXIST
  B:0080H.5       SYMBOL        PIN_ESAM_RST
  B:0080H.3       SYMBOL        PIN_ESAM_RX
  B:0080H.3       SYMBOL        PIN_ESAM_TX
  B:00A0H.6       SYMBOL        PIN_ES_RST
  B:00C0H.4       SYMBOL        PIN_GRE
  B:0090H.5       SYMBOL        PIN_LCD_CS
  B:0090H.5       SYMBOL        PIN_LCD_DC
  B:0090H.5       SYMBOL        PIN_LCD_RST
  B:0090H.5       SYMBOL        PIN_LCD_SCL
  B:0090H.5       SYMBOL        PIN_LCD_SDA
  B:00B0H.4       SYMBOL        PIN_OUTPUT_CLK
  B:00A0H.4       SYMBOL        PIN_PWRDWN
  B:0090H.5       SYMBOL        PIN_PWRDWN_LCD
  B:00A0H.3       SYMBOL        PIN_PWR_GSM
  B:0090H.5       SYMBOL        PIN_PWR_LOWIO
  B:0090H.5       SYMBOL        PIN_PWR_SE
  B:00C0H.5       SYMBOL        PIN_RED
  B:00B0H.4       SYMBOL        PIN_SE_IO1
  B:00B0H.0       SYMBOL        PIN_SOFTSERIALRX
  B:00B0H.1       SYMBOL        PIN_SOFTSERIALTXH
  B:0090H.5       SYMBOL        PIN_SW
  B:0090H.6       SYMBOL        PIN_UART2_RX
  B:0090H.7       SYMBOL        PIN_UART2_TX
  B:00B0H.5       SYMBOL        PIN_UNFIX
  B:0080H.2       SYMBOL        PIN_WAVE_CHANNEL1
  B:0080H.2       SYMBOL        PIN_WAVE_RX
  D:00D0H         SYMBOL        PSW
  N:00C0H         SYMBOL        READ_BURST
  N:00A2H         SYMBOL        REG_51_AUXR1
  N:008EH         SYMBOL        REG_5412AD_AUXR
  N:0094H         SYMBOL        REG_5412AD_P0M0
  N:0093H         SYMBOL        REG_5412AD_P0M1
  N:0092H         SYMBOL        REG_5412AD_P1M0
  N:0091H         SYMBOL        REG_5412AD_P1M1
  N:0096H         SYMBOL        REG_5412AD_P2M0
  N:0095H         SYMBOL        REG_5412AD_P2M1
  N:00B2H         SYMBOL        REG_5412AD_P3M0
  N:00B1H         SYMBOL        REG_5412AD_P3M1
  N:00B4H         SYMBOL        REG_5412AD_P4M0
  N:00B3H         SYMBOL        REG_5412AD_P4M1
  N:00BBH         SYMBOL        REG_5412AD_P4SW
  N:0085H         SYMBOL        REG_5412AD_SPCTL
  N:0086H         SYMBOL        REG_5412AD_SPDAT
BL51 BANKED LINKER/LOCATER V6.05                                                      02/15/2017  18:53:02  PAGE 16


  N:0084H         SYMBOL        REG_5412AD_SPSTAT
  N:00ABH         SYMBOL        REG_MCU_WKCTH
  N:00AAH         SYMBOL        REG_MCU_WKCTL
  N:000DH         SYMBOL        REG_RC522_BITFRAMINGREG
  N:000EH         SYMBOL        REG_RC522_COLLREG
  N:0002H         SYMBOL        REG_RC522_COMIENREG
  N:0004H         SYMBOL        REG_RC522_COMIRQREG
  N:0001H         SYMBOL        REG_RC522_COMMANDREG
  N:000CH         SYMBOL        REG_RC522_CONTROLREG
  N:0021H         SYMBOL        REG_RC522_CRCRESULTREGH
  N:0022H         SYMBOL        REG_RC522_CRCRESULTREGL
  N:0028H         SYMBOL        REG_RC522_CWGSPREG
  N:0019H         SYMBOL        REG_RC522_DEMODREG
  N:0003H         SYMBOL        REG_RC522_DIVIENREG
  N:0005H         SYMBOL        REG_RC522_DIVIRQREG
  N:0006H         SYMBOL        REG_RC522_ERRORREG
  N:0009H         SYMBOL        REG_RC522_FIFODATAREG
  N:000AH         SYMBOL        REG_RC522_FIFOLEVELREG
  N:0027H         SYMBOL        REG_RC522_GSNREG
  N:001CH         SYMBOL        REG_RC522_MIFAREREG
  N:0011H         SYMBOL        REG_RC522_MODEREG
  N:0029H         SYMBOL        REG_RC522_MODGSPREG
  N:0024H         SYMBOL        REG_RC522_MODWIDTHREG
  N:0000H         SYMBOL        REG_RC522_RC522PAGE
  N:0026H         SYMBOL        REG_RC522_RFCFGREG
  N:000FH         SYMBOL        REG_RC522_RFU
  N:0013H         SYMBOL        REG_RC522_RXMODEREG
  N:0017H         SYMBOL        REG_RC522_RXSELREG
  N:0018H         SYMBOL        REG_RC522_RXTHRESHOLDREG
  N:001FH         SYMBOL        REG_RC522_SERIALSPEEDREG
  N:0007H         SYMBOL        REG_RC522_STATUS1REG
  N:0008H         SYMBOL        REG_RC522_STATUS2REG
  N:002EH         SYMBOL        REG_RC522_TCOUNTERVALUEREGH
  N:002FH         SYMBOL        REG_RC522_TCOUNTERVALUEREGL
  N:002AH         SYMBOL        REG_RC522_TMODEREG
  N:002BH         SYMBOL        REG_RC522_TPRESCALERREG
  N:002CH         SYMBOL        REG_RC522_TRELOADREGH
  N:002DH         SYMBOL        REG_RC522_TRELOADREGL
  N:0015H         SYMBOL        REG_RC522_TXAUTOREG
  N:0014H         SYMBOL        REG_RC522_TXCONTROLREG
  N:0012H         SYMBOL        REG_RC522_TXMODEREG
  N:0016H         SYMBOL        REG_RC522_TXSELREG
  N:000BH         SYMBOL        REG_RC522_WATERLEVELREG
  N:009CH         SYMBOL        REG_SYS_BRT
  N:008FH         SYMBOL        REG_WAKECLK0
  B:00D8H.4       SYMBOL        REG_WAKECLK_04
  B:00D8H.5       SYMBOL        REG_WAKECLK_05
  N:008FH         SYMBOL        REG_WAKE_CLK0
  N:00C1H         SYMBOL        REG_WDT_CONTR
  N:00EAH         SYMBOL        RELOAD2_CONTR
  B:0098H.4       SYMBOL        REN
  B:0098H.0       SYMBOL        RI
  B:00D0H.3       SYMBOL        RS0
  B:00D0H.4       SYMBOL        RS1
  N:009BH         SYMBOL        S2BUF
  N:009AH         SYMBOL        S2CON
  D:0098H         SYMBOL        SCON
BL51 BANKED LINKER/LOCATER V6.05                                                      02/15/2017  18:53:02  PAGE 17


  C:01C1H         SYMBOL        SEG_OBUMAIN_CARDACTIVE
  C:0137H         SYMBOL        SEG_OBUMAIN_CDACTIVE
  C:0584H         SYMBOL        SEG_OBUMAIN_WAVEACTIVE
  D:0081H         SYMBOL        SP
  C:010DH         SYMBOL        START_USER02
  C:765BH         SYMBOL        STR_CARDAPP_TIME
  C:7660H         SYMBOL        STR_CARDAPP_TIME02
  C:7665H         SYMBOL        STR_CMDUP
  C:7658H         SYMBOL        STR_DSRC_DF
  C:7652H         SYMBOL        STR_DSRC_SELDF
  C:7631H         SYMBOL        STR_READBLOCK01
  C:763CH         SYMBOL        STR_READBLOCK04
  C:7647H         SYMBOL        STR_READBLOCK10
  D:0088H         SYMBOL        TCON
  B:0088H.5       SYMBOL        TF0
  B:0088H.7       SYMBOL        TF1
  D:008CH         SYMBOL        TH0
  D:008DH         SYMBOL        TH1
  B:0098H.1       SYMBOL        TI
  N:0009H         SYMBOL        TI_CCXXX0_ADDR
  N:001DH         SYMBOL        TI_CCXXX0_AGCCTRL0
  N:001CH         SYMBOL        TI_CCXXX0_AGCCTRL1
  N:001BH         SYMBOL        TI_CCXXX0_AGCCTRL2
  N:002BH         SYMBOL        TI_CCXXX0_AGCTEST
  N:001AH         SYMBOL        TI_CCXXX0_BSCFG
  N:000AH         SYMBOL        TI_CCXXX0_CHANNR
  N:0015H         SYMBOL        TI_CCXXX0_DEVIATN
  N:0003H         SYMBOL        TI_CCXXX0_FIFOTHR
  N:0019H         SYMBOL        TI_CCXXX0_FOCCFG
  N:0022H         SYMBOL        TI_CCXXX0_FREND0
  N:0021H         SYMBOL        TI_CCXXX0_FREND1
  N:000FH         SYMBOL        TI_CCXXX0_FREQ0
  N:000EH         SYMBOL        TI_CCXXX0_FREQ1
  N:000DH         SYMBOL        TI_CCXXX0_FREQ2
  N:0032H         SYMBOL        TI_CCXXX0_FREQEST
  N:0026H         SYMBOL        TI_CCXXX0_FSCAL0
  N:0025H         SYMBOL        TI_CCXXX0_FSCAL1
  N:0024H         SYMBOL        TI_CCXXX0_FSCAL2
  N:0023H         SYMBOL        TI_CCXXX0_FSCAL3
  N:000CH         SYMBOL        TI_CCXXX0_FSCTRL0
  N:000BH         SYMBOL        TI_CCXXX0_FSCTRL1
  N:0029H         SYMBOL        TI_CCXXX0_FSTEST
  N:0002H         SYMBOL        TI_CCXXX0_IOCFG0
  N:0001H         SYMBOL        TI_CCXXX0_IOCFG1
  N:0000H         SYMBOL        TI_CCXXX0_IOCFG2
  N:0033H         SYMBOL        TI_CCXXX0_LQI
  N:0035H         SYMBOL        TI_CCXXX0_MARCSTATE
  N:0018H         SYMBOL        TI_CCXXX0_MCSM0
  N:0017H         SYMBOL        TI_CCXXX0_MCSM1
  N:0016H         SYMBOL        TI_CCXXX0_MCSM2
  N:0014H         SYMBOL        TI_CCXXX0_MDMCFG0
  N:0013H         SYMBOL        TI_CCXXX0_MDMCFG1
  N:0012H         SYMBOL        TI_CCXXX0_MDMCFG2
  N:0011H         SYMBOL        TI_CCXXX0_MDMCFG3
  N:0010H         SYMBOL        TI_CCXXX0_MDMCFG4
  N:007FH         SYMBOL        TI_CCXXX0_NUM_RXBYTES
  N:0030H         SYMBOL        TI_CCXXX0_PARTNUM
BL51 BANKED LINKER/LOCATER V6.05                                                      02/15/2017  18:53:02  PAGE 18


  N:003EH         SYMBOL        TI_CCXXX0_PATABLE
  N:0008H         SYMBOL        TI_CCXXX0_PKTCTRL0
  N:0007H         SYMBOL        TI_CCXXX0_PKTCTRL1
  N:0006H         SYMBOL        TI_CCXXX0_PKTLEN
  N:0038H         SYMBOL        TI_CCXXX0_PKTSTATUS
  N:002AH         SYMBOL        TI_CCXXX0_PTEST
  N:0028H         SYMBOL        TI_CCXXX0_RCCTRL0
  N:0027H         SYMBOL        TI_CCXXX0_RCCTRL1
  N:0034H         SYMBOL        TI_CCXXX0_RSSI
  N:003BH         SYMBOL        TI_CCXXX0_RXBYTES
  N:003FH         SYMBOL        TI_CCXXX0_RXFIFO
  N:0037H         SYMBOL        TI_CCXXX0_SAFC
  N:0033H         SYMBOL        TI_CCXXX0_SCAL
  N:003AH         SYMBOL        TI_CCXXX0_SFRX
  N:003BH         SYMBOL        TI_CCXXX0_SFTX
  N:0036H         SYMBOL        TI_CCXXX0_SIDLE
  N:003DH         SYMBOL        TI_CCXXX0_SNOP
  N:0039H         SYMBOL        TI_CCXXX0_SPWD
  N:0030H         SYMBOL        TI_CCXXX0_SRES
  N:0034H         SYMBOL        TI_CCXXX0_SRX
  N:0035H         SYMBOL        TI_CCXXX0_STX
  N:0038H         SYMBOL        TI_CCXXX0_SWOR
  N:003CH         SYMBOL        TI_CCXXX0_SWORRST
  N:0032H         SYMBOL        TI_CCXXX0_SXOFF
  N:0005H         SYMBOL        TI_CCXXX0_SYNC0
  N:0004H         SYMBOL        TI_CCXXX0_SYNC1
  N:002EH         SYMBOL        TI_CCXXX0_TEST0
  N:002DH         SYMBOL        TI_CCXXX0_TEST1
  N:002CH         SYMBOL        TI_CCXXX0_TEST2
  N:003AH         SYMBOL        TI_CCXXX0_TXBYTES
  N:003FH         SYMBOL        TI_CCXXX0_TXFIFO
  N:0039H         SYMBOL        TI_CCXXX0_VCO_VC_DAC
  N:0031H         SYMBOL        TI_CCXXX0_VERSION
  N:0020H         SYMBOL        TI_CCXXX0_WORCTRL
  N:001FH         SYMBOL        TI_CCXXX0_WOREVT0
  N:001EH         SYMBOL        TI_CCXXX0_WOREVT1
  N:0037H         SYMBOL        TI_CCXXX0_WORTIME0
  N:0036H         SYMBOL        TI_CCXXX0_WORTIME1
  D:008AH         SYMBOL        TL0
  D:008BH         SYMBOL        TL1
  D:0089H         SYMBOL        TMOD
  B:0088H.4       SYMBOL        TR0
  B:0088H.6       SYMBOL        TR1
  C:7299H         SYMBOL        UNSLEEP
  N:008FH         SYMBOL        WAKE_CLKO
  C:06BFH         SYMBOL        WAVEACTIVE_PRE03_LOOP
  C:06D2H         SYMBOL        WAVEACTIVE_PRE03_PREDEAL
  B:00B0H.2       SYMBOL        WKO_BK
  X:0097H         SYMBOL        XDATA_BSTNUM
  X:0082H         SYMBOL        XDATA_BUF
  X:00A1H         SYMBOL        XDATA_LASTBEACONID
  X:00A9H         SYMBOL        XDATA_LOADCELLTOUSER
  X:0098H         SYMBOL        XDATA_SC
  X:0096H         SYMBOL        XDATA_SETMMI
  X:00A0H         SYMBOL        XDATA_SETMMINUM
  X:009DH         SYMBOL        XDATA_SP
  X:0082H         SYMBOL        XDATA_VARSTART
BL51 BANKED LINKER/LOCATER V6.05                                                      02/15/2017  18:53:02  PAGE 19


  X:00AAH         SYMBOL        XDATA_VSTDELAY
  X:0091H         SYMBOL        XDATA_VSTNUM
  C:127DH         SYMBOL        _FUN_CC1101_SPIOSINGLESOFT02
  C:0B91H         SYMBOL        _FUN_OBUMAIN_BASEINIT02
  C:107BH         SYMBOL        _FUN_OBUMAIN_BDCB
  C:0FF2H         SYMBOL        _FUN_OBUMAIN_BEEP
  C:0EEAH         SYMBOL        _FUN_OBUMAIN_CARDINFODISPLAY
  C:1164H         SYMBOL        _FUN_OBUMAIN_CARDINFODISPLAY02
  C:0CC5H         SYMBOL        _FUN_OBUMAIN_CARDPREDEAL
  C:1382H         SYMBOL        _FUN_OBUMAIN_CHECKMEMORYANDEX
  C:12D5H         SYMBOL        _FUN_OBUMAIN_DR
  C:134AH         SYMBOL        _FUN_OBUMAIN_ERRSHOW
  C:1381H         SYMBOL        _FUN_OBUMAIN_ERRSHOW02
  C:1316H         SYMBOL        _FUN_OBUMAIN_ERRSHOW03
  C:71DCH         SYMBOL        _FUN_OBUMAIN_PINSLEEP
  C:7299H         SYMBOL        _FUN_OBUMAIN_PINUNSLEEP
  C:12B9H         SYMBOL        _FUN_OBUMAIN_PREPU
  C:1294H         SYMBOL        _FUN_OBUMAIN_PRESLEEP
  C:1160H         SYMBOL        _FUN_OBUMAIN_RTCUP
  C:104EH         SYMBOL        _FUN_OBUMAIN_SELECTDF01
  C:728BH         SYMBOL        _FUN_OBUMAIN_SYSUNSLEEP02
  C:106BH         SYMBOL        _FUN_OBUMAIN_TIMERX
  C:0000H         LINE#         48
  C:0003H         LINE#         51
  C:000BH         LINE#         54
  C:0013H         LINE#         57
  C:001BH         LINE#         60
  C:0023H         LINE#         63
  C:7131H         LINE#         75
  C:7133H         LINE#         76
  C:7135H         LINE#         77
  C:7138H         LINE#         78
  C:713AH         LINE#         79
  C:713CH         LINE#         81
  C:713FH         LINE#         82
  C:7141H         LINE#         83
  C:7143H         LINE#         84
  C:7145H         LINE#         85
  C:7147H         LINE#         89
  C:7148H         LINE#         97
  C:714AH         LINE#         98
  C:714CH         LINE#         99
  C:714FH         LINE#         100
  C:7152H         LINE#         102
  C:7155H         LINE#         103
  C:7158H         LINE#         104
  C:715AH         LINE#         105
  C:715CH         LINE#         106
  C:715EH         LINE#         107
  C:7160H         LINE#         109
  C:7161H         LINE#         118
  C:7164H         LINE#         120
  C:7167H         LINE#         121
  C:7169H         LINE#         122
  C:716BH         LINE#         124
  C:716DH         LINE#         125
  C:7170H         LINE#         126
BL51 BANKED LINKER/LOCATER V6.05                                                      02/15/2017  18:53:02  PAGE 20


  C:7172H         LINE#         127
  C:7174H         LINE#         128
  C:7176H         LINE#         129
  C:7178H         LINE#         131
  C:7179H         LINE#         140
  C:717BH         LINE#         141
  C:717EH         LINE#         142
  C:7180H         LINE#         143
  C:7182H         LINE#         144
  C:7184H         LINE#         145
  C:7187H         LINE#         146
  C:7189H         LINE#         147
  C:718BH         LINE#         148
  C:718DH         LINE#         149
  C:718FH         LINE#         151
  C:7190H         LINE#         154
  C:7192H         LINE#         155
  C:7193H         LINE#         165
  C:7195H         LINE#         166
  C:7197H         LINE#         167
  C:7199H         LINE#         168
  C:719BH         LINE#         169
  C:719DH         LINE#         171
  C:719FH         LINE#         172
  C:71A1H         LINE#         173
  C:71A3H         LINE#         174
  C:71A6H         LINE#         175
  C:71A8H         LINE#         176
  C:71AAH         LINE#         177
  C:71ACH         LINE#         178
  C:71AEH         LINE#         182
  C:71AFH         LINE#         185
  C:71B1H         LINE#         186
  C:71B2H         LINE#         197
  C:71B5H         LINE#         198
  C:71B7H         LINE#         200
  C:71B9H         LINE#         201
  C:71BBH         LINE#         202
  C:71BEH         LINE#         203
  C:71C0H         LINE#         205
  C:71C3H         LINE#         206
  C:71C5H         LINE#         207
  C:71C7H         LINE#         209
  C:71CAH         LINE#         210
  C:71CCH         LINE#         211
  C:71CEH         LINE#         212
  C:71D0H         LINE#         214
  C:71D3H         LINE#         215
  C:71D5H         LINE#         216
  C:71D7H         LINE#         217
  C:71D9H         LINE#         218
  C:71DBH         LINE#         220
  C:71DCH         LINE#         226
  C:71DEH         LINE#         227
  C:71E0H         LINE#         228
  C:71E2H         LINE#         230
  C:71E5H         LINE#         231
BL51 BANKED LINKER/LOCATER V6.05                                                      02/15/2017  18:53:02  PAGE 21


  C:71E8H         LINE#         233
  C:71EBH         LINE#         234
  C:71EEH         LINE#         236
  C:71F1H         LINE#         237
  C:71F4H         LINE#         239
  C:71F7H         LINE#         240
  C:71FAH         LINE#         243
  C:71FCH         LINE#         245
  C:71FFH         LINE#         246
  C:7201H         LINE#         247
  C:7202H         LINE#         248
  C:7204H         LINE#         249
  C:7206H         LINE#         253
  C:7209H         LINE#         254
  C:720CH         LINE#         256
  C:720EH         LINE#         258
  C:7210H         LINE#         259
  C:7212H         LINE#         264
  C:7214H         LINE#         265
  C:7216H         LINE#         268
  C:7218H         LINE#         269
  C:721AH         LINE#         271
  C:721CH         LINE#         272
  C:721EH         LINE#         275
  C:7221H         LINE#         276
  C:7224H         LINE#         278
  C:7226H         LINE#         279
  C:7228H         LINE#         280
  C:722AH         LINE#         285
  C:722CH         LINE#         286
  C:722EH         LINE#         289
  C:7230H         LINE#         290
  C:7232H         LINE#         291
  C:7234H         LINE#         292
  C:7236H         LINE#         293
  C:7238H         LINE#         294
  C:723AH         LINE#         297
  C:723CH         LINE#         298
  C:723EH         LINE#         300
  C:7240H         LINE#         305
  C:7242H         LINE#         306
  C:7244H         LINE#         307
  C:7246H         LINE#         308
  C:7248H         LINE#         309
  C:724AH         LINE#         311
  C:724CH         LINE#         312
  C:724EH         LINE#         313
  C:7250H         LINE#         315
  C:7252H         LINE#         336
  C:7254H         LINE#         337
  C:7256H         LINE#         338
  C:7258H         LINE#         339
  C:725AH         LINE#         340
  C:725CH         LINE#         343
  C:725EH         LINE#         344
  C:7260H         LINE#         346
  C:7262H         LINE#         347
BL51 BANKED LINKER/LOCATER V6.05                                                      02/15/2017  18:53:02  PAGE 22


  C:7264H         LINE#         348
  C:7266H         LINE#         352
  C:7268H         LINE#         353
  C:726AH         LINE#         359
  C:726CH         LINE#         362
  C:726EH         LINE#         363
  C:7270H         LINE#         364
  C:7272H         LINE#         365
  C:7274H         LINE#         366
  C:7276H         LINE#         367
  C:7278H         LINE#         368
  C:727AH         LINE#         370
  C:727CH         LINE#         372
  C:727DH         LINE#         376
  C:7280H         LINE#         378
  C:7283H         LINE#         380
  C:7286H         LINE#         381
  C:7288H         LINE#         382
  C:728AH         LINE#         384
  C:728BH         LINE#         388
  C:728EH         LINE#         389
  C:7291H         LINE#         390
  C:7294H         LINE#         391
  C:7296H         LINE#         392
  C:7298H         LINE#         394
  C:7299H         LINE#         420
  C:729BH         LINE#         421
  C:729DH         LINE#         422
  C:729FH         LINE#         426
  C:72A2H         LINE#         427
  C:72A5H         LINE#         429
  C:72A8H         LINE#         430
  C:72ABH         LINE#         433
  C:72AEH         LINE#         434
  C:72B1H         LINE#         436
  C:72B4H         LINE#         437
  C:72B7H         LINE#         441
  C:72B9H         LINE#         443
  C:72BCH         LINE#         444
  C:72BEH         LINE#         445
  C:72BFH         LINE#         446
  C:72C1H         LINE#         447
  C:72C3H         LINE#         450
  C:72C6H         LINE#         451
  C:72C9H         LINE#         453
  C:72CBH         LINE#         454
  C:72CDH         LINE#         455
  C:72CFH         LINE#         461
  C:72D1H         LINE#         462
  C:72D3H         LINE#         464
  C:72D5H         LINE#         467
  C:72D8H         LINE#         468
  C:72DBH         LINE#         470
  C:72DDH         LINE#         471
  C:72DFH         LINE#         475
  C:72E1H         LINE#         477
  C:72E3H         LINE#         478
BL51 BANKED LINKER/LOCATER V6.05                                                      02/15/2017  18:53:02  PAGE 23


  C:72E5H         LINE#         481
  C:72E7H         LINE#         482
  C:72E9H         LINE#         483
  C:72EBH         LINE#         484
  C:72EDH         LINE#         485
  C:72EFH         LINE#         486
  C:72F1H         LINE#         497
  C:72F3H         LINE#         498
  C:72F5H         LINE#         499
  C:72F7H         LINE#         500
  C:72F9H         LINE#         501
  C:72FBH         LINE#         504
  C:72FDH         LINE#         505
  C:72FFH         LINE#         506
  C:7301H         LINE#         507
  C:7303H         LINE#         511
  C:7305H         LINE#         514
  C:7307H         LINE#         515
  C:7309H         LINE#         518
  C:730BH         LINE#         519
  C:730DH         LINE#         522
  C:730FH         LINE#         523
  C:7311H         LINE#         526
  C:7313H         LINE#         528
  C:7315H         LINE#         529
  C:7317H         LINE#         530
  C:7319H         LINE#         531
  C:731BH         LINE#         532
  C:731DH         LINE#         533
  C:731FH         LINE#         534
  C:7321H         LINE#         538
  C:0034H         LINE#         547
  C:0037H         LINE#         548
  C:003AH         LINE#         549
  C:003CH         LINE#         550
  C:003EH         LINE#         552
  C:0041H         LINE#         553
  C:0042H         LINE#         554
  C:0044H         LINE#         557
  C:0047H         LINE#         564
  C:0049H         LINE#         565
  C:004BH         LINE#         566
  C:004CH         LINE#         572
  C:004EH         LINE#         573
  C:0051H         LINE#         577
  C:0054H         LINE#         578
  C:0057H         LINE#         581
  C:0059H         LINE#         582
  C:005BH         LINE#         583
  C:005CH         LINE#         587
  C:005FH         LINE#         588
  C:0062H         LINE#         589
  C:0064H         LINE#         590
  C:0066H         LINE#         591
  C:0068H         LINE#         594
  C:006AH         LINE#         595
  C:006CH         LINE#         597
BL51 BANKED LINKER/LOCATER V6.05                                                      02/15/2017  18:53:02  PAGE 24


  C:006EH         LINE#         598
  C:0070H         LINE#         599
  C:0073H         LINE#         600
  C:0075H         LINE#         603
  C:0078H         LINE#         604
  C:0079H         LINE#         605
  C:007BH         LINE#         606
  C:007DH         LINE#         607
  C:0080H         LINE#         608
  C:0082H         LINE#         612
  C:0084H         LINE#         613
  C:0086H         LINE#         615
  C:0089H         LINE#         616
  C:008BH         LINE#         617
  C:008CH         LINE#         619
  C:008FH         LINE#         620
  C:0092H         LINE#         622
  C:0094H         LINE#         623
  C:0096H         LINE#         634
  C:0099H         LINE#         635
  C:009CH         LINE#         638
  C:009EH         LINE#         639
  C:00A0H         LINE#         640
  C:00A2H         LINE#         641
  C:00A4H         LINE#         644
  C:00A7H         LINE#         645
  C:00A9H         LINE#         646
  C:00ABH         LINE#         647
  C:00ADH         LINE#         649
  C:00AFH         LINE#         650
  C:00B1H         LINE#         651
  C:00B3H         LINE#         652
  C:00B5H         LINE#         660
  C:00B8H         LINE#         662
  C:00BAH         LINE#         663
  C:00BCH         LINE#         664
  C:00BEH         LINE#         665
  C:00C0H         LINE#         666
  C:00C2H         LINE#         667
  C:00C4H         LINE#         668
  C:00C6H         LINE#         669
  C:00C8H         LINE#         670
  C:00CAH         LINE#         672
  C:00CCH         LINE#         673
  C:00CEH         LINE#         683
  C:00D0H         LINE#         684
  C:00D2H         LINE#         685
  C:00D4H         LINE#         687
  C:00D6H         LINE#         688
  C:00D8H         LINE#         690
  C:00D9H         LINE#         691
  C:00DBH         LINE#         692
  C:00DDH         LINE#         694
  C:00DFH         LINE#         695
  C:00E1H         LINE#         696
  C:00E3H         LINE#         698
  C:00E5H         LINE#         700
BL51 BANKED LINKER/LOCATER V6.05                                                      02/15/2017  18:53:02  PAGE 25


  C:00E6H         LINE#         701
  C:00E7H         LINE#         702
  C:00E8H         LINE#         703
  C:00E9H         LINE#         704
  C:00EAH         LINE#         709
  C:00EBH         LINE#         710
  C:00EDH         LINE#         713
  C:00F0H         LINE#         715
  C:00F1H         LINE#         716
  C:00F2H         LINE#         718
  C:00F5H         LINE#         721
  C:00F8H         LINE#         722
  C:00FAH         LINE#         731
  C:00FCH         LINE#         732
  C:00FFH         LINE#         734
  C:0101H         LINE#         735
  C:0103H         LINE#         736
  C:0106H         LINE#         737
  C:0108H         LINE#         738
  C:010AH         LINE#         739
  C:010DH         LINE#         742
  C:010FH         LINE#         744
  C:0111H         LINE#         745
  C:0113H         LINE#         748
  C:0115H         LINE#         749
  C:0116H         LINE#         750
  C:0119H         LINE#         751
  C:011AH         LINE#         752
  C:011BH         LINE#         753
  C:011CH         LINE#         755
  C:011FH         LINE#         756
  C:0121H         LINE#         757
  C:0122H         LINE#         758
  C:0125H         LINE#         760
  C:0128H         LINE#         761
  C:0129H         LINE#         763
  C:012BH         LINE#         764
  C:012DH         LINE#         765
  C:012FH         LINE#         767
  C:0130H         LINE#         768
  C:0132H         LINE#         769
  C:0134H         LINE#         770
  C:0136H         LINE#         772
  C:0137H         LINE#         781
  C:0139H         LINE#         782
  C:013BH         LINE#         783
  C:013DH         LINE#         785
  C:0140H         LINE#         790
  C:0143H         LINE#         792
  C:0145H         LINE#         793
  C:0147H         LINE#         794
  C:014AH         LINE#         795
  C:014DH         LINE#         803
  C:0150H         LINE#         806
  C:0152H         LINE#         807
  C:0154H         LINE#         808
  C:0156H         LINE#         809
BL51 BANKED LINKER/LOCATER V6.05                                                      02/15/2017  18:53:02  PAGE 26


  C:0158H         LINE#         810
  C:015AH         LINE#         811
  C:015CH         LINE#         812
  C:015FH         LINE#         815
  C:0161H         LINE#         816
  C:0163H         LINE#         817
  C:0165H         LINE#         818
  C:0167H         LINE#         819
  C:016AH         LINE#         820
  C:016BH         LINE#         825
  C:016DH         LINE#         827
  C:016FH         LINE#         828
  C:0171H         LINE#         829
  C:0174H         LINE#         830
  C:0176H         LINE#         831
  C:0179H         LINE#         832
  C:017BH         LINE#         833
  C:017DH         LINE#         836
  C:017FH         LINE#         837
  C:0182H         LINE#         838
  C:0184H         LINE#         841
  C:0187H         LINE#         842
  C:0189H         LINE#         843
  C:018CH         LINE#         847
  C:018FH         LINE#         849
  C:0192H         LINE#         850
  C:0195H         LINE#         851
  C:0197H         LINE#         852
  C:0199H         LINE#         853
  C:019CH         LINE#         856
  C:019EH         LINE#         858
  C:01A0H         LINE#         859
  C:01A3H         LINE#         860
  C:01A5H         LINE#         861
  C:01A8H         LINE#         862
  C:01AAH         LINE#         863
  C:01ADH         LINE#         864
  C:01B0H         LINE#         881
  C:01B3H         LINE#         883
  C:01B4H         LINE#         884
  C:01B5H         LINE#         885
  C:01B6H         LINE#         886
  C:01B7H         LINE#         887
  C:01B8H         LINE#         888
  C:01B9H         LINE#         889
  C:01BAH         LINE#         890
  C:01BBH         LINE#         891
  C:01BCH         LINE#         892
  C:01BDH         LINE#         893
  C:01BEH         LINE#         894
  C:01BFH         LINE#         895
  C:01C1H         LINE#         901
  C:01C4H         LINE#         903
  C:01C7H         LINE#         904
  C:01C9H         LINE#         905
  C:01CBH         LINE#         907
  C:01CDH         LINE#         908
BL51 BANKED LINKER/LOCATER V6.05                                                      02/15/2017  18:53:02  PAGE 27


  C:01CFH         LINE#         909
  C:01D1H         LINE#         910
  C:01D3H         LINE#         911
  C:01D5H         LINE#         912
  C:01D8H         LINE#         915
  C:01D9H         LINE#         916
  C:01DBH         LINE#         918
  C:01DDH         LINE#         919
  C:01DFH         LINE#         921
  C:01E1H         LINE#         922
  C:01E2H         LINE#         923
  C:01E4H         LINE#         924
  C:01E6H         LINE#         926
  C:01E8H         LINE#         927
  C:01E9H         LINE#         928
  C:01EBH         LINE#         929
  C:01EDH         LINE#         931
  C:01EFH         LINE#         935
  C:01F2H         LINE#         936
  C:01F5H         LINE#         939
  C:01F8H         LINE#         940
  C:01FAH         LINE#         941
  C:01FDH         LINE#         942
  C:0200H         LINE#         948
  C:0203H         LINE#         949
  C:0205H         LINE#         952
  C:0208H         LINE#         953
  C:020BH         LINE#         954
  C:020DH         LINE#         955
  C:020FH         LINE#         956
  C:0212H         LINE#         961
  C:0215H         LINE#         962
  C:0218H         LINE#         965
  C:021BH         LINE#         967
  C:021EH         LINE#         968
  C:0221H         LINE#         970
  C:0224H         LINE#         972
  C:0226H         LINE#         973
  C:0229H         LINE#         974
  C:022CH         LINE#         976
  C:022FH         LINE#         980
  C:0232H         LINE#         981
  C:0235H         LINE#         982
  C:0238H         LINE#         983
  C:023AH         LINE#         984
  C:023DH         LINE#         989
  C:023FH         LINE#         991
  C:0242H         LINE#         992
  C:0244H         LINE#         993
  C:0245H         LINE#         994
  C:0247H         LINE#         995
  C:0249H         LINE#         996
  C:024AH         LINE#         998
  C:024DH         LINE#         999
  C:024FH         LINE#         1000
  C:0250H         LINE#         1001
  C:0252H         LINE#         1002
BL51 BANKED LINKER/LOCATER V6.05                                                      02/15/2017  18:53:02  PAGE 28


  C:0254H         LINE#         1003
  C:0255H         LINE#         1006
  C:0258H         LINE#         1007
  C:025AH         LINE#         1008
  C:025BH         LINE#         1009
  C:025DH         LINE#         1011
  C:025FH         LINE#         1012
  C:0260H         LINE#         1014
  C:0263H         LINE#         1015
  C:0265H         LINE#         1016
  C:0266H         LINE#         1017
  C:0268H         LINE#         1018
  C:026AH         LINE#         1024
  C:026CH         LINE#         1026
  C:026FH         LINE#         1030
  C:0272H         LINE#         1031
  C:0275H         LINE#         1035
  C:0278H         LINE#         1036
  C:027BH         LINE#         1037
  C:027EH         LINE#         1038
  C:0280H         LINE#         1039
  C:0283H         LINE#         1041
  C:0285H         LINE#         1042
  C:0287H         LINE#         1043
  C:0289H         LINE#         1044
  C:028BH         LINE#         1045
  C:028DH         LINE#         1046
  C:028FH         LINE#         1047
  C:0292H         LINE#         1050
  C:0294H         LINE#         1051
  C:0296H         LINE#         1052
  C:0298H         LINE#         1053
  C:029AH         LINE#         1054
  C:029CH         LINE#         1055
  C:029EH         LINE#         1056
  C:02A0H         LINE#         1057
  C:02A3H         LINE#         1058
  C:02A4H         LINE#         1060
  C:02A6H         LINE#         1062
  C:02A9H         LINE#         1063
  C:02ABH         LINE#         1064
  C:02ACH         LINE#         1066
  C:02AEH         LINE#         1068
  C:02B1H         LINE#         1069
  C:02B3H         LINE#         1070
  C:02B4H         LINE#         1073
  C:02B7H         LINE#         1074
  C:02BAH         LINE#         1075
  C:02BDH         LINE#         1076
  C:02BFH         LINE#         1077
  C:02C2H         LINE#         1080
  C:02C5H         LINE#         1081
  C:02C8H         LINE#         1082
  C:02CBH         LINE#         1083
  C:02CDH         LINE#         1084
  C:02D0H         LINE#         1087
  C:02D3H         LINE#         1088
BL51 BANKED LINKER/LOCATER V6.05                                                      02/15/2017  18:53:02  PAGE 29


  C:02D6H         LINE#         1089
  C:02D9H         LINE#         1090
  C:02DBH         LINE#         1091
  C:02DEH         LINE#         1102
  C:02E0H         LINE#         1103
  C:02E2H         LINE#         1105
  C:02E5H         LINE#         1106
  C:02E7H         LINE#         1107
  C:02E8H         LINE#         1108
  C:02EAH         LINE#         1109
  C:02ECH         LINE#         1111
  C:02EEH         LINE#         1113
  C:02EFH         LINE#         1115
  C:02F2H         LINE#         1116
  C:02F4H         LINE#         1117
  C:02F6H         LINE#         1120
  C:02F9H         LINE#         1121
  C:02FBH         LINE#         1122
  C:02FDH         LINE#         1125
  C:02FFH         LINE#         1128
  C:0301H         LINE#         1129
  C:0303H         LINE#         1132
  C:0306H         LINE#         1133
  C:0308H         LINE#         1134
  C:0309H         LINE#         1135
  C:030BH         LINE#         1137
  C:030EH         LINE#         1138
  C:0310H         LINE#         1139
  C:0311H         LINE#         1140
  C:0313H         LINE#         1141
  C:0315H         LINE#         1142
  C:0318H         LINE#         1144
  C:0319H         LINE#         1145
  C:031AH         LINE#         1146
  C:031CH         LINE#         1149
  C:031FH         LINE#         1150
  C:0322H         LINE#         1156
  C:0325H         LINE#         1157
  C:0326H         LINE#         1158
  C:0328H         LINE#         1159
  C:032BH         LINE#         1162
  C:032CH         LINE#         1163
  C:032EH         LINE#         1164
  C:0330H         LINE#         1166
  C:0331H         LINE#         1167
  C:0333H         LINE#         1168
  C:0335H         LINE#         1169
  C:0337H         LINE#         1172
  C:033AH         LINE#         1183
  C:033CH         LINE#         1184
  C:033FH         LINE#         1185
  C:0341H         LINE#         1186
  C:0344H         LINE#         1187
  C:0346H         LINE#         1188
  C:0348H         LINE#         1190
  C:034AH         LINE#         1191
  C:034DH         LINE#         1192
BL51 BANKED LINKER/LOCATER V6.05                                                      02/15/2017  18:53:02  PAGE 30


  C:034FH         LINE#         1193
  C:0352H         LINE#         1195
  C:0354H         LINE#         1196
  C:0357H         LINE#         1197
  C:0359H         LINE#         1198
  C:035CH         LINE#         1199
  C:035EH         LINE#         1201
  C:035FH         LINE#         1202
  C:0361H         LINE#         1203
  C:0364H         LINE#         1207
  C:0366H         LINE#         1208
  C:0368H         LINE#         1209
  C:036AH         LINE#         1210
  C:036CH         LINE#         1211
  C:036EH         LINE#         1212
  C:0370H         LINE#         1213
  C:0373H         LINE#         1214
  C:0374H         LINE#         1215
  C:0376H         LINE#         1216
  C:0378H         LINE#         1219
  C:037AH         LINE#         1220
  C:037CH         LINE#         1221
[...]
  B:0090H.5       SYMBOL        PIN_LCD_DC
  B:0090H.5       SYMBOL        PIN_LCD_RST
  B:0090H.5       SYMBOL        PIN_LCD_SCL
  B:0090H.5       SYMBOL        PIN_LCD_SDA
  B:00B0H.4       SYMBOL        PIN_OUTPUT_CLK
  B:00A0H.4       SYMBOL        PIN_PWRDWN
  B:0090H.5       SYMBOL        PIN_PWRDWN_LCD
  B:00A0H.3       SYMBOL        PIN_PWR_GSM
  B:0090H.5       SYMBOL        PIN_PWR_LOWIO
  B:0090H.5       SYMBOL        PIN_PWR_SE
  B:00C0H.5       SYMBOL        PIN_RED
  B:00B0H.4       SYMBOL        PIN_SE_IO1
  B:00B0H.0       SYMBOL        PIN_SOFTSERIALRX
  B:00B0H.1       SYMBOL        PIN_SOFTSERIALTXH
  B:0090H.5       SYMBOL        PIN_SW
  B:0090H.6       SYMBOL        PIN_UART2_RX
  B:0090H.7       SYMBOL        PIN_UART2_TX
  B:00B0H.5       SYMBOL        PIN_UNFIX
  B:0080H.2       SYMBOL        PIN_WAVE_CHANNEL1
  B:0080H.2       SYMBOL        PIN_WAVE_RX
  N:00C0H         SYMBOL        READ_BURST
  N:00A2H         SYMBOL        REG_51_AUXR1
  N:008EH         SYMBOL        REG_5412AD_AUXR
  N:0094H         SYMBOL        REG_5412AD_P0M0
  N:0093H         SYMBOL        REG_5412AD_P0M1
  N:0092H         SYMBOL        REG_5412AD_P1M0
  N:0091H         SYMBOL        REG_5412AD_P1M1
  N:0096H         SYMBOL        REG_5412AD_P2M0
  N:0095H         SYMBOL        REG_5412AD_P2M1
  N:00B2H         SYMBOL        REG_5412AD_P3M0
  N:00B1H         SYMBOL        REG_5412AD_P3M1
  N:00B4H         SYMBOL        REG_5412AD_P4M0
  N:00B3H         SYMBOL        REG_5412AD_P4M1
  N:00BBH         SYMBOL        REG_5412AD_P4SW
  N:0085H         SYMBOL        REG_5412AD_SPCTL
  N:0086H         SYMBOL        REG_5412AD_SPDAT
  N:0084H         SYMBOL        REG_5412AD_SPSTAT
  N:00ABH         SYMBOL        REG_MCU_WKCTH
  N:00AAH         SYMBOL        REG_MCU_WKCTL
  N:000DH         SYMBOL        REG_RC522_BITFRAMINGREG
  N:000EH         SYMBOL        REG_RC522_COLLREG
  N:0002H         SYMBOL        REG_RC522_COMIENREG
  N:0004H         SYMBOL        REG_RC522_COMIRQREG
  N:0001H         SYMBOL        REG_RC522_COMMANDREG
  N:000CH         SYMBOL        REG_RC522_CONTROLREG
  N:0021H         SYMBOL        REG_RC522_CRCRESULTREGH
  N:0022H         SYMBOL        REG_RC522_CRCRESULTREGL
  N:0028H         SYMBOL        REG_RC522_CWGSPREG
  N:0019H         SYMBOL        REG_RC522_DEMODREG
BL51 BANKED LINKER/LOCATER V6.05                                                      02/15/2017  18:53:02  PAGE 369


  N:0003H         SYMBOL        REG_RC522_DIVIENREG
  N:0005H         SYMBOL        REG_RC522_DIVIRQREG
  N:0006H         SYMBOL        REG_RC522_ERRORREG
  N:0009H         SYMBOL        REG_RC522_FIFODATAREG
  N:000AH         SYMBOL        REG_RC522_FIFOLEVELREG
  N:0027H         SYMBOL        REG_RC522_GSNREG
  N:001CH         SYMBOL        REG_RC522_MIFAREREG
  N:0011H         SYMBOL        REG_RC522_MODEREG
  N:0029H         SYMBOL        REG_RC522_MODGSPREG
  N:0024H         SYMBOL        REG_RC522_MODWIDTHREG
  N:0000H         SYMBOL        REG_RC522_RC522PAGE
  N:0026H         SYMBOL        REG_RC522_RFCFGREG
  N:000FH         SYMBOL        REG_RC522_RFU
  N:0013H         SYMBOL        REG_RC522_RXMODEREG
  N:0017H         SYMBOL        REG_RC522_RXSELREG
  N:0018H         SYMBOL        REG_RC522_RXTHRESHOLDREG
  N:001FH         SYMBOL        REG_RC522_SERIALSPEEDREG
  N:0007H         SYMBOL        REG_RC522_STATUS1REG
  N:0008H         SYMBOL        REG_RC522_STATUS2REG
  N:002EH         SYMBOL        REG_RC522_TCOUNTERVALUEREGH
  N:002FH         SYMBOL        REG_RC522_TCOUNTERVALUEREGL
  N:002AH         SYMBOL        REG_RC522_TMODEREG
  N:002BH         SYMBOL        REG_RC522_TPRESCALERREG
  N:002CH         SYMBOL        REG_RC522_TRELOADREGH
  N:002DH         SYMBOL        REG_RC522_TRELOADREGL
  N:0015H         SYMBOL        REG_RC522_TXAUTOREG
  N:0014H         SYMBOL        REG_RC522_TXCONTROLREG
  N:0012H         SYMBOL        REG_RC522_TXMODEREG
  N:0016H         SYMBOL        REG_RC522_TXSELREG
  N:000BH         SYMBOL        REG_RC522_WATERLEVELREG
  N:009CH         SYMBOL        REG_SYS_BRT
  N:008FH         SYMBOL        REG_WAKECLK0
  B:00D8H.4       SYMBOL        REG_WAKECLK_04
  B:00D8H.5       SYMBOL        REG_WAKECLK_05
  N:008FH         SYMBOL        REG_WAKE_CLK0
  N:00C1H         SYMBOL        REG_WDT_CONTR
  N:00EAH         SYMBOL        RELOAD2_CONTR
  N:009BH         SYMBOL        S2BUF
  N:009AH         SYMBOL        S2CON
  D:0098H         SYMBOL        SCON
  N:0009H         SYMBOL        TI_CCXXX0_ADDR
  N:001DH         SYMBOL        TI_CCXXX0_AGCCTRL0
  N:001CH         SYMBOL        TI_CCXXX0_AGCCTRL1
  N:001BH         SYMBOL        TI_CCXXX0_AGCCTRL2
  N:002BH         SYMBOL        TI_CCXXX0_AGCTEST
  N:001AH         SYMBOL        TI_CCXXX0_BSCFG
  N:000AH         SYMBOL        TI_CCXXX0_CHANNR
  N:0015H         SYMBOL        TI_CCXXX0_DEVIATN
  N:0003H         SYMBOL        TI_CCXXX0_FIFOTHR
  N:0019H         SYMBOL        TI_CCXXX0_FOCCFG
  N:0022H         SYMBOL        TI_CCXXX0_FREND0
  N:0021H         SYMBOL        TI_CCXXX0_FREND1
  N:000FH         SYMBOL        TI_CCXXX0_FREQ0
  N:000EH         SYMBOL        TI_CCXXX0_FREQ1
  N:000DH         SYMBOL        TI_CCXXX0_FREQ2
  N:0032H         SYMBOL        TI_CCXXX0_FREQEST
  N:0026H         SYMBOL        TI_CCXXX0_FSCAL0
BL51 BANKED LINKER/LOCATER V6.05                                                      02/15/2017  18:53:02  PAGE 370


  N:0025H         SYMBOL        TI_CCXXX0_FSCAL1
  N:0024H         SYMBOL        TI_CCXXX0_FSCAL2
  N:0023H         SYMBOL        TI_CCXXX0_FSCAL3
  N:000CH         SYMBOL        TI_CCXXX0_FSCTRL0
  N:000BH         SYMBOL        TI_CCXXX0_FSCTRL1
  N:0029H         SYMBOL        TI_CCXXX0_FSTEST
  N:0002H         SYMBOL        TI_CCXXX0_IOCFG0
  N:0001H         SYMBOL        TI_CCXXX0_IOCFG1
  N:0000H         SYMBOL        TI_CCXXX0_IOCFG2
  N:0033H         SYMBOL        TI_CCXXX0_LQI
  N:0035H         SYMBOL        TI_CCXXX0_MARCSTATE
  N:0018H         SYMBOL        TI_CCXXX0_MCSM0
  N:0017H         SYMBOL        TI_CCXXX0_MCSM1
  N:0016H         SYMBOL        TI_CCXXX0_MCSM2
  N:0014H         SYMBOL        TI_CCXXX0_MDMCFG0
  N:0013H         SYMBOL        TI_CCXXX0_MDMCFG1
  N:0012H         SYMBOL        TI_CCXXX0_MDMCFG2
  N:0011H         SYMBOL        TI_CCXXX0_MDMCFG3
  N:0010H         SYMBOL        TI_CCXXX0_MDMCFG4
  N:007FH         SYMBOL        TI_CCXXX0_NUM_RXBYTES
  N:0030H         SYMBOL        TI_CCXXX0_PARTNUM
  N:003EH         SYMBOL        TI_CCXXX0_PATABLE
  N:0008H         SYMBOL        TI_CCXXX0_PKTCTRL0
  N:0007H         SYMBOL        TI_CCXXX0_PKTCTRL1
  N:0006H         SYMBOL        TI_CCXXX0_PKTLEN
  N:0038H         SYMBOL        TI_CCXXX0_PKTSTATUS
  N:002AH         SYMBOL        TI_CCXXX0_PTEST
  N:0028H         SYMBOL        TI_CCXXX0_RCCTRL0
  N:0027H         SYMBOL        TI_CCXXX0_RCCTRL1
  N:0034H         SYMBOL        TI_CCXXX0_RSSI
  N:003BH         SYMBOL        TI_CCXXX0_RXBYTES
  N:003FH         SYMBOL        TI_CCXXX0_RXFIFO
  N:0037H         SYMBOL        TI_CCXXX0_SAFC
  N:0033H         SYMBOL        TI_CCXXX0_SCAL
  N:003AH         SYMBOL        TI_CCXXX0_SFRX
  N:003BH         SYMBOL        TI_CCXXX0_SFTX
  N:0036H         SYMBOL        TI_CCXXX0_SIDLE
  N:003DH         SYMBOL        TI_CCXXX0_SNOP
  N:0039H         SYMBOL        TI_CCXXX0_SPWD
  N:0030H         SYMBOL        TI_CCXXX0_SRES
  N:0034H         SYMBOL        TI_CCXXX0_SRX
  N:0035H         SYMBOL        TI_CCXXX0_STX
  N:0038H         SYMBOL        TI_CCXXX0_SWOR
  N:003CH         SYMBOL        TI_CCXXX0_SWORRST
  N:0032H         SYMBOL        TI_CCXXX0_SXOFF
  N:0005H         SYMBOL        TI_CCXXX0_SYNC0
  N:0004H         SYMBOL        TI_CCXXX0_SYNC1
  N:002EH         SYMBOL        TI_CCXXX0_TEST0
  N:002DH         SYMBOL        TI_CCXXX0_TEST1
  N:002CH         SYMBOL        TI_CCXXX0_TEST2
  N:003AH         SYMBOL        TI_CCXXX0_TXBYTES
  N:003FH         SYMBOL        TI_CCXXX0_TXFIFO
  N:0039H         SYMBOL        TI_CCXXX0_VCO_VC_DAC
  N:0031H         SYMBOL        TI_CCXXX0_VERSION
  N:0020H         SYMBOL        TI_CCXXX0_WORCTRL
  N:001FH         SYMBOL        TI_CCXXX0_WOREVT0
  N:001EH         SYMBOL        TI_CCXXX0_WOREVT1
BL51 BANKED LINKER/LOCATER V6.05                                                      02/15/2017  18:53:02  PAGE 371


  N:0037H         SYMBOL        TI_CCXXX0_WORTIME0
  N:0036H         SYMBOL        TI_CCXXX0_WORTIME1
  N:008FH         SYMBOL        WAKE_CLKO
  B:00B0H.2       SYMBOL        WKO_BK
  C:6D16H         LINE#         23
  C:6D19H         LINE#         27
  C:6D1BH         LINE#         29
  C:6D1EH         LINE#         31
  C:6D21H         LINE#         32
  C:6D23H         LINE#         33
  C:6D25H         LINE#         35
  C:6D27H         LINE#         37
  C:6D28H         LINE#         44
  C:6D2AH         LINE#         45
  C:6D2DH         LINE#         46
  C:6D30H         LINE#         48
  C:6D32H         LINE#         50
  C:6D34H         LINE#         51
  C:6D36H         LINE#         53
  C:6D37H         LINE#         60
  C:6D3AH         LINE#         61
  C:6D3CH         LINE#         62
  C:6D3FH         LINE#         63
  C:6D42H         LINE#         65
  C:6D44H         LINE#         67
  C:6D46H         LINE#         68
  C:6D48H         LINE#         70
  C:6D49H         LINE#         76
  C:6D4CH         LINE#         78
  C:6D4EH         LINE#         79
  C:6D51H         LINE#         80
  C:6D54H         LINE#         82
  C:6D56H         LINE#         85
  C:6D58H         LINE#         86
  C:6D5AH         LINE#         88
  C:6D5BH         LINE#         100
  C:6D5DH         LINE#         101
  C:6D5FH         LINE#         102
  C:6D62H         LINE#         103
  C:6D63H         LINE#         104
  C:6D65H         LINE#         105
  C:6D67H         LINE#         110
  C:6D69H         LINE#         111
  C:6D6AH         LINE#         112
  C:6D6CH         LINE#         113
  C:6D6EH         LINE#         114
  C:6D6FH         LINE#         115
  C:6D70H         LINE#         116
  C:6D72H         LINE#         117
  C:6D74H         LINE#         118
  C:6D75H         LINE#         119
  C:6D76H         LINE#         120
  C:6D78H         LINE#         121
  C:6D7AH         LINE#         122
  C:6D7BH         LINE#         123
  C:6D7CH         LINE#         124
  C:6D7EH         LINE#         125
BL51 BANKED LINKER/LOCATER V6.05                                                      02/15/2017  18:53:02  PAGE 372


  C:6D80H         LINE#         129
  C:6D81H         LINE#         132
  C:6D83H         LINE#         133
  C:6D85H         LINE#         134
  C:6D86H         LINE#         152
  C:6D88H         LINE#         153
  C:6D8AH         LINE#         155
  C:6D8CH         LINE#         156
  C:6D8EH         LINE#         157
  C:6D91H         LINE#         158
  C:6D93H         LINE#         159
  C:6D94H         LINE#         166
  C:6D97H         LINE#         168
  C:6D99H         LINE#         169
  C:6D9BH         LINE#         175
  C:6D9EH         LINE#         177
  C:6D9FH         LINE#         178
  C:6DA1H         LINE#         179
  C:6DA3H         LINE#         180
  C:6DA4H         LINE#         181
  C:6DA6H         LINE#         184
  C:6DA7H         LINE#         185
  C:6DA9H         LINE#         186
  C:6DABH         LINE#         187
  C:6DACH         LINE#         188
  C:6DAEH         LINE#         191
  C:6DB0H         LINE#         195
  C:6DB1H         LINE#         196
  C:6DB2H         LINE#         197
  C:6DB5H         LINE#         201
  C:6DB7H         LINE#         202
  C:6DB9H         LINE#         209
  C:6DBBH         LINE#         210
  C:6DBEH         LINE#         211
  C:6DC0H         LINE#         212
  C:6DC2H         LINE#         219
  C:6DC4H         LINE#         220
  C:6DC6H         LINE#         223
  C:6DC9H         LINE#         224
  C:6DCAH         LINE#         225
  C:6DCBH         LINE#         228
  C:6DCCH         LINE#         229
  C:6DCEH         LINE#         231
  C:6DD1H         LINE#         232
  C:6DD3H         LINE#         233
  C:6DD4H         LINE#         235
  C:6DD5H         LINE#         236
  C:6DD6H         LINE#         237
  C:6DD7H         LINE#         240
  C:6DD8H         LINE#         241
  C:6DDAH         LINE#         243
  C:6DDDH         LINE#         244
  C:6DDFH         LINE#         245
  C:6DE0H         LINE#         247
  C:6DE3H         LINE#         277
  C:6DE5H         LINE#         279
  C:6DE6H         LINE#         282
BL51 BANKED LINKER/LOCATER V6.05                                                      02/15/2017  18:53:02  PAGE 373


  C:6DE8H         LINE#         284
  C:6DE9H         LINE#         289
  C:6DEBH         LINE#         290
  C:6DEDH         LINE#         291
  C:6DF0H         LINE#         292
  C:6DF2H         LINE#         293
  C:6DF3H         LINE#         294
  C:6DF5H         LINE#         301
  C:6DF7H         LINE#         302
  C:6DF9H         LINE#         303
  C:6DFCH         LINE#         304
  C:6DFEH         LINE#         319
  C:6DFFH         LINE#         330
  C:6E02H         LINE#         332
  C:6E04H         LINE#         333
  C:6E07H         LINE#         341
  C:6E0AH         LINE#         343
  C:6E0DH         LINE#         344
  C:6E0EH         LINE#         345
  C:6E10H         LINE#         348
  C:6E13H         LINE#         349
  C:6E15H         LINE#         350
  C:6E16H         LINE#         353
  C:6E18H         LINE#         354
  C:6E1AH         LINE#         355
  C:6E1BH         LINE#         356
  C:6E1DH         LINE#         358
  C:6E1FH         LINE#         361
  C:6E20H         LINE#         362
  C:6E21H         LINE#         365
  C:6E24H         LINE#         366
  C:6E25H         LINE#         367
  C:6E27H         LINE#         370
  C:6E2AH         LINE#         371
  C:6E2CH         LINE#         372
  C:6E2DH         LINE#         375
  C:6E2FH         LINE#         376
  C:6E31H         LINE#         378
  C:6E32H         LINE#         379
  C:6E33H         LINE#         381
  C:6E34H         LINE#         382
  C:6E36H         LINE#         384
  C:6E38H         LINE#         397
  C:6E39H         LINE#         398
  C:6E3AH         LINE#         401
  C:6E3DH         LINE#         405
  C:6E3FH         LINE#         406
  C:6E41H         LINE#         424
  C:6E44H         LINE#         425
  C:6E46H         LINE#         426
  C:6E48H         LINE#         440
  C:6E4AH         LINE#         441
  C:6E4CH         LINE#         450
  C:6E4FH         LINE#         451
  C:6E52H         LINE#         455
  C:6E53H         LINE#         456
  C:6E55H         LINE#         458
BL51 BANKED LINKER/LOCATER V6.05                                                      02/15/2017  18:53:02  PAGE 374


  C:6E58H         LINE#         459
  C:6E5AH         LINE#         460
  C:6E5BH         LINE#         462
  C:6E5CH         LINE#         463
  C:6E5DH         LINE#         464
  C:6E5EH         LINE#         467
  C:6E5FH         LINE#         468
  C:6E61H         LINE#         470
  C:6E64H         LINE#         471
  C:6E66H         LINE#         472
  C:6E67H         LINE#         473
  C:6E69H         LINE#         479
  C:6E6CH         LINE#         480
  C:6E6EH         LINE#         481
  C:6E6FH         LINE#         482
  C:6E71H         LINE#         484
  C:6E74H         LINE#         485
  C:6E76H         LINE#         486
  C:6E77H         LINE#         488
  C:6E78H         LINE#         489
  C:6E79H         LINE#         490
  C:6E7AH         LINE#         494
  C:6E7DH         LINE#         495
  C:6E7FH         LINE#         496
  C:6E80H         LINE#         497
  C:6E82H         LINE#         499
  C:6E85H         LINE#         500
  C:6E87H         LINE#         501
  C:6E88H         LINE#         516
  C:6E89H         LINE#         517
  C:6E8AH         LINE#         518
  C:6E8BH         LINE#         519
  C:6E8CH         LINE#         521
  C:6E8DH         LINE#         522
  C:6E8EH         LINE#         523
  C:6E8FH         LINE#         524
  C:6E90H         LINE#         525
  C:6E91H         LINE#         527
  C:6E94H         LINE#         528
  C:6E96H         LINE#         539
  C:6E97H         LINE#         542
  C:6E99H         LINE#         543
  C:6E9BH         LINE#         545
  C:6E9CH         LINE#         564
  C:6E9DH         LINE#         565
  C:6E9FH         LINE#         566
  C:6EA2H         LINE#         570
  C:6EA3H         LINE#         571
  C:6EA4H         LINE#         572
  C:6EA5H         LINE#         573
  C:6EA6H         LINE#         574
  C:6EA8H         LINE#         575
  C:6EA9H         LINE#         577
  C:6EAAH         LINE#         578
  C:6EABH         LINE#         582
  C:6EAEH         LINE#         583
  C:6EB0H         LINE#         584
BL51 BANKED LINKER/LOCATER V6.05                                                      02/15/2017  18:53:02  PAGE 375


  C:6EB1H         LINE#         586
  C:6EB4H         LINE#         587
  C:6EB6H         LINE#         588
  C:6EB7H         LINE#         590
  C:6EB8H         LINE#         591
  C:6EB9H         LINE#         593
  C:6EBBH         LINE#         609
  C:6EBEH         LINE#         610
  C:6EC0H         LINE#         612
  C:6EC3H         LINE#         613
  C:6EC5H         LINE#         614
  C:6EC6H         LINE#         619
  C:6EC7H         LINE#         620
  C:6EC9H         LINE#         622
  C:6ECCH         LINE#         623
  C:6ECEH         LINE#         624
  C:6ECFH         LINE#         629
  C:6ED0H         LINE#         630
  C:6ED2H         LINE#         632
  C:6ED5H         LINE#         633
  C:6ED7H         LINE#         634
  C:6ED8H         LINE#         635
  C:6ED9H         LINE#         637
  C:6EDCH         LINE#         638
  C:6EDEH         LINE#         639
  C:6EDFH         LINE#         646
  C:6EE0H         LINE#         647
  C:6EE1H         LINE#         649
  C:6EE4H         LINE#         650
  C:6EE6H         LINE#         651
  C:6EE7H         LINE#         653
  C:6EE8H         LINE#         654
  C:6EE9H         LINE#         657
  C:6EECH         LINE#         658
  C:6EEEH         LINE#         659
  C:6EEFH         LINE#         661
  C:6EF0H         LINE#         662
  C:6EF2H         LINE#         664
  C:6EF5H         LINE#         665
  C:6EF7H         LINE#         666
  C:6EF8H         LINE#         667
  C:6EFAH         LINE#         669
  C:6EFDH         LINE#         670
  C:6EFFH         LINE#         671
  C:6F00H         LINE#         694
  C:6F02H         LINE#         696
  C:6F04H         LINE#         697
  C:6F05H         LINE#         699
  C:6F06H         LINE#         700
  C:6F07H         LINE#         701
  C:6F09H         LINE#         702
  C:6F0AH         LINE#         703
  C:6F0CH         LINE#         704
  C:6F0FH         LINE#         705
  C:6F11H         LINE#         706
  C:6F13H         LINE#         711
  C:6F14H         LINE#         712
BL51 BANKED LINKER/LOCATER V6.05                                                      02/15/2017  18:53:02  PAGE 376


  C:6F15H         LINE#         714
  C:6F16H         LINE#         715
  C:6F17H         LINE#         716
  C:6F18H         LINE#         717
  C:6F19H         LINE#         719
  C:6F1CH         LINE#         720
  C:6F1EH         LINE#         721
  C:6F1FH         LINE#         723
  C:6F20H         LINE#         726
  C:6F22H         LINE#         727
  C:6F24H         LINE#         728
  C:6F26H         LINE#         729
  C:6F29H         LINE#         730
  C:6F2BH         LINE#         731
  C:6F2DH         LINE#         732
  C:6F2EH         LINE#         735
  C:6F30H         LINE#         736
  -------         ENDMOD        CONTACTISSUE

Program Size: data=256.0 xdata=256 code=30377
LINK/LOCATE RUN COMPLETE.  0 WARNING(S),  0 ERROR(S)
